Archive member included to satisfy reference by file (symbol)

c:/vsarm/armcc/125863~1.3re/bin/../lib/gcc/arm-none-eabi/12.3.1/thumb/v6-m/nofp\libgcc.a(_dvmd_tls.o)
                              CMakeFiles/AHT20.dir/C_/VSARM/sdk/pico/pico-sdk/src/rp2_common/pico_divider/divider.S.obj (__aeabi_idiv0)
c:/vsarm/armcc/125863~1.3re/bin/../lib/gcc/arm-none-eabi/12.3.1/thumb/v6-m/nofp\libg.a(libc_a-calloc.o)
                              CMakeFiles/AHT20.dir/C_/VSARM/sdk/pico/pico-sdk/src/rp2_common/pico_malloc/pico_malloc.c.obj (calloc)
c:/vsarm/armcc/125863~1.3re/bin/../lib/gcc/arm-none-eabi/12.3.1/thumb/v6-m/nofp\libg.a(libc_a-callocr.o)
                              c:/vsarm/armcc/125863~1.3re/bin/../lib/gcc/arm-none-eabi/12.3.1/thumb/v6-m/nofp\libg.a(libc_a-calloc.o) (_calloc_r)
c:/vsarm/armcc/125863~1.3re/bin/../lib/gcc/arm-none-eabi/12.3.1/thumb/v6-m/nofp\libg.a(libc_a-malloc.o)
                              CMakeFiles/AHT20.dir/C_/VSARM/sdk/pico/pico-sdk/src/rp2_common/pico_malloc/pico_malloc.c.obj (malloc)
c:/vsarm/armcc/125863~1.3re/bin/../lib/gcc/arm-none-eabi/12.3.1/thumb/v6-m/nofp\libg.a(libc_a-mallocr.o)
                              c:/vsarm/armcc/125863~1.3re/bin/../lib/gcc/arm-none-eabi/12.3.1/thumb/v6-m/nofp\libg.a(libc_a-callocr.o) (_malloc_r)
c:/vsarm/armcc/125863~1.3re/bin/../lib/gcc/arm-none-eabi/12.3.1/thumb/v6-m/nofp\libg.a(libc_a-mlock.o)
                              c:/vsarm/armcc/125863~1.3re/bin/../lib/gcc/arm-none-eabi/12.3.1/thumb/v6-m/nofp\libg.a(libc_a-mallocr.o) (__malloc_lock)
c:/vsarm/armcc/125863~1.3re/bin/../lib/gcc/arm-none-eabi/12.3.1/thumb/v6-m/nofp\libg.a(libc_a-realloc.o)
                              CMakeFiles/AHT20.dir/C_/VSARM/sdk/pico/pico-sdk/src/rp2_common/pico_malloc/pico_malloc.c.obj (realloc)
c:/vsarm/armcc/125863~1.3re/bin/../lib/gcc/arm-none-eabi/12.3.1/thumb/v6-m/nofp\libg.a(libc_a-reallocr.o)
                              c:/vsarm/armcc/125863~1.3re/bin/../lib/gcc/arm-none-eabi/12.3.1/thumb/v6-m/nofp\libg.a(libc_a-realloc.o) (_realloc_r)
c:/vsarm/armcc/125863~1.3re/bin/../lib/gcc/arm-none-eabi/12.3.1/thumb/v6-m/nofp\libg.a(libc_a-memmove.o)
                              c:/vsarm/armcc/125863~1.3re/bin/../lib/gcc/arm-none-eabi/12.3.1/thumb/v6-m/nofp\libg.a(libc_a-reallocr.o) (memmove)
c:/vsarm/armcc/125863~1.3re/bin/../lib/gcc/arm-none-eabi/12.3.1/thumb/v6-m/nofp\libg.a(libc_a-impure.o)
                              c:/vsarm/armcc/125863~1.3re/bin/../lib/gcc/arm-none-eabi/12.3.1/thumb/v6-m/nofp\libg.a(libc_a-calloc.o) (_impure_ptr)
c:/vsarm/armcc/125863~1.3re/bin/../lib/gcc/arm-none-eabi/12.3.1/thumb/v6-m/nofp\libg.a(libc_a-sbrkr.o)
                              c:/vsarm/armcc/125863~1.3re/bin/../lib/gcc/arm-none-eabi/12.3.1/thumb/v6-m/nofp\libg.a(libc_a-mallocr.o) (_sbrk_r)
c:/vsarm/armcc/125863~1.3re/bin/../lib/gcc/arm-none-eabi/12.3.1/thumb/v6-m/nofp\libg.a(libc_a-errno.o)
                              c:/vsarm/armcc/125863~1.3re/bin/../lib/gcc/arm-none-eabi/12.3.1/thumb/v6-m/nofp\libg.a(libc_a-callocr.o) (__errno)
c:/vsarm/armcc/125863~1.3re/bin/../lib/gcc/arm-none-eabi/12.3.1/thumb/v6-m/nofp\libg.a(libc_a-init.o)
                              c:/vsarm/armcc/125863~1.3re/bin/../lib/gcc/arm-none-eabi/12.3.1/thumb/v6-m/nofp/crt0.o (__libc_init_array)
c:/vsarm/armcc/125863~1.3re/bin/../lib/gcc/arm-none-eabi/12.3.1/thumb/v6-m/nofp\libg.a(libc_a-lock.o)
                              c:/vsarm/armcc/125863~1.3re/bin/../lib/gcc/arm-none-eabi/12.3.1/thumb/v6-m/nofp\libg.a(libc_a-mlock.o) (__retarget_lock_acquire_recursive)
c:/vsarm/armcc/125863~1.3re/bin/../lib/gcc/arm-none-eabi/12.3.1/thumb/v6-m/nofp\libg.a(libc_a-sysconf.o)
                              c:/vsarm/armcc/125863~1.3re/bin/../lib/gcc/arm-none-eabi/12.3.1/thumb/v6-m/nofp\libg.a(libc_a-mallocr.o) (sysconf)
c:/vsarm/armcc/125863~1.3re/bin/../lib/gcc/arm-none-eabi/12.3.1/thumb/v6-m/nofp\libg.a(libc_a-strlen-stub.o)
                              CMakeFiles/AHT20.dir/C_/VSARM/sdk/pico/pico-sdk/src/rp2_common/pico_stdio/stdio.c.obj (strlen)
c:/vsarm/armcc/125863~1.3re/bin/../lib/gcc/arm-none-eabi/12.3.1/thumb/v6-m/nofp\libg.a(libc_a-freer.o)
                              c:/vsarm/armcc/125863~1.3re/bin/../lib/gcc/arm-none-eabi/12.3.1/thumb/v6-m/nofp\libg.a(libc_a-malloc.o) (_free_r)
c:/vsarm/armcc/125863~1.3re/bin/../lib/gcc/arm-none-eabi/12.3.1/thumb/v6-m/nofp\libg.a(libc_a-findfp.o)
                              c:/vsarm/armcc/125863~1.3re/bin/../lib/gcc/arm-none-eabi/12.3.1/thumb/v6-m/nofp\libg.a(libc_a-impure.o) (__sf)
c:/vsarm/armcc/125863~1.3re/bin/../lib/gcc/arm-none-eabi/12.3.1/thumb/v6-m/nofp\libg.a(libc_a-fwalk.o)
                              c:/vsarm/armcc/125863~1.3re/bin/../lib/gcc/arm-none-eabi/12.3.1/thumb/v6-m/nofp\libg.a(libc_a-findfp.o) (_fwalk_sglue)
c:/vsarm/armcc/125863~1.3re/bin/../lib/gcc/arm-none-eabi/12.3.1/thumb/v6-m/nofp\libg.a(libc_a-stdio.o)
[...]
Memory Configuration

Name             Origin             Length             Attributes
FLASH            0x10000000         0x00200000         xr
RAM              0x20000000         0x00040000         xrw
SCRATCH_X        0x20040000         0x00001000         xrw
SCRATCH_Y        0x20041000         0x00001000         xrw
*default*        0x00000000         0xffffffff

Linker script and memory map

LOAD c:/vsarm/armcc/125863~1.3re/bin/../lib/gcc/arm-none-eabi/12.3.1/thumb/v6-m/nofp/crti.o
LOAD c:/vsarm/armcc/125863~1.3re/bin/../lib/gcc/arm-none-eabi/12.3.1/thumb/v6-m/nofp/crtbegin.o
LOAD c:/vsarm/armcc/125863~1.3re/bin/../lib/gcc/arm-none-eabi/12.3.1/thumb/v6-m/nofp/crt0.o

.flash_begin    0x10000000        0x0
                0x10000000                        __flash_binary_start = .

.boot2          0x10000000      0x100
                0x10000000                        __boot2_start__ = .
 *(.boot2)
 .boot2         0x10000000      0x100 C:\Users\phuon\AppData\Local\Temp\ccCIxGWr.o
                0x10000100                        __boot2_end__ = .
                0x00000001                        ASSERT (((__boot2_end__ - __boot2_start__) == 0x100), ERROR: Pico second stage bootloader must be 256 bytes in size)

.text           0x10000100     0x7138
                0x10000100                        __logical_binary_start = .
 *(.vectors)
 .vectors       0x10000100       0xd4 CMakeFiles/AHT20.dir/C_/VSARM/sdk/pico/pico-sdk/src/rp2_common/pico_standard_link/crt0.S.obj
                0x10000100                __VECTOR_TABLE
                0x10000100                __vectors
                0x100001c0                isr_invalid
                0x100001c0                __default_isrs_start
                0x100001c2                isr_nmi
                0x100001c4                isr_hardfault
                0x100001c6                isr_svcall
                0x100001c8                isr_pendsv
                0x100001ca                isr_systick
                0x100001cc                isr_irq23
                0x100001cc                isr_irq18
                0x100001cc                isr_irq11
                0x100001cc                isr_irq28
                0x100001cc                isr_irq19
                0x100001cc                isr_irq0
                0x100001cc                isr_irq6
                0x100001cc                isr_irq5
                0x100001cc                isr_irq12
                0x100001cc                isr_irq22
                0x100001cc                isr_irq31
                0x100001cc                isr_irq17
                0x100001cc                isr_irq27
                0x100001cc                isr_irq30
                0x100001cc                isr_irq2
                0x100001cc                isr_irq10
                0x100001cc                isr_irq8
                0x100001cc                isr_irq24
                0x100001cc                isr_irq1
                0x100001cc                isr_irq7
                0x100001cc                isr_irq21
                0x100001cc                isr_irq20
                0x100001cc                isr_irq15
                0x100001cc                isr_irq25
                0x100001cc                isr_irq13
                0x100001cc                __unhandled_user_irq
                0x100001cc                isr_irq4
                0x100001cc                isr_irq16
                0x100001cc                isr_irq29
                0x100001cc                isr_irq26
                0x100001cc                __default_isrs_end
                0x100001cc                isr_irq3
                0x100001cc                isr_irq14
                0x100001cc                isr_irq9
                0x100001d2                unhandled_user_irq_num_in_r0
 *(.binary_info_header)
 .binary_info_header
                0x100001d4       0x14 CMakeFiles/AHT20.dir/C_/VSARM/sdk/pico/pico-sdk/src/rp2_common/pico_standard_link/crt0.S.obj
                0x100001e8                        __binary_info_header_end = .
 *(.reset)
 .reset         0x100001e8       0xa0 CMakeFiles/AHT20.dir/C_/VSARM/sdk/pico/pico-sdk/src/rp2_common/pico_standard_link/crt0.S.obj
                0x100001e8                _entry_point
 .reset         0x10000288       0x30 CMakeFiles/AHT20.dir/C_/VSARM/sdk/pico/pico-sdk/src/rp2_common/pico_standard_link/binary_info.c.obj
 *(.init)
 .init          0x100002b8        0x4 c:/vsarm/armcc/125863~1.3re/bin/../lib/gcc/arm-none-eabi/12.3.1/thumb/v6-m/nofp/crti.o
                0x100002b8                _init
 *(EXCLUDE_FILE(*libm.a: *libc.a:*lib_a-mem*.o *libgcc.a:) .text*)
 .text.register_tm_clones
                0x100002bc       0x28 c:/vsarm/armcc/125863~1.3re/bin/../lib/gcc/arm-none-eabi/12.3.1/thumb/v6-m/nofp/crtbegin.o
 .text.frame_dummy
                0x100002e4       0x24 c:/vsarm/armcc/125863~1.3re/bin/../lib/gcc/arm-none-eabi/12.3.1/thumb/v6-m/nofp/crtbegin.o
 .text._Z10aht20_initP8i2c_inst
                0x10000308       0x28 CMakeFiles/AHT20.dir/main.cpp.obj
                0x10000308                aht20_init(i2c_inst*)
 .text._Z10aht20_readP8i2c_instPfS1_
                0x10000330       0xc8 CMakeFiles/AHT20.dir/main.cpp.obj
                0x10000330                aht20_read(i2c_inst*, float*, float*)
 .text.main     0x100003f8       0x7c CMakeFiles/AHT20.dir/main.cpp.obj
                0x100003f8                main
 .text.gpio_set_function
                0x10000474       0x30 CMakeFiles/AHT20.dir/C_/VSARM/sdk/pico/pico-sdk/src/rp2_common/hardware_gpio/gpio.c.obj
                0x10000474                gpio_set_function
 .text.gpio_set_pulls
                0x100004a4       0x34 CMakeFiles/AHT20.dir/C_/VSARM/sdk/pico/pico-sdk/src/rp2_common/hardware_gpio/gpio.c.obj
                0x100004a4                gpio_set_pulls
 .text.running_on_fpga
                0x100004d8       0x14 CMakeFiles/AHT20.dir/C_/VSARM/sdk/pico/pico-sdk/src/rp2_common/pico_platform/platform.c.obj
                0x100004d8                running_on_fpga
 .text.hw_claim_lock
                0x100004ec       0x18 CMakeFiles/AHT20.dir/C_/VSARM/sdk/pico/pico-sdk/src/rp2_common/hardware_claim/claim.c.obj
                0x100004ec                hw_claim_lock
 .text.hw_claim_unlock
                0x10000504       0x14 CMakeFiles/AHT20.dir/C_/VSARM/sdk/pico/pico-sdk/src/rp2_common/hardware_claim/claim.c.obj
                0x10000504                hw_claim_unlock
 .text.hw_claim_or_assert
                0x10000518       0x32 CMakeFiles/AHT20.dir/C_/VSARM/sdk/pico/pico-sdk/src/rp2_common/hardware_claim/claim.c.obj
                0x10000518                hw_claim_or_assert
 .text.hw_claim_unused_from_range
                0x1000054a       0x50 CMakeFiles/AHT20.dir/C_/VSARM/sdk/pico/pico-sdk/src/rp2_common/hardware_claim/claim.c.obj
                0x1000054a                hw_claim_unused_from_range
 *fill*         0x1000059a        0x2 
 .text.spin_locks_reset
                0x1000059c       0x20 CMakeFiles/AHT20.dir/C_/VSARM/sdk/pico/pico-sdk/src/rp2_common/hardware_sync/sync.c.obj
                0x1000059c                spin_locks_reset
 .text.next_striped_spin_lock_num
                0x100005bc       0x1c CMakeFiles/AHT20.dir/C_/VSARM/sdk/pico/pico-sdk/src/rp2_common/hardware_sync/sync.c.obj
                0x100005bc                next_striped_spin_lock_num
 .text.spin_lock_claim_unused
                0x100005d8       0x24 CMakeFiles/AHT20.dir/C_/VSARM/sdk/pico/pico-sdk/src/rp2_common/hardware_sync/sync.c.obj
                0x100005d8                spin_lock_claim_unused
 .text.set_raw_irq_handler_and_unlock
                0x100005fc       0x28 CMakeFiles/AHT20.dir/C_/VSARM/sdk/pico/pico-sdk/src/rp2_common/hardware_irq/irq.c.obj
 .text.resolve_branch
                0x10000624       0x30 CMakeFiles/AHT20.dir/C_/VSARM/sdk/pico/pico-sdk/src/rp2_common/hardware_irq/irq.c.obj
 .text.make_branch
                0x10000654       0x48 CMakeFiles/AHT20.dir/C_/VSARM/sdk/pico/pico-sdk/src/rp2_common/hardware_irq/irq.c.obj
 .text.insert_branch_and_link
                0x1000069c       0x40 CMakeFiles/AHT20.dir/C_/VSARM/sdk/pico/pico-sdk/src/rp2_common/hardware_irq/irq.c.obj
 .text.irq_is_enabled
                0x100006dc       0x18 CMakeFiles/AHT20.dir/C_/VSARM/sdk/pico/pico-sdk/src/rp2_common/hardware_irq/irq.c.obj
                0x100006dc                irq_is_enabled
 .text.irq_set_mask_enabled
                0x100006f4       0x20 CMakeFiles/AHT20.dir/C_/VSARM/sdk/pico/pico-sdk/src/rp2_common/hardware_irq/irq.c.obj
                0x100006f4                irq_set_mask_enabled
 .text.irq_set_enabled
                0x10000714        0xe CMakeFiles/AHT20.dir/C_/VSARM/sdk/pico/pico-sdk/src/rp2_common/hardware_irq/irq.c.obj
                0x10000714                irq_set_enabled
 *fill*         0x10000722        0x2 
 .text.irq_set_pending
                0x10000724       0x10 CMakeFiles/AHT20.dir/C_/VSARM/sdk/pico/pico-sdk/src/rp2_common/hardware_irq/irq.c.obj
                0x10000724                irq_set_pending
 .text.irq_get_vtable_handler
                0x10000734       0x10 CMakeFiles/AHT20.dir/C_/VSARM/sdk/pico/pico-sdk/src/rp2_common/hardware_irq/irq.c.obj
                0x10000734                irq_get_vtable_handler
 .text.irq_has_shared_handler
                0x10000744       0x24 CMakeFiles/AHT20.dir/C_/VSARM/sdk/pico/pico-sdk/src/rp2_common/hardware_irq/irq.c.obj
                0x10000744                irq_has_shared_handler
 .text.irq_set_exclusive_handler
                0x10000768       0x54 CMakeFiles/AHT20.dir/C_/VSARM/sdk/pico/pico-sdk/src/rp2_common/hardware_irq/irq.c.obj
                0x10000768                irq_set_exclusive_handler
 .text.irq_add_shared_handler
                0x100007bc      0x210 CMakeFiles/AHT20.dir/C_/VSARM/sdk/pico/pico-sdk/src/rp2_common/hardware_irq/irq.c.obj
                0x100007bc                irq_add_shared_handler
 .text.irq_remove_handler
                0x100009cc      0x188 CMakeFiles/AHT20.dir/C_/VSARM/sdk/pico/pico-sdk/src/rp2_common/hardware_irq/irq.c.obj
                0x100009cc                irq_remove_handler
 .text.irq_add_tail_to_free_list
                0x10000b54       0xf0 CMakeFiles/AHT20.dir/C_/VSARM/sdk/pico/pico-sdk/src/rp2_common/hardware_irq/irq.c.obj
                0x10000b54                irq_add_tail_to_free_list
 .text.irq_init_priorities
                0x10000c44       0x1c CMakeFiles/AHT20.dir/C_/VSARM/sdk/pico/pico-sdk/src/rp2_common/hardware_irq/irq.c.obj
                0x10000c44                irq_init_priorities
 .text.user_irq_claim_unused
                0x10000c60       0x2c CMakeFiles/AHT20.dir/C_/VSARM/sdk/pico/pico-sdk/src/rp2_common/hardware_irq/irq.c.obj
                0x10000c60                user_irq_claim_unused
 .text.lock_init
                0x10000c8c       0x10 CMakeFiles/AHT20.dir/C_/VSARM/sdk/pico/pico-sdk/src/common/pico_sync/lock_core.c.obj
                0x10000c8c                lock_init
 .text.update_us_since_boot
                0x10000c9c       0x24 CMakeFiles/AHT20.dir/C_/VSARM/sdk/pico/pico-sdk/src/common/pico_sync/mutex.c.obj
 .text.delayed_by_ms
                0x10000cc0       0x44 CMakeFiles/AHT20.dir/C_/VSARM/sdk/pico/pico-sdk/src/common/pico_sync/mutex.c.obj
 .text.get_absolute_time
                0x10000d04       0x22 CMakeFiles/AHT20.dir/C_/VSARM/sdk/pico/pico-sdk/src/common/pico_sync/mutex.c.obj
 .text.make_timeout_time_ms
                0x10000d26       0x20 CMakeFiles/AHT20.dir/C_/VSARM/sdk/pico/pico-sdk/src/common/pico_sync/mutex.c.obj
 .text.mutex_init
                0x10000d46       0x1a CMakeFiles/AHT20.dir/C_/VSARM/sdk/pico/pico-sdk/src/common/pico_sync/mutex.c.obj
                0x10000d46                mutex_init
 .text.recursive_mutex_init
                0x10000d60       0x1e CMakeFiles/AHT20.dir/C_/VSARM/sdk/pico/pico-sdk/src/common/pico_sync/mutex.c.obj
                0x10000d60                recursive_mutex_init
 *fill*         0x10000d7e        0x2 
 .text.critical_section_init_with_lock_num
                0x10000d80       0x14 CMakeFiles/AHT20.dir/C_/VSARM/sdk/pico/pico-sdk/src/common/pico_sync/critical_section.c.obj
                0x10000d80                critical_section_init_with_lock_num
 .text.critical_section_init
                0x10000d94       0x14 CMakeFiles/AHT20.dir/C_/VSARM/sdk/pico/pico-sdk/src/common/pico_sync/critical_section.c.obj
                0x10000d94                critical_section_init
 .text.time_reached
                0x10000da8       0x28 CMakeFiles/AHT20.dir/C_/VSARM/sdk/pico/pico-sdk/src/common/pico_time/time.c.obj
 .text.get_entry
                0x10000dd0       0x38 CMakeFiles/AHT20.dir/C_/VSARM/sdk/pico/pico-sdk/src/common/pico_time/time.c.obj
 .text.timer_pool_entry_comparator
                0x10000e08       0x2e CMakeFiles/AHT20.dir/C_/VSARM/sdk/pico/pico-sdk/src/common/pico_time/time.c.obj
                0x10000e08                timer_pool_entry_comparator
 *fill*         0x10000e36        0x2 
 .text.update_us_since_boot
                0x10000e38       0x24 CMakeFiles/AHT20.dir/C_/VSARM/sdk/pico/pico-sdk/src/common/pico_time/time.c.obj
 .text.delayed_by_us
                0x10000e5c       0x34 CMakeFiles/AHT20.dir/C_/VSARM/sdk/pico/pico-sdk/src/common/pico_time/time.c.obj
 .text.ph_get_node
                0x10000e90       0x30 CMakeFiles/AHT20.dir/C_/VSARM/sdk/pico/pico-sdk/src/common/pico_time/time.c.obj
 .text.ph_contains_node
                0x10000ec0       0x1e CMakeFiles/AHT20.dir/C_/VSARM/sdk/pico/pico-sdk/src/common/pico_time/time.c.obj
 .text.ph_new_node
                0x10000ede       0x28 CMakeFiles/AHT20.dir/C_/VSARM/sdk/pico/pico-sdk/src/common/pico_time/time.c.obj
 *fill*         0x10000f06        0x2 
 .text.ph_add_child_node
                0x10000f08       0x6c CMakeFiles/AHT20.dir/C_/VSARM/sdk/pico/pico-sdk/src/common/pico_time/time.c.obj
 .text.ph_merge_nodes
                0x10000f74       0x3e CMakeFiles/AHT20.dir/C_/VSARM/sdk/pico/pico-sdk/src/common/pico_time/time.c.obj
 *fill*         0x10000fb2        0x2 
 .text.ph_insert_node
                0x10000fb4       0x3c CMakeFiles/AHT20.dir/C_/VSARM/sdk/pico/pico-sdk/src/common/pico_time/time.c.obj
 .text.ph_free_node
                0x10000ff0       0x5c CMakeFiles/AHT20.dir/C_/VSARM/sdk/pico/pico-sdk/src/common/pico_time/time.c.obj
 .text.get_entry_id_high
                0x1000104c       0x30 CMakeFiles/AHT20.dir/C_/VSARM/sdk/pico/pico-sdk/src/common/pico_time/time.c.obj
 .text.alarm_pool_post_alloc_init
                0x1000107c       0x40 CMakeFiles/AHT20.dir/C_/VSARM/sdk/pico/pico-sdk/src/common/pico_time/time.c.obj
 .text.sleep_until_callback
                0x100010bc       0x30 CMakeFiles/AHT20.dir/C_/VSARM/sdk/pico/pico-sdk/src/common/pico_time/time.c.obj
 .text.get_absolute_time
                0x100010ec       0x22 CMakeFiles/AHT20.dir/C_/VSARM/sdk/pico/pico-sdk/src/common/pico_time/time.c.obj
 .text.make_timeout_time_us
                0x1000110e       0x24 CMakeFiles/AHT20.dir/C_/VSARM/sdk/pico/pico-sdk/src/common/pico_time/time.c.obj
 *fill*         0x10001132        0x2 
 .text.add_alarm_under_lock
                0x10001134       0x94 CMakeFiles/AHT20.dir/C_/VSARM/sdk/pico/pico-sdk/src/common/pico_time/time.c.obj
 .text.alarm_pool_alarm_callback
                0x100011c8      0x210 CMakeFiles/AHT20.dir/C_/VSARM/sdk/pico/pico-sdk/src/common/pico_time/time.c.obj
 .text.alarm_pool_init_default
                0x100013d8       0x40 CMakeFiles/AHT20.dir/C_/VSARM/sdk/pico/pico-sdk/src/common/pico_time/time.c.obj
                0x100013d8                alarm_pool_init_default
 .text.alarm_pool_get_default
                0x10001418       0x2c CMakeFiles/AHT20.dir/C_/VSARM/sdk/pico/pico-sdk/src/common/pico_time/time.c.obj
                0x10001418                alarm_pool_get_default
 .text.alarm_pool_add_alarm_at
                0x10001444      0x10e CMakeFiles/AHT20.dir/C_/VSARM/sdk/pico/pico-sdk/src/common/pico_time/time.c.obj
                0x10001444                alarm_pool_add_alarm_at
 .text.add_alarm_at
                0x10001552       0x2e CMakeFiles/AHT20.dir/C_/VSARM/sdk/pico/pico-sdk/src/common/pico_time/time.c.obj
 .text.alarm_pool_cancel_alarm
                0x10001580       0xa8 CMakeFiles/AHT20.dir/C_/VSARM/sdk/pico/pico-sdk/src/common/pico_time/time.c.obj
                0x10001580                alarm_pool_cancel_alarm
 .text.cancel_alarm
                0x10001628       0x10 CMakeFiles/AHT20.dir/C_/VSARM/sdk/pico/pico-sdk/src/common/pico_time/time.c.obj
 .text.alarm_pool_core_num
                0x10001638        0x4 CMakeFiles/AHT20.dir/C_/VSARM/sdk/pico/pico-sdk/src/common/pico_time/time.c.obj
                0x10001638                alarm_pool_core_num
 .text.sleep_until
                0x1000163c       0xb0 CMakeFiles/AHT20.dir/C_/VSARM/sdk/pico/pico-sdk/src/common/pico_time/time.c.obj
                0x1000163c                sleep_until
 .text.sleep_us
                0x100016ec       0x1a CMakeFiles/AHT20.dir/C_/VSARM/sdk/pico/pico-sdk/src/common/pico_time/time.c.obj
                0x100016ec                sleep_us
 .text.sleep_ms
                0x10001706       0x14 CMakeFiles/AHT20.dir/C_/VSARM/sdk/pico/pico-sdk/src/common/pico_time/time.c.obj
                0x10001706                sleep_ms
 *fill*         0x1000171a        0x2 
 .text.best_effort_wfe_or_timeout
                0x1000171c       0x44 CMakeFiles/AHT20.dir/C_/VSARM/sdk/pico/pico-sdk/src/common/pico_time/time.c.obj
                0x1000171c                best_effort_wfe_or_timeout
 .text.hardware_alarm_irq_handler
                0x10001760       0x8c CMakeFiles/AHT20.dir/C_/VSARM/sdk/pico/pico-sdk/src/rp2_common/hardware_timer/timer.c.obj
 .text.hardware_alarm_claim
                0x100017ec       0x18 CMakeFiles/AHT20.dir/C_/VSARM/sdk/pico/pico-sdk/src/rp2_common/hardware_timer/timer.c.obj
                0x100017ec                hardware_alarm_claim
 .text.time_us_64
                0x10001804       0x18 CMakeFiles/AHT20.dir/C_/VSARM/sdk/pico/pico-sdk/src/rp2_common/hardware_timer/timer.c.obj
                0x10001804                time_us_64
 .text.busy_wait_until
                0x1000181c       0x28 CMakeFiles/AHT20.dir/C_/VSARM/sdk/pico/pico-sdk/src/rp2_common/hardware_timer/timer.c.obj
                0x1000181c                busy_wait_until
 .text.hardware_alarm_set_callback
                0x10001844       0x90 CMakeFiles/AHT20.dir/C_/VSARM/sdk/pico/pico-sdk/src/rp2_common/hardware_timer/timer.c.obj
                0x10001844                hardware_alarm_set_callback
 .text.hardware_alarm_set_target
                0x100018d4       0xe8 CMakeFiles/AHT20.dir/C_/VSARM/sdk/pico/pico-sdk/src/rp2_common/hardware_timer/timer.c.obj
                0x100018d4                hardware_alarm_set_target
 .text.hardware_alarm_cancel
                0x100019bc       0x40 CMakeFiles/AHT20.dir/C_/VSARM/sdk/pico/pico-sdk/src/rp2_common/hardware_timer/timer.c.obj
                0x100019bc                hardware_alarm_cancel
 .text.ph_get_node
                0x100019fc       0x30 CMakeFiles/AHT20.dir/C_/VSARM/sdk/pico/pico-sdk/src/common/pico_util/pheap.c.obj
 .text.ph_add_child_node
                0x10001a2c       0x6c CMakeFiles/AHT20.dir/C_/VSARM/sdk/pico/pico-sdk/src/common/pico_util/pheap.c.obj
 .text.ph_merge_nodes
                0x10001a98       0x3e CMakeFiles/AHT20.dir/C_/VSARM/sdk/pico/pico-sdk/src/common/pico_util/pheap.c.obj
 .text.ph_clear
                0x10001ad6       0x34 CMakeFiles/AHT20.dir/C_/VSARM/sdk/pico/pico-sdk/src/common/pico_util/pheap.c.obj
                0x10001ad6                ph_clear
 .text.ph_post_alloc_init
                0x10001b0a        0xe CMakeFiles/AHT20.dir/C_/VSARM/sdk/pico/pico-sdk/src/common/pico_util/pheap.c.obj
                0x10001b0a                ph_post_alloc_init
 .text.ph_merge_two_pass
                0x10001b18       0x5c CMakeFiles/AHT20.dir/C_/VSARM/sdk/pico/pico-sdk/src/common/pico_util/pheap.c.obj
                0x10001b18                ph_merge_two_pass
 .text.ph_remove_any_head
                0x10001b74       0xc0 CMakeFiles/AHT20.dir/C_/VSARM/sdk/pico/pico-sdk/src/common/pico_util/pheap.c.obj
 .text.ph_remove_head
                0x10001c34       0x14 CMakeFiles/AHT20.dir/C_/VSARM/sdk/pico/pico-sdk/src/common/pico_util/pheap.c.obj
                0x10001c34                ph_remove_head
 .text.ph_remove_and_free_node
                0x10001c48       0xa0 CMakeFiles/AHT20.dir/C_/VSARM/sdk/pico/pico-sdk/src/common/pico_util/pheap.c.obj
                0x10001c48                ph_remove_and_free_node
 .text.clock_configure
                0x10001ce8      0x108 CMakeFiles/AHT20.dir/C_/VSARM/sdk/pico/pico-sdk/src/rp2_common/hardware_clocks/clocks.c.obj
                0x10001ce8                clock_configure
 .text.clocks_init
                0x10001df0      0x100 CMakeFiles/AHT20.dir/C_/VSARM/sdk/pico/pico-sdk/src/rp2_common/hardware_clocks/clocks.c.obj
                0x10001df0                clocks_init
 .text.clock_get_hz
                0x10001ef0        0xc CMakeFiles/AHT20.dir/C_/VSARM/sdk/pico/pico-sdk/src/rp2_common/hardware_clocks/clocks.c.obj
                0x10001ef0                clock_get_hz
 .text.pll_init
                0x10001efc      0x120 CMakeFiles/AHT20.dir/C_/VSARM/sdk/pico/pico-sdk/src/rp2_common/hardware_pll/pll.c.obj
                0x10001efc                pll_init
 .text.watchdog_start_tick
                0x1000201c       0x10 CMakeFiles/AHT20.dir/C_/VSARM/sdk/pico/pico-sdk/src/rp2_common/hardware_watchdog/watchdog.c.obj
                0x1000201c                watchdog_start_tick
 .text.watchdog_update
                0x1000202c       0x14 CMakeFiles/AHT20.dir/C_/VSARM/sdk/pico/pico-sdk/src/rp2_common/hardware_watchdog/watchdog.c.obj
                0x1000202c                watchdog_update
 .text._watchdog_enable
                0x10002040       0x78 CMakeFiles/AHT20.dir/C_/VSARM/sdk/pico/pico-sdk/src/rp2_common/hardware_watchdog/watchdog.c.obj
                0x10002040                _watchdog_enable
 .text.watchdog_reboot
                0x100020b8       0x48 CMakeFiles/AHT20.dir/C_/VSARM/sdk/pico/pico-sdk/src/rp2_common/hardware_watchdog/watchdog.c.obj
                0x100020b8                watchdog_reboot
 .text.xosc_init
                0x10002100       0x28 CMakeFiles/AHT20.dir/C_/VSARM/sdk/pico/pico-sdk/src/rp2_common/hardware_xosc/xosc.c.obj
                0x10002100                xosc_init
 .text._exit    0x10002128        0x4 CMakeFiles/AHT20.dir/C_/VSARM/sdk/pico/pico-sdk/src/rp2_common/pico_runtime/runtime.c.obj
                0x10002128                _exit
 .text.exit     0x1000212c        0x6 CMakeFiles/AHT20.dir/C_/VSARM/sdk/pico/pico-sdk/src/rp2_common/pico_runtime/runtime.c.obj
                0x1000212c                exit
 *fill*         0x10002132        0x2 
 .text.__assert_func
                0x10002134       0x38 CMakeFiles/AHT20.dir/C_/VSARM/sdk/pico/pico-sdk/src/rp2_common/pico_runtime/runtime.c.obj
                0x10002134                __assert_func
 .text.runtime_init
                0x1000216c       0xf8 CMakeFiles/AHT20.dir/C_/VSARM/sdk/pico/pico-sdk/src/rp2_common/pico_runtime/runtime.c.obj
                0x1000216c                runtime_init
 .text.panic    0x10002264       0x30 CMakeFiles/AHT20.dir/C_/VSARM/sdk/pico/pico-sdk/src/rp2_common/pico_runtime/runtime.c.obj
                0x10002264                panic
 .text._out_null
                0x10002294        0x2 CMakeFiles/AHT20.dir/C_/VSARM/sdk/pico/pico-sdk/src/rp2_common/pico_printf/printf.c.obj
 .text._out_fct
                0x10002296        0xe CMakeFiles/AHT20.dir/C_/VSARM/sdk/pico/pico-sdk/src/rp2_common/pico_printf/printf.c.obj
 .text._atoi    0x100022a4       0x24 CMakeFiles/AHT20.dir/C_/VSARM/sdk/pico/pico-sdk/src/rp2_common/pico_printf/printf.c.obj
 .text._out_rev
                0x100022c8       0xae CMakeFiles/AHT20.dir/C_/VSARM/sdk/pico/pico-sdk/src/rp2_common/pico_printf/printf.c.obj
 .text._ntoa_format
                0x10002376      0x110 CMakeFiles/AHT20.dir/C_/VSARM/sdk/pico/pico-sdk/src/rp2_common/pico_printf/printf.c.obj
 .text._ntoa_long
                0x10002486       0xbc CMakeFiles/AHT20.dir/C_/VSARM/sdk/pico/pico-sdk/src/rp2_common/pico_printf/printf.c.obj
 .text._ntoa_long_long
                0x10002542      0x10e CMakeFiles/AHT20.dir/C_/VSARM/sdk/pico/pico-sdk/src/rp2_common/pico_printf/printf.c.obj
 .text._etoa    0x10002650      0x420 CMakeFiles/AHT20.dir/C_/VSARM/sdk/pico/pico-sdk/src/rp2_common/pico_printf/printf.c.obj
 .text._ftoa    0x10002a70      0x354 CMakeFiles/AHT20.dir/C_/VSARM/sdk/pico/pico-sdk/src/rp2_common/pico_printf/printf.c.obj
 .text._vsnprintf
                0x10002dc4      0x65c CMakeFiles/AHT20.dir/C_/VSARM/sdk/pico/pico-sdk/src/rp2_common/pico_printf/printf.c.obj
 .text.vfctprintf
                0x10003420       0x20 CMakeFiles/AHT20.dir/C_/VSARM/sdk/pico/pico-sdk/src/rp2_common/pico_printf/printf.c.obj
                0x10003420                vfctprintf
 .text          0x10003440       0x10 CMakeFiles/AHT20.dir/C_/VSARM/sdk/pico/pico-sdk/src/rp2_common/pico_bit_ops/bit_ops_aeabi.S.obj
 .text.rom_func_lookup
                0x10003450       0x10 CMakeFiles/AHT20.dir/C_/VSARM/sdk/pico/pico-sdk/src/rp2_common/pico_bootrom/bootrom.c.obj
                0x10003450                rom_func_lookup
 .text.rom_data_lookup
                0x10003460       0x10 CMakeFiles/AHT20.dir/C_/VSARM/sdk/pico/pico-sdk/src/rp2_common/pico_bootrom/bootrom.c.obj
                0x10003460                rom_data_lookup
 .text.rom_funcs_lookup
                0x10003470       0x36 CMakeFiles/AHT20.dir/C_/VSARM/sdk/pico/pico-sdk/src/rp2_common/pico_bootrom/bootrom.c.obj
                0x10003470                rom_funcs_lookup
 *fill*         0x100034a6        0x2 
 .text.__wrap___aeabi_idiv
                0x100034a8       0x50 CMakeFiles/AHT20.dir/C_/VSARM/sdk/pico/pico-sdk/src/rp2_common/pico_divider/divider.S.obj
                0x100034a8                __wrap___aeabi_idivmod
                0x100034a8                divmod_s32s32
                0x100034a8                div_s32s32
                0x100034a8                __wrap___aeabi_idiv
                0x100034b0                divmod_s32s32_unsafe
                0x100034dc                divmod_s32s32_savestate
 .text.__wrap___aeabi_uidiv
                0x100034f8       0x4c CMakeFiles/AHT20.dir/C_/VSARM/sdk/pico/pico-sdk/src/rp2_common/pico_divider/divider.S.obj
                0x100034f8                __wrap___aeabi_uidiv
                0x100034f8                __wrap___aeabi_uidivmod
                0x100034f8                div_u32u32
                0x100034f8                divmod_u32u32
                0x10003500                divmod_u32u32_unsafe
                0x10003528                divmod_u32u32_savestate
 .text.__wrap___aeabi_ldiv
                0x10003544      0x424 CMakeFiles/AHT20.dir/C_/VSARM/sdk/pico/pico-sdk/src/rp2_common/pico_divider/divider.S.obj
                0x10003544                div_s64s64
                0x10003544                divmod_s64s64
                0x10003544                __wrap___aeabi_ldivmod
                0x10003574                divmod_u64u64
                0x10003574                div_u64u64
                0x10003574                __wrap___aeabi_uldivmod
                0x10003584                divmod_u64u64_savestate
                0x100035a4                divmod_s64s64_unsafe
                0x1000362c                divmod_u64u64_unsafe
 .text.__wrap___aeabi_darithmetic
                0x10003968       0x80 CMakeFiles/AHT20.dir/C_/VSARM/sdk/pico/pico-sdk/src/rp2_common/pico_double/double_aeabi.S.obj
                0x10003968                __wrap___aeabi_drsub
                0x1000396e                __wrap___aeabi_dsub
                0x10003980                __wrap___aeabi_dadd
                0x10003992                __wrap___aeabi_ddiv
                0x100039ce                __wrap___aeabi_dmul
 .text.__wrap___aeabi_cdcmple
                0x100039e8       0x6c CMakeFiles/AHT20.dir/C_/VSARM/sdk/pico/pico-sdk/src/rp2_common/pico_double/double_aeabi.S.obj
                0x100039e8                __wrap___aeabi_cdrcmple
                0x100039f8                __wrap___aeabi_cdcmpeq
                0x100039f8                __wrap___aeabi_cdcmple
 .text.__wrap___aeabi_dcmplt
                0x10003a54        0xc CMakeFiles/AHT20.dir/C_/VSARM/sdk/pico/pico-sdk/src/rp2_common/pico_double/double_aeabi.S.obj
                0x10003a54                __wrap___aeabi_dcmplt
 .text.__wrap___aeabi_dcmple
                0x10003a60       0x10 CMakeFiles/AHT20.dir/C_/VSARM/sdk/pico/pico-sdk/src/rp2_common/pico_double/double_aeabi.S.obj
                0x10003a60                __wrap___aeabi_dcmple
 .text.__wrap___aeabi_dcmpge
                0x10003a70       0x10 CMakeFiles/AHT20.dir/C_/VSARM/sdk/pico/pico-sdk/src/rp2_common/pico_double/double_aeabi.S.obj
                0x10003a70                __wrap___aeabi_dcmpge
 .text.__wrap___aeabi_dcmpgt
                0x10003a80        0xa CMakeFiles/AHT20.dir/C_/VSARM/sdk/pico/pico-sdk/src/rp2_common/pico_double/double_aeabi.S.obj
                0x10003a80                __wrap___aeabi_dcmpgt
 .text.__wrap___aeabi_dcmpun
                0x10003a8a       0x1c CMakeFiles/AHT20.dir/C_/VSARM/sdk/pico/pico-sdk/src/rp2_common/pico_double/double_aeabi.S.obj
                0x10003a8a                __wrap___aeabi_dcmpun
 *fill*         0x10003aa6        0x2 
 .text.__wrap___aeabi_i2d
                0x10003aa8       0x38 CMakeFiles/AHT20.dir/C_/VSARM/sdk/pico/pico-sdk/src/rp2_common/pico_double/double_aeabi.S.obj
                0x10003aa8                __wrap___aeabi_ui2d
                0x10003ab0                __wrap___aeabi_i2d
 .text.__wrap___aeabi_d2iz
                0x10003ae0       0x48 CMakeFiles/AHT20.dir/C_/VSARM/sdk/pico/pico-sdk/src/rp2_common/pico_double/double_aeabi.S.obj
                0x10003ae0                double2int_z
                0x10003ae0                __wrap___aeabi_d2iz
 .text.__wrap___aeabi_d2uiz
                0x10003b28       0x18 CMakeFiles/AHT20.dir/C_/VSARM/sdk/pico/pico-sdk/src/rp2_common/pico_double/double_aeabi.S.obj
                0x10003b28                __wrap___aeabi_d2uiz
                0x10003b28                double2uint
 .text.__wrap___aeabi_d2f
                0x10003b40       0x18 CMakeFiles/AHT20.dir/C_/VSARM/sdk/pico/pico-sdk/src/rp2_common/pico_double/double_aeabi.S.obj
                0x10003b40                __wrap___aeabi_d2f
 .text.__aeabi_double_init
                0x10003b58       0xcc CMakeFiles/AHT20.dir/C_/VSARM/sdk/pico/pico-sdk/src/rp2_common/pico_double/double_init_rom.c.obj
                0x10003b58                __aeabi_double_init
 .text.double_table_shim_on_use_helper
                0x10003c24       0x34 CMakeFiles/AHT20.dir/C_/VSARM/sdk/pico/pico-sdk/src/rp2_common/pico_double/double_v1_rom_shim.S.obj
                0x10003c24                double_table_shim_on_use_helper
 .text.__wrap___aeabi_dsub
                0x10003c58       0x10 CMakeFiles/AHT20.dir/C_/VSARM/sdk/pico/pico-sdk/src/rp2_common/pico_double/double_v1_rom_shim.S.obj
                0x10003c58                drsub_shim
                0x10003c5e                dsub_shim
 .text.dadd_shim
                0x10003c68      0x15c CMakeFiles/AHT20.dir/C_/VSARM/sdk/pico/pico-sdk/src/rp2_common/pico_double/double_v1_rom_shim.S.obj
                0x10003c68                dadd_shim
 .text.dmul_shim
                0x10003dc4      0x15c CMakeFiles/AHT20.dir/C_/VSARM/sdk/pico/pico-sdk/src/rp2_common/pico_double/double_v1_rom_shim.S.obj
                0x10003dc4                dmul_shim
 .text.ddiv_shim
                0x10003f20      0x1b0 CMakeFiles/AHT20.dir/C_/VSARM/sdk/pico/pico-sdk/src/rp2_common/pico_double/double_v1_rom_shim.S.obj
                0x10003f20                ddiv_shim
 .text.double2uint_shim
                0x100040d0        0xe CMakeFiles/AHT20.dir/C_/VSARM/sdk/pico/pico-sdk/src/rp2_common/pico_double/double_v1_rom_shim.S.obj
                0x100040d0                double2uint_shim
                0x100040d2                double2ufix_shim
 *fill*         0x100040de        0x2 
 .text.double2uint64_shim
                0x100040e0       0x70 CMakeFiles/AHT20.dir/C_/VSARM/sdk/pico/pico-sdk/src/rp2_common/pico_double/double_v1_rom_shim.S.obj
                0x100040e0                double2uint64_shim
                0x100040e2                double2ufix64_shim
                0x10004102                d2fix_a
 .text.double2float_shim
                0x10004150       0x5c CMakeFiles/AHT20.dir/C_/VSARM/sdk/pico/pico-sdk/src/rp2_common/pico_double/double_v1_rom_shim.S.obj
                0x10004150                double2float_shim
 .text.dunpacks
                0x100041ac       0x3c CMakeFiles/AHT20.dir/C_/VSARM/sdk/pico/pico-sdk/src/rp2_common/pico_double/double_v1_rom_shim.S.obj
                0x100041ac                dunpacks
 .text.__aeabi_lmul
                0x100041e8       0x32 CMakeFiles/AHT20.dir/C_/VSARM/sdk/pico/pico-sdk/src/rp2_common/pico_int64_ops/pico_int64_ops_aeabi.S.obj
                0x100041e8                __wrap___aeabi_lmul
 *fill*         0x1000421a        0x2 
 .text.__wrap___aeabi_i2f
                0x1000421c       0x44 CMakeFiles/AHT20.dir/C_/VSARM/sdk/pico/pico-sdk/src/rp2_common/pico_float/float_aeabi.S.obj
                0x1000421c                __wrap___aeabi_i2f
 .text.__wrap___aeabi_f2d
                0x10004260       0x14 CMakeFiles/AHT20.dir/C_/VSARM/sdk/pico/pico-sdk/src/rp2_common/pico_float/float_aeabi.S.obj
                0x10004260                __wrap___aeabi_f2d
 .text.__aeabi_float_init
                0x10004274       0xfc CMakeFiles/AHT20.dir/C_/VSARM/sdk/pico/pico-sdk/src/rp2_common/pico_float/float_init_rom.c.obj
                0x10004274                __aeabi_float_init
 .text.float_table_shim_on_use_helper
                0x10004370       0x34 CMakeFiles/AHT20.dir/C_/VSARM/sdk/pico/pico-sdk/src/rp2_common/pico_float/float_v1_rom_shim.S.obj
                0x10004370                float_table_shim_on_use_helper
 .text.float2double_shim
                0x100043a4       0x30 CMakeFiles/AHT20.dir/C_/VSARM/sdk/pico/pico-sdk/src/rp2_common/pico_float/float_v1_rom_shim.S.obj
                0x100043a4                float2double_shim
 .text          0x100043d4       0x10 CMakeFiles/AHT20.dir/C_/VSARM/sdk/pico/pico-sdk/src/rp2_common/pico_mem_ops/mem_ops_aeabi.S.obj
                0x100043d4                __aeabi_mem_init
 .text.memset   0x100043e4        0xc CMakeFiles/AHT20.dir/C_/VSARM/sdk/pico/pico-sdk/src/rp2_common/pico_mem_ops/mem_ops_aeabi.S.obj
                0x100043e4                __wrap_memset
 .text.memcpy   0x100043f0        0xc CMakeFiles/AHT20.dir/C_/VSARM/sdk/pico/pico-sdk/src/rp2_common/pico_mem_ops/mem_ops_aeabi.S.obj
                0x100043f0                __wrap_memcpy
                0x100043f0                __wrap___aeabi_memcpy
 .text.stdio_out_chars_no_crlf
                0x100043fc        0xe CMakeFiles/AHT20.dir/C_/VSARM/sdk/pico/pico-sdk/src/rp2_common/pico_stdio/stdio.c.obj
 *fill*         0x1000440a        0x2 
 .text.stdio_out_chars_crlf
                0x1000440c       0x80 CMakeFiles/AHT20.dir/C_/VSARM/sdk/pico/pico-sdk/src/rp2_common/pico_stdio/stdio.c.obj
 .text.stdio_stack_buffer_flush
                0x1000448c       0x44 CMakeFiles/AHT20.dir/C_/VSARM/sdk/pico/pico-sdk/src/rp2_common/pico_stdio/stdio.c.obj
 .text.stdio_buffered_printer
                0x100044d0       0x20 CMakeFiles/AHT20.dir/C_/VSARM/sdk/pico/pico-sdk/src/rp2_common/pico_stdio/stdio.c.obj
 .text.update_us_since_boot
                0x100044f0       0x24 CMakeFiles/AHT20.dir/C_/VSARM/sdk/pico/pico-sdk/src/rp2_common/pico_stdio/stdio.c.obj
 .text.get_absolute_time
                0x10004514       0x22 CMakeFiles/AHT20.dir/C_/VSARM/sdk/pico/pico-sdk/src/rp2_common/pico_stdio/stdio.c.obj
 *fill*         0x10004536        0x2 
 .text.delayed_by_ms
                0x10004538       0x44 CMakeFiles/AHT20.dir/C_/VSARM/sdk/pico/pico-sdk/src/rp2_common/pico_stdio/stdio.c.obj
 .text.make_timeout_time_ms
                0x1000457c       0x20 CMakeFiles/AHT20.dir/C_/VSARM/sdk/pico/pico-sdk/src/rp2_common/pico_stdio/stdio.c.obj
 .text.stdout_serialize_begin
                0x1000459c       0x20 CMakeFiles/AHT20.dir/C_/VSARM/sdk/pico/pico-sdk/src/rp2_common/pico_stdio/stdio.c.obj
                0x1000459c                stdout_serialize_begin
 .text.stdout_serialize_end
                0x100045bc       0x10 CMakeFiles/AHT20.dir/C_/VSARM/sdk/pico/pico-sdk/src/rp2_common/pico_stdio/stdio.c.obj
                0x100045bc                stdout_serialize_end
 .text.stdio_put_string
                0x100045cc       0x98 CMakeFiles/AHT20.dir/C_/VSARM/sdk/pico/pico-sdk/src/rp2_common/pico_stdio/stdio.c.obj
 .text.stdio_set_driver_enabled
                0x10004664       0x2c CMakeFiles/AHT20.dir/C_/VSARM/sdk/pico/pico-sdk/src/rp2_common/pico_stdio/stdio.c.obj
                0x10004664                stdio_set_driver_enabled
 .text.stdio_flush
                0x10004690       0x20 CMakeFiles/AHT20.dir/C_/VSARM/sdk/pico/pico-sdk/src/rp2_common/pico_stdio/stdio.c.obj
                0x10004690                stdio_flush
 .text.__wrap_puts
                0x100046b0       0x1e CMakeFiles/AHT20.dir/C_/VSARM/sdk/pico/pico-sdk/src/rp2_common/pico_stdio/stdio.c.obj
                0x100046b0                __wrap_puts
 *fill*         0x100046ce        0x2 
 .text.__wrap_vprintf
                0x100046d0       0x40 CMakeFiles/AHT20.dir/C_/VSARM/sdk/pico/pico-sdk/src/rp2_common/pico_stdio/stdio.c.obj
                0x100046d0                __wrap_vprintf
 .text.__wrap_printf
                0x10004710       0x18 CMakeFiles/AHT20.dir/C_/VSARM/sdk/pico/pico-sdk/src/rp2_common/pico_stdio/stdio.c.obj
                0x10004710                __wrap_printf
 .text.stdio_init_all
                0x10004728        0x8 CMakeFiles/AHT20.dir/C_/VSARM/sdk/pico/pico-sdk/src/rp2_common/pico_stdio/stdio.c.obj
                0x10004728                stdio_init_all
 .text.resetd_init
                0x10004730        0x2 CMakeFiles/AHT20.dir/C_/VSARM/sdk/pico/pico-sdk/src/rp2_common/pico_stdio_usb/reset_interface.c.obj
 *fill*         0x10004732        0x2 
 .text.resetd_reset
                0x10004734        0xc CMakeFiles/AHT20.dir/C_/VSARM/sdk/pico/pico-sdk/src/rp2_common/pico_stdio_usb/reset_interface.c.obj
 .text.resetd_open
                0x10004740       0x34 CMakeFiles/AHT20.dir/C_/VSARM/sdk/pico/pico-sdk/src/rp2_common/pico_stdio_usb/reset_interface.c.obj
 .text.resetd_xfer_cb
                0x10004774        0x4 CMakeFiles/AHT20.dir/C_/VSARM/sdk/pico/pico-sdk/src/rp2_common/pico_stdio_usb/reset_interface.c.obj
 .text.reset_usb_boot
                0x10004778       0x18 CMakeFiles/AHT20.dir/C_/VSARM/sdk/pico/pico-sdk/src/rp2_common/pico_stdio_usb/reset_interface.c.obj
 .text.resetd_control_xfer_cb
                0x10004790       0x5c CMakeFiles/AHT20.dir/C_/VSARM/sdk/pico/pico-sdk/src/rp2_common/pico_stdio_usb/reset_interface.c.obj
 .text.usbd_app_driver_get_cb
                0x100047ec        0xc CMakeFiles/AHT20.dir/C_/VSARM/sdk/pico/pico-sdk/src/rp2_common/pico_stdio_usb/reset_interface.c.obj
                0x100047ec                usbd_app_driver_get_cb
 .text.tud_cdc_line_coding_cb
                0x100047f8       0x28 CMakeFiles/AHT20.dir/C_/VSARM/sdk/pico/pico-sdk/src/rp2_common/pico_stdio_usb/reset_interface.c.obj
                0x100047f8                tud_cdc_line_coding_cb
 .text.stdio_usb_set_chars_available_callback
                0x10004820       0x14 CMakeFiles/AHT20.dir/C_/VSARM/sdk/pico/pico-sdk/src/rp2_common/pico_stdio_usb/stdio_usb.c.obj
                0x10004820                stdio_usb_set_chars_available_callback
 .text.update_us_since_boot
                0x10004834       0x24 CMakeFiles/AHT20.dir/C_/VSARM/sdk/pico/pico-sdk/src/rp2_common/pico_stdio_usb/stdio_usb.c.obj
 .text.get_absolute_time
                0x10004858       0x22 CMakeFiles/AHT20.dir/C_/VSARM/sdk/pico/pico-sdk/src/rp2_common/pico_stdio_usb/stdio_usb.c.obj
 *fill*         0x1000487a        0x2 
 .text.delayed_by_ms
                0x1000487c       0x44 CMakeFiles/AHT20.dir/C_/VSARM/sdk/pico/pico-sdk/src/rp2_common/pico_stdio_usb/stdio_usb.c.obj
 .text.make_timeout_time_ms
                0x100048c0       0x20 CMakeFiles/AHT20.dir/C_/VSARM/sdk/pico/pico-sdk/src/rp2_common/pico_stdio_usb/stdio_usb.c.obj
 .text.delayed_by_us
                0x100048e0       0x34 CMakeFiles/AHT20.dir/C_/VSARM/sdk/pico/pico-sdk/src/rp2_common/pico_stdio_usb/stdio_usb.c.obj
 .text.usb_irq  0x10004914       0x10 CMakeFiles/AHT20.dir/C_/VSARM/sdk/pico/pico-sdk/src/rp2_common/pico_stdio_usb/stdio_usb.c.obj
 .text.critical_section_enter_blocking
                0x10004924       0x16 CMakeFiles/AHT20.dir/C_/VSARM/sdk/pico/pico-sdk/src/rp2_common/pico_stdio_usb/stdio_usb.c.obj
 *fill*         0x1000493a        0x2 
 .text.timer_task
                0x1000493c       0x4c CMakeFiles/AHT20.dir/C_/VSARM/sdk/pico/pico-sdk/src/rp2_common/pico_stdio_usb/stdio_usb.c.obj
 .text.alarm_pool_add_alarm_in_us
                0x10004988       0x3a CMakeFiles/AHT20.dir/C_/VSARM/sdk/pico/pico-sdk/src/rp2_common/pico_stdio_usb/stdio_usb.c.obj
 .text.add_alarm_in_us
                0x100049c2       0x2e CMakeFiles/AHT20.dir/C_/VSARM/sdk/pico/pico-sdk/src/rp2_common/pico_stdio_usb/stdio_usb.c.obj
 .text.low_priority_worker_irq
                0x100049f0       0x7c CMakeFiles/AHT20.dir/C_/VSARM/sdk/pico/pico-sdk/src/rp2_common/pico_stdio_usb/stdio_usb.c.obj
 .text.tud_cdc_rx_cb
                0x10004a6c       0x20 CMakeFiles/AHT20.dir/C_/VSARM/sdk/pico/pico-sdk/src/rp2_common/pico_stdio_usb/stdio_usb.c.obj
                0x10004a6c                tud_cdc_rx_cb
 .text.stdio_usb_init
                0x10004a8c       0xd0 CMakeFiles/AHT20.dir/C_/VSARM/sdk/pico/pico-sdk/src/rp2_common/pico_stdio_usb/stdio_usb.c.obj
                0x10004a8c                stdio_usb_init
 .text.stdio_usb_connected
                0x10004b5c        0xa CMakeFiles/AHT20.dir/C_/VSARM/sdk/pico/pico-sdk/src/rp2_common/pico_stdio_usb/stdio_usb.c.obj
                0x10004b5c                stdio_usb_connected
 *fill*         0x10004b66        0x2 
 .text.stdio_usb_in_chars
                0x10004b68       0x88 CMakeFiles/AHT20.dir/C_/VSARM/sdk/pico/pico-sdk/src/rp2_common/pico_stdio_usb/stdio_usb.c.obj
                0x10004b68                stdio_usb_in_chars
 .text.stdio_usb_out_chars
                0x10004bf0       0xd8 CMakeFiles/AHT20.dir/C_/VSARM/sdk/pico/pico-sdk/src/rp2_common/pico_stdio_usb/stdio_usb.c.obj
 .text.tud_descriptor_device_cb
                0x10004cc8        0x8 CMakeFiles/AHT20.dir/C_/VSARM/sdk/pico/pico-sdk/src/rp2_common/pico_stdio_usb/stdio_usb_descriptors.c.obj
                0x10004cc8                tud_descriptor_device_cb
 .text.tud_descriptor_configuration_cb
                0x10004cd0        0x8 CMakeFiles/AHT20.dir/C_/VSARM/sdk/pico/pico-sdk/src/rp2_common/pico_stdio_usb/stdio_usb_descriptors.c.obj
                0x10004cd0                tud_descriptor_configuration_cb
 .text.tud_descriptor_string_cb
                0x10004cd8       0x6c CMakeFiles/AHT20.dir/C_/VSARM/sdk/pico/pico-sdk/src/rp2_common/pico_stdio_usb/stdio_usb_descriptors.c.obj
                0x10004cd8                tud_descriptor_string_cb
 .text._retrieve_unique_id_on_boot
                0x10004d44       0x10 CMakeFiles/AHT20.dir/C_/VSARM/sdk/pico/pico-sdk/src/rp2_common/pico_unique_id/unique_id.c.obj
 .text.pico_get_unique_board_id_string
                0x10004d54       0x5c CMakeFiles/AHT20.dir/C_/VSARM/sdk/pico/pico-sdk/src/rp2_common/pico_unique_id/unique_id.c.obj
                0x10004d54                pico_get_unique_board_id_string
 .text.flash_get_unique_id
                0x10004db0       0x46 CMakeFiles/AHT20.dir/C_/VSARM/sdk/pico/pico-sdk/src/rp2_common/hardware_flash/flash.c.obj
                0x10004db0                flash_get_unique_id
 *fill*         0x10004df6        0x2 
 .text.hw_endpoint_get_by_addr
                0x10004df8       0x18 CMakeFiles/AHT20.dir/C_/VSARM/sdk/pico/pico-sdk/lib/tinyusb/src/portable/raspberrypi/rp2040/dcd_rp2040.c.obj
 .text._hw_endpoint_alloc
                0x10004e10       0x70 CMakeFiles/AHT20.dir/C_/VSARM/sdk/pico/pico-sdk/lib/tinyusb/src/portable/raspberrypi/rp2040/dcd_rp2040.c.obj
 .text.hw_endpoint_init
                0x10004e80       0x88 CMakeFiles/AHT20.dir/C_/VSARM/sdk/pico/pico-sdk/lib/tinyusb/src/portable/raspberrypi/rp2040/dcd_rp2040.c.obj
 .text.dcd_event_sof
                0x10004f08       0x2c CMakeFiles/AHT20.dir/C_/VSARM/sdk/pico/pico-sdk/lib/tinyusb/src/portable/raspberrypi/rp2040/dcd_rp2040.c.obj
 .text.hw_endpoint_xfer
                0x10004f34       0x14 CMakeFiles/AHT20.dir/C_/VSARM/sdk/pico/pico-sdk/lib/tinyusb/src/portable/raspberrypi/rp2040/dcd_rp2040.c.obj
 .text.dcd_int_enable
                0x10004f48       0x2c CMakeFiles/AHT20.dir/C_/VSARM/sdk/pico/pico-sdk/lib/tinyusb/src/portable/raspberrypi/rp2040/dcd_rp2040.c.obj
                0x10004f48                dcd_int_enable
 .text.dcd_set_address
                0x10004f74       0x2c CMakeFiles/AHT20.dir/C_/VSARM/sdk/pico/pico-sdk/lib/tinyusb/src/portable/raspberrypi/rp2040/dcd_rp2040.c.obj
                0x10004f74                dcd_set_address
 .text.dcd_connect
                0x10004fa0       0x10 CMakeFiles/AHT20.dir/C_/VSARM/sdk/pico/pico-sdk/lib/tinyusb/src/portable/raspberrypi/rp2040/dcd_rp2040.c.obj
                0x10004fa0                dcd_connect
 .text.dcd_init
                0x10004fb0       0x80 CMakeFiles/AHT20.dir/C_/VSARM/sdk/pico/pico-sdk/lib/tinyusb/src/portable/raspberrypi/rp2040/dcd_rp2040.c.obj
                0x10004fb0                dcd_init
 .text.dcd_edpt0_status_complete
                0x10005030       0x1c CMakeFiles/AHT20.dir/C_/VSARM/sdk/pico/pico-sdk/lib/tinyusb/src/portable/raspberrypi/rp2040/dcd_rp2040.c.obj
                0x10005030                dcd_edpt0_status_complete
 .text.dcd_edpt_open
                0x1000504c       0x40 CMakeFiles/AHT20.dir/C_/VSARM/sdk/pico/pico-sdk/lib/tinyusb/src/portable/raspberrypi/rp2040/dcd_rp2040.c.obj
                0x1000504c                dcd_edpt_open
 .text.dcd_edpt_close_all
                0x1000508c        0x8 CMakeFiles/AHT20.dir/C_/VSARM/sdk/pico/pico-sdk/lib/tinyusb/src/portable/raspberrypi/rp2040/dcd_rp2040.c.obj
                0x1000508c                dcd_edpt_close_all
 .text.dcd_edpt_xfer
                0x10005094       0x34 CMakeFiles/AHT20.dir/C_/VSARM/sdk/pico/pico-sdk/lib/tinyusb/src/portable/raspberrypi/rp2040/dcd_rp2040.c.obj
                0x10005094                dcd_edpt_xfer
 .text.dcd_edpt_stall
                0x100050c8       0x2c CMakeFiles/AHT20.dir/C_/VSARM/sdk/pico/pico-sdk/lib/tinyusb/src/portable/raspberrypi/rp2040/dcd_rp2040.c.obj
                0x100050c8                dcd_edpt_stall
 .text.dcd_edpt_clear_stall
                0x100050f4       0x20 CMakeFiles/AHT20.dir/C_/VSARM/sdk/pico/pico-sdk/lib/tinyusb/src/portable/raspberrypi/rp2040/dcd_rp2040.c.obj
                0x100050f4                dcd_edpt_clear_stall
 .text.rp2040_usb_init
                0x10005114       0x4c CMakeFiles/AHT20.dir/C_/VSARM/sdk/pico/pico-sdk/lib/tinyusb/src/portable/raspberrypi/rp2040/rp2040_usb.c.obj
                0x10005114                rp2040_usb_init
 .text.hw_endpoint_xfer_start
                0x10005160       0x50 CMakeFiles/AHT20.dir/C_/VSARM/sdk/pico/pico-sdk/lib/tinyusb/src/portable/raspberrypi/rp2040/rp2040_usb.c.obj
                0x10005160                hw_endpoint_xfer_start
 .text.configuration_reset
                0x100051b0       0x84 CMakeFiles/AHT20.dir/C_/VSARM/sdk/pico/pico-sdk/lib/tinyusb/src/device/usbd.c.obj
 .text.critical_section_enter_blocking
                0x10005234       0x16 CMakeFiles/AHT20.dir/C_/VSARM/sdk/pico/pico-sdk/lib/tinyusb/src/device/usbd.c.obj
 .text.usbd_reset
                0x1000524a        0xc CMakeFiles/AHT20.dir/C_/VSARM/sdk/pico/pico-sdk/lib/tinyusb/src/device/usbd.c.obj
 .text.invoke_class_control
                0x10005256       0x1a CMakeFiles/AHT20.dir/C_/VSARM/sdk/pico/pico-sdk/lib/tinyusb/src/device/usbd.c.obj
 .text.process_set_config
                0x10005270      0x178 CMakeFiles/AHT20.dir/C_/VSARM/sdk/pico/pico-sdk/lib/tinyusb/src/device/usbd.c.obj
 .text.process_get_descriptor
                0x100053e8       0xdc CMakeFiles/AHT20.dir/C_/VSARM/sdk/pico/pico-sdk/lib/tinyusb/src/device/usbd.c.obj
 .text.tud_mounted
                0x100054c4       0x10 CMakeFiles/AHT20.dir/C_/VSARM/sdk/pico/pico-sdk/lib/tinyusb/src/device/usbd.c.obj
                0x100054c4                tud_mounted
 .text.tud_suspended
                0x100054d4       0x10 CMakeFiles/AHT20.dir/C_/VSARM/sdk/pico/pico-sdk/lib/tinyusb/src/device/usbd.c.obj
                0x100054d4                tud_suspended
 .text.tud_inited
                0x100054e4       0x14 CMakeFiles/AHT20.dir/C_/VSARM/sdk/pico/pico-sdk/lib/tinyusb/src/device/usbd.c.obj
                0x100054e4                tud_inited
 .text.tud_init
                0x100054f8       0xcc CMakeFiles/AHT20.dir/C_/VSARM/sdk/pico/pico-sdk/lib/tinyusb/src/device/usbd.c.obj
                0x100054f8                tud_init
 .text.usbd_defer_func
                0x100055c4       0x2a CMakeFiles/AHT20.dir/C_/VSARM/sdk/pico/pico-sdk/lib/tinyusb/src/device/usbd.c.obj
                0x100055c4                usbd_defer_func
 *fill*         0x100055ee        0x2 
 .text.usbd_edpt_open
                0x100055f0       0x34 CMakeFiles/AHT20.dir/C_/VSARM/sdk/pico/pico-sdk/lib/tinyusb/src/device/usbd.c.obj
                0x100055f0                usbd_edpt_open
 .text.usbd_open_edpt_pair
                0x10005624       0x62 CMakeFiles/AHT20.dir/C_/VSARM/sdk/pico/pico-sdk/lib/tinyusb/src/device/usbd.c.obj
                0x10005624                usbd_open_edpt_pair
 *fill*         0x10005686        0x2 
 .text.usbd_edpt_claim
                0x10005688       0x28 CMakeFiles/AHT20.dir/C_/VSARM/sdk/pico/pico-sdk/lib/tinyusb/src/device/usbd.c.obj
                0x10005688                usbd_edpt_claim
 .text.usbd_edpt_release
                0x100056b0       0x28 CMakeFiles/AHT20.dir/C_/VSARM/sdk/pico/pico-sdk/lib/tinyusb/src/device/usbd.c.obj
                0x100056b0                usbd_edpt_release
 .text.usbd_edpt_xfer
                0x100056d8       0x78 CMakeFiles/AHT20.dir/C_/VSARM/sdk/pico/pico-sdk/lib/tinyusb/src/device/usbd.c.obj
                0x100056d8                usbd_edpt_xfer
 .text.usbd_edpt_stall
                0x10005750       0x48 CMakeFiles/AHT20.dir/C_/VSARM/sdk/pico/pico-sdk/lib/tinyusb/src/device/usbd.c.obj
                0x10005750                usbd_edpt_stall
 .text.usbd_edpt_clear_stall
                0x10005798       0x48 CMakeFiles/AHT20.dir/C_/VSARM/sdk/pico/pico-sdk/lib/tinyusb/src/device/usbd.c.obj
                0x10005798                usbd_edpt_clear_stall
 .text.usbd_edpt_stalled
                0x100057e0       0x1c CMakeFiles/AHT20.dir/C_/VSARM/sdk/pico/pico-sdk/lib/tinyusb/src/device/usbd.c.obj
                0x100057e0                usbd_edpt_stalled
 .text.process_control_request
                0x100057fc      0x374 CMakeFiles/AHT20.dir/C_/VSARM/sdk/pico/pico-sdk/lib/tinyusb/src/device/usbd.c.obj
 .text.tud_task_ext
                0x10005b70      0x1a8 CMakeFiles/AHT20.dir/C_/VSARM/sdk/pico/pico-sdk/lib/tinyusb/src/device/usbd.c.obj
                0x10005b70                tud_task_ext
 .text._status_stage_xact
                0x10005d18       0x1a CMakeFiles/AHT20.dir/C_/VSARM/sdk/pico/pico-sdk/lib/tinyusb/src/device/usbd_control.c.obj
 *fill*         0x10005d32        0x2 
 .text._data_stage_xact
                0x10005d34       0x58 CMakeFiles/AHT20.dir/C_/VSARM/sdk/pico/pico-sdk/lib/tinyusb/src/device/usbd_control.c.obj
 .text.tud_control_status
                0x10005d8c       0x28 CMakeFiles/AHT20.dir/C_/VSARM/sdk/pico/pico-sdk/lib/tinyusb/src/device/usbd_control.c.obj
                0x10005d8c                tud_control_status
 .text.tud_control_xfer
                0x10005db4       0x68 CMakeFiles/AHT20.dir/C_/VSARM/sdk/pico/pico-sdk/lib/tinyusb/src/device/usbd_control.c.obj
                0x10005db4                tud_control_xfer
 .text.usbd_control_reset
                0x10005e1c       0x14 CMakeFiles/AHT20.dir/C_/VSARM/sdk/pico/pico-sdk/lib/tinyusb/src/device/usbd_control.c.obj
                0x10005e1c                usbd_control_reset
 .text.usbd_control_set_complete_callback
                0x10005e30        0xc CMakeFiles/AHT20.dir/C_/VSARM/sdk/pico/pico-sdk/lib/tinyusb/src/device/usbd_control.c.obj
                0x10005e30                usbd_control_set_complete_callback
 .text.usbd_control_set_request
                0x10005e3c       0x1c CMakeFiles/AHT20.dir/C_/VSARM/sdk/pico/pico-sdk/lib/tinyusb/src/device/usbd_control.c.obj
                0x10005e3c                usbd_control_set_request
 .text.usbd_control_xfer_cb
                0x10005e58       0xbc CMakeFiles/AHT20.dir/C_/VSARM/sdk/pico/pico-sdk/lib/tinyusb/src/device/usbd_control.c.obj
                0x10005e58                usbd_control_xfer_cb
 .text._prep_out_transaction
                0x10005f14       0x4a CMakeFiles/AHT20.dir/C_/VSARM/sdk/pico/pico-sdk/lib/tinyusb/src/class/cdc/cdc_device.c.obj
 *fill*         0x10005f5e        0x2 
 .text.tud_cdc_n_connected
                0x10005f60       0x38 CMakeFiles/AHT20.dir/C_/VSARM/sdk/pico/pico-sdk/lib/tinyusb/src/class/cdc/cdc_device.c.obj
                0x10005f60                tud_cdc_n_connected
 .text.tud_cdc_n_available
                0x10005f98       0x18 CMakeFiles/AHT20.dir/C_/VSARM/sdk/pico/pico-sdk/lib/tinyusb/src/class/cdc/cdc_device.c.obj
                0x10005f98                tud_cdc_n_available
 .text.tud_cdc_n_read
                0x10005fb0       0x28 CMakeFiles/AHT20.dir/C_/VSARM/sdk/pico/pico-sdk/lib/tinyusb/src/class/cdc/cdc_device.c.obj
                0x10005fb0                tud_cdc_n_read
 .text.tud_cdc_n_write_flush
                0x10005fd8       0xb8 CMakeFiles/AHT20.dir/C_/VSARM/sdk/pico/pico-sdk/lib/tinyusb/src/class/cdc/cdc_device.c.obj
                0x10005fd8                tud_cdc_n_write_flush
 .text.tud_cdc_n_write
                0x10006090       0x38 CMakeFiles/AHT20.dir/C_/VSARM/sdk/pico/pico-sdk/lib/tinyusb/src/class/cdc/cdc_device.c.obj
                0x10006090                tud_cdc_n_write
 .text.tud_cdc_n_write_available
                0x100060c8       0x1c CMakeFiles/AHT20.dir/C_/VSARM/sdk/pico/pico-sdk/lib/tinyusb/src/class/cdc/cdc_device.c.obj
                0x100060c8                tud_cdc_n_write_available
 .text.cdcd_init
                0x100060e4       0xbc CMakeFiles/AHT20.dir/C_/VSARM/sdk/pico/pico-sdk/lib/tinyusb/src/class/cdc/cdc_device.c.obj
                0x100060e4                cdcd_init
 .text.cdcd_reset
                0x100061a0       0x44 CMakeFiles/AHT20.dir/C_/VSARM/sdk/pico/pico-sdk/lib/tinyusb/src/class/cdc/cdc_device.c.obj
                0x100061a0                cdcd_reset
 .text.cdcd_open
                0x100061e4       0xc4 CMakeFiles/AHT20.dir/C_/VSARM/sdk/pico/pico-sdk/lib/tinyusb/src/class/cdc/cdc_device.c.obj
                0x100061e4                cdcd_open
 .text.cdcd_control_xfer_cb
                0x100062a8      0x134 CMakeFiles/AHT20.dir/C_/VSARM/sdk/pico/pico-sdk/lib/tinyusb/src/class/cdc/cdc_device.c.obj
                0x100062a8                cdcd_control_xfer_cb
 .text.cdcd_xfer_cb
                0x100063dc      0x130 CMakeFiles/AHT20.dir/C_/VSARM/sdk/pico/pico-sdk/lib/tinyusb/src/class/cdc/cdc_device.c.obj
                0x100063dc                cdcd_xfer_cb
 .text.tusb_init
                0x1000650c        0xa CMakeFiles/AHT20.dir/C_/VSARM/sdk/pico/pico-sdk/lib/tinyusb/src/tusb.c.obj
                0x1000650c                tusb_init
 .text.tusb_inited
                0x10006516        0xe CMakeFiles/AHT20.dir/C_/VSARM/sdk/pico/pico-sdk/lib/tinyusb/src/tusb.c.obj
                0x10006516                tusb_inited
 .text.tu_edpt_claim
                0x10006524       0x50 CMakeFiles/AHT20.dir/C_/VSARM/sdk/pico/pico-sdk/lib/tinyusb/src/tusb.c.obj
                0x10006524                tu_edpt_claim
 .text.tu_edpt_release
                0x10006574       0x38 CMakeFiles/AHT20.dir/C_/VSARM/sdk/pico/pico-sdk/lib/tinyusb/src/tusb.c.obj
                0x10006574                tu_edpt_release
 .text.tu_edpt_validate
                0x100065ac       0x78 CMakeFiles/AHT20.dir/C_/VSARM/sdk/pico/pico-sdk/lib/tinyusb/src/tusb.c.obj
                0x100065ac                tu_edpt_validate
 .text.tu_edpt_bind_driver
                0x10006624       0x26 CMakeFiles/AHT20.dir/C_/VSARM/sdk/pico/pico-sdk/lib/tinyusb/src/tusb.c.obj
                0x10006624                tu_edpt_bind_driver
 .text.advance_index
                0x1000664a       0x1a CMakeFiles/AHT20.dir/C_/VSARM/sdk/pico/pico-sdk/lib/tinyusb/src/common/tusb_fifo.c.obj
 .text._tu_fifo_peek
                0x10006664       0x56 CMakeFiles/AHT20.dir/C_/VSARM/sdk/pico/pico-sdk/lib/tinyusb/src/common/tusb_fifo.c.obj
 .text._ff_pull_const_addr
                0x100066ba       0x4c CMakeFiles/AHT20.dir/C_/VSARM/sdk/pico/pico-sdk/lib/tinyusb/src/common/tusb_fifo.c.obj
 .text._ff_pull_n
                0x10006706      0x110 CMakeFiles/AHT20.dir/C_/VSARM/sdk/pico/pico-sdk/lib/tinyusb/src/common/tusb_fifo.c.obj
 .text._tu_fifo_peek_n
                0x10006816       0x6a CMakeFiles/AHT20.dir/C_/VSARM/sdk/pico/pico-sdk/lib/tinyusb/src/common/tusb_fifo.c.obj
 .text._tu_fifo_read_n
                0x10006880       0x4e CMakeFiles/AHT20.dir/C_/VSARM/sdk/pico/pico-sdk/lib/tinyusb/src/common/tusb_fifo.c.obj
 .text._ff_push_const_addr
                0x100068ce       0x40 CMakeFiles/AHT20.dir/C_/VSARM/sdk/pico/pico-sdk/lib/tinyusb/src/common/tusb_fifo.c.obj
 .text._ff_push_n
                0x1000690e      0x10c CMakeFiles/AHT20.dir/C_/VSARM/sdk/pico/pico-sdk/lib/tinyusb/src/common/tusb_fifo.c.obj
 .text._tu_fifo_write_n
                0x10006a1a       0xf0 CMakeFiles/AHT20.dir/C_/VSARM/sdk/pico/pico-sdk/lib/tinyusb/src/common/tusb_fifo.c.obj
 .text.tu_fifo_config
                0x10006b0a       0x7c CMakeFiles/AHT20.dir/C_/VSARM/sdk/pico/pico-sdk/lib/tinyusb/src/common/tusb_fifo.c.obj
                0x10006b0a                tu_fifo_config
 .text.tu_fifo_count
                0x10006b86       0x2a CMakeFiles/AHT20.dir/C_/VSARM/sdk/pico/pico-sdk/lib/tinyusb/src/common/tusb_fifo.c.obj
                0x10006b86                tu_fifo_count
 .text.tu_fifo_empty
                0x10006bb0        0xe CMakeFiles/AHT20.dir/C_/VSARM/sdk/pico/pico-sdk/lib/tinyusb/src/common/tusb_fifo.c.obj
                0x10006bb0                tu_fifo_empty
 .text.tu_fifo_full
                0x10006bbe       0x28 CMakeFiles/AHT20.dir/C_/VSARM/sdk/pico/pico-sdk/lib/tinyusb/src/common/tusb_fifo.c.obj
                0x10006bbe                tu_fifo_full
 .text.tu_fifo_remaining
                0x10006be6       0x2c CMakeFiles/AHT20.dir/C_/VSARM/sdk/pico/pico-sdk/lib/tinyusb/src/common/tusb_fifo.c.obj
                0x10006be6                tu_fifo_remaining
 .text.tu_fifo_read
                0x10006c12       0x42 CMakeFiles/AHT20.dir/C_/VSARM/sdk/pico/pico-sdk/lib/tinyusb/src/common/tusb_fifo.c.obj
                0x10006c12                tu_fifo_read
 .text.tu_fifo_read_n
                0x10006c54        0xa CMakeFiles/AHT20.dir/C_/VSARM/sdk/pico/pico-sdk/lib/tinyusb/src/common/tusb_fifo.c.obj
                0x10006c54                tu_fifo_read_n
 .text.tu_fifo_write
                0x10006c5e       0x64 CMakeFiles/AHT20.dir/C_/VSARM/sdk/pico/pico-sdk/lib/tinyusb/src/common/tusb_fifo.c.obj
                0x10006c5e                tu_fifo_write
 .text.tu_fifo_write_n
                0x10006cc2        0xa CMakeFiles/AHT20.dir/C_/VSARM/sdk/pico/pico-sdk/lib/tinyusb/src/common/tusb_fifo.c.obj
                0x10006cc2                tu_fifo_write_n
 .text.tu_fifo_clear
                0x10006ccc       0x3e CMakeFiles/AHT20.dir/C_/VSARM/sdk/pico/pico-sdk/lib/tinyusb/src/common/tusb_fifo.c.obj
                0x10006ccc                tu_fifo_clear
 .text.tu_fifo_set_overwritable
                0x10006d0a       0x46 CMakeFiles/AHT20.dir/C_/VSARM/sdk/pico/pico-sdk/lib/tinyusb/src/common/tusb_fifo.c.obj
                0x10006d0a                tu_fifo_set_overwritable
 .text.i2c_write_blocking_internal
                0x10006d50      0x146 CMakeFiles/AHT20.dir/C_/VSARM/sdk/pico/pico-sdk/src/rp2_common/hardware_i2c/i2c.c.obj
 .text.i2c_read_blocking_internal
                0x10006e96       0xe6 CMakeFiles/AHT20.dir/C_/VSARM/sdk/pico/pico-sdk/src/rp2_common/hardware_i2c/i2c.c.obj
 .text.i2c_set_baudrate
                0x10006f7c       0xf0 CMakeFiles/AHT20.dir/C_/VSARM/sdk/pico/pico-sdk/src/rp2_common/hardware_i2c/i2c.c.obj
                0x10006f7c                i2c_set_baudrate
 .text.i2c_init
                0x1000706c       0x58 CMakeFiles/AHT20.dir/C_/VSARM/sdk/pico/pico-sdk/src/rp2_common/hardware_i2c/i2c.c.obj
                0x1000706c                i2c_init
 .text.i2c_write_blocking
                0x100070c4       0x18 CMakeFiles/AHT20.dir/C_/VSARM/sdk/pico/pico-sdk/src/rp2_common/hardware_i2c/i2c.c.obj
                0x100070c4                i2c_write_blocking
 .text.i2c_read_blocking
                0x100070dc       0x18 CMakeFiles/AHT20.dir/C_/VSARM/sdk/pico/pico-sdk/src/rp2_common/hardware_i2c/i2c.c.obj
                0x100070dc                i2c_read_blocking
 .text.strlen   0x100070f4       0x5c c:/vsarm/armcc/125863~1.3re/bin/../lib/gcc/arm-none-eabi/12.3.1/thumb/v6-m/nofp\libg.a(libc_a-strlen-stub.o)
                0x100070f4                strlen
 *(.fini)
 .fini          0x10007150        0x4 c:/vsarm/armcc/125863~1.3re/bin/../lib/gcc/arm-none-eabi/12.3.1/thumb/v6-m/nofp/crti.o
                0x10007150                _fini
 *fill*         0x10007154        0x4 
 .fini.__stub   0x10007158       0xe0 linker stubs
 *crtbegin.o(.ctors)
 *crtbegin?.o(.ctors)
 *(EXCLUDE_FILE(*crtend.o *crtend?.o) .ctors)
 *(SORT_BY_NAME(.ctors.*))
 *(.ctors)
 *crtbegin.o(.dtors)
 *crtbegin?.o(.dtors)
 *(EXCLUDE_FILE(*crtend.o *crtend?.o) .dtors)
 *(SORT_BY_NAME(.dtors.*))
 *(.dtors)
 *(.eh_frame*)
 .eh_frame      0x10007238        0x0 c:/vsarm/armcc/125863~1.3re/bin/../lib/gcc/arm-none-eabi/12.3.1/thumb/v6-m/nofp/crtbegin.o
                0x10007238                        . = ALIGN (0x4)

.glue_7         0x10007238        0x0
 .glue_7        0x10007238        0x0 linker stubs

.glue_7t        0x10007238        0x0
 .glue_7t       0x10007238        0x0 linker stubs

.vfp11_veneer   0x10007238        0x0
 .vfp11_veneer  0x10007238        0x0 linker stubs

.v4_bx          0x10007238        0x0
 .v4_bx         0x10007238        0x0 linker stubs

.iplt           0x10007238        0x0
 .iplt          0x10007238        0x0 c:/vsarm/armcc/125863~1.3re/bin/../lib/gcc/arm-none-eabi/12.3.1/thumb/v6-m/nofp/crtbegin.o

.rodata         0x10007238     0x15a4
 *(EXCLUDE_FILE(*libm.a: *libc.a:*lib_a-mem*.o *libgcc.a:) .rodata*)
 .rodata._Z10aht20_initP8i2c_inst.str1.4
                0x10007238        0x3 CMakeFiles/AHT20.dir/main.cpp.obj
 *fill*         0x1000723b        0x1 
 .rodata._Z10aht20_readP8i2c_instPfS1_.str1.4
                0x1000723c        0x3 CMakeFiles/AHT20.dir/main.cpp.obj
 *fill*         0x1000723f        0x1 
 .rodata.main.str1.4
                0x10007240       0x28 CMakeFiles/AHT20.dir/main.cpp.obj
 .rodata.spin_lock_claim_unused.str1.4
                0x10007268       0x1b CMakeFiles/AHT20.dir/C_/VSARM/sdk/pico/pico-sdk/src/rp2_common/hardware_sync/sync.c.obj
 *fill*         0x10007283        0x1 
 .rodata.resolve_branch.str1.4
                0x10007284       0x55 CMakeFiles/AHT20.dir/C_/VSARM/sdk/pico/pico-sdk/src/rp2_common/hardware_irq/irq.c.obj
 *fill*         0x100072d9        0x3 
 .rodata.make_branch.str1.4
                0x100072dc       0x30 CMakeFiles/AHT20.dir/C_/VSARM/sdk/pico/pico-sdk/src/rp2_common/hardware_irq/irq.c.obj
 .rodata.insert_branch_and_link.str1.4
                0x1000730c       0x10 CMakeFiles/AHT20.dir/C_/VSARM/sdk/pico/pico-sdk/src/rp2_common/hardware_irq/irq.c.obj
 .rodata.irq_set_exclusive_handler.str1.4
                0x1000731c       0x36 CMakeFiles/AHT20.dir/C_/VSARM/sdk/pico/pico-sdk/src/rp2_common/hardware_irq/irq.c.obj
 *fill*         0x10007352        0x2 
 .rodata.irq_add_shared_handler.str1.4
                0x10007354       0xc2 CMakeFiles/AHT20.dir/C_/VSARM/sdk/pico/pico-sdk/src/rp2_common/hardware_irq/irq.c.obj
 *fill*         0x10007416        0x2 
 .rodata.irq_remove_handler.str1.4
                0x10007418       0x3a CMakeFiles/AHT20.dir/C_/VSARM/sdk/pico/pico-sdk/src/rp2_common/hardware_irq/irq.c.obj
 *fill*         0x10007452        0x2 
 .rodata.irq_add_tail_to_free_list.str1.4
                0x10007454       0x3a CMakeFiles/AHT20.dir/C_/VSARM/sdk/pico/pico-sdk/src/rp2_common/hardware_irq/irq.c.obj
 *fill*         0x1000748e        0x2 
 .rodata.user_irq_claim_unused.str1.4
                0x10007490       0x1b CMakeFiles/AHT20.dir/C_/VSARM/sdk/pico/pico-sdk/src/rp2_common/hardware_irq/irq.c.obj
 *fill*         0x100074ab        0x1 
 .rodata.__func__.0
                0x100074ac       0x1a CMakeFiles/AHT20.dir/C_/VSARM/sdk/pico/pico-sdk/src/rp2_common/hardware_irq/irq.c.obj
 *fill*         0x100074c6        0x2 
 .rodata.__func__.1
                0x100074c8       0x17 CMakeFiles/AHT20.dir/C_/VSARM/sdk/pico/pico-sdk/src/rp2_common/hardware_irq/irq.c.obj
 *fill*         0x100074df        0x1 
 .rodata.__func__.2
                0x100074e0       0x13 CMakeFiles/AHT20.dir/C_/VSARM/sdk/pico/pico-sdk/src/rp2_common/hardware_irq/irq.c.obj
 *fill*         0x100074f3        0x1 
 .rodata.__func__.3
                0x100074f4        0xc CMakeFiles/AHT20.dir/C_/VSARM/sdk/pico/pico-sdk/src/rp2_common/hardware_irq/irq.c.obj
 .rodata.__func__.4
                0x10007500        0xf CMakeFiles/AHT20.dir/C_/VSARM/sdk/pico/pico-sdk/src/rp2_common/hardware_irq/irq.c.obj
 *fill*         0x1000750f        0x1 
 .rodata.__func__.5
                0x10007510       0x17 CMakeFiles/AHT20.dir/C_/VSARM/sdk/pico/pico-sdk/src/rp2_common/hardware_irq/irq.c.obj
 *fill*         0x10007527        0x1 
 .rodata.__func__.6
                0x10007528       0x1a CMakeFiles/AHT20.dir/C_/VSARM/sdk/pico/pico-sdk/src/rp2_common/hardware_irq/irq.c.obj
 *fill*         0x10007542        0x2 
 .rodata.update_us_since_boot.str1.4
                0x10007544       0x61 CMakeFiles/AHT20.dir/C_/VSARM/sdk/pico/pico-sdk/src/common/pico_sync/mutex.c.obj
 *fill*         0x100075a5        0x3 
 .rodata.str1.4
                0x100075a8       0x89 CMakeFiles/AHT20.dir/C_/VSARM/sdk/pico/pico-sdk/src/common/pico_sync/mutex.c.obj
 *fill*         0x10007631        0x3 
 .rodata.__func__.1
                0x10007634        0xb CMakeFiles/AHT20.dir/C_/VSARM/sdk/pico/pico-sdk/src/common/pico_sync/mutex.c.obj
 *fill*         0x1000763f        0x1 
 .rodata.__func__.3
                0x10007640       0x18 CMakeFiles/AHT20.dir/C_/VSARM/sdk/pico/pico-sdk/src/common/pico_sync/mutex.c.obj
 .rodata.__func__.4
                0x10007658       0x15 CMakeFiles/AHT20.dir/C_/VSARM/sdk/pico/pico-sdk/src/common/pico_sync/mutex.c.obj
 *fill*         0x1000766d        0x3 
 .rodata.get_entry.str1.4
                0x10007670       0x5b CMakeFiles/AHT20.dir/C_/VSARM/sdk/pico/pico-sdk/src/common/pico_time/time.c.obj
 .rodata.update_us_since_boot.str1.4
                0x100076cb       0x61 CMakeFiles/AHT20.dir/C_/VSARM/sdk/pico/pico-sdk/src/common/pico_time/time.c.obj
 *fill*         0x100076cb        0x1 
 .rodata.ph_get_node.str1.4
                0x100076cc       0x66 CMakeFiles/AHT20.dir/C_/VSARM/sdk/pico/pico-sdk/src/common/pico_time/time.c.obj
 *fill*         0x10007732        0x2 
 .rodata.ph_add_child_node.str1.4
                0x10007734       0x2e CMakeFiles/AHT20.dir/C_/VSARM/sdk/pico/pico-sdk/src/common/pico_time/time.c.obj
 *fill*         0x10007762        0x2 
 .rodata.ph_insert_node.str1.4
                0x10007764        0x3 CMakeFiles/AHT20.dir/C_/VSARM/sdk/pico/pico-sdk/src/common/pico_time/time.c.obj
 *fill*         0x10007767        0x1 
 .rodata.ph_free_node.str1.4
                0x10007768       0x38 CMakeFiles/AHT20.dir/C_/VSARM/sdk/pico/pico-sdk/src/common/pico_time/time.c.obj
 .rodata.add_alarm_under_lock.str1.4
                0x100077a0       0x28 CMakeFiles/AHT20.dir/C_/VSARM/sdk/pico/pico-sdk/src/common/pico_time/time.c.obj
 .rodata.alarm_pool_alarm_callback.str1.4
                0x100077c8       0x60 CMakeFiles/AHT20.dir/C_/VSARM/sdk/pico/pico-sdk/src/common/pico_time/time.c.obj
 .rodata.alarm_pool_get_default.str1.4
                0x10007828       0x21 CMakeFiles/AHT20.dir/C_/VSARM/sdk/pico/pico-sdk/src/common/pico_time/time.c.obj
 *fill*         0x10007849        0x3 
 .rodata.alarm_pool_cancel_alarm.str1.4
                0x1000784c       0x27 CMakeFiles/AHT20.dir/C_/VSARM/sdk/pico/pico-sdk/src/common/pico_time/time.c.obj
 *fill*         0x10007873        0x1 
 .rodata.sleep_until.str1.4
                0x10007874       0x4d CMakeFiles/AHT20.dir/C_/VSARM/sdk/pico/pico-sdk/src/common/pico_time/time.c.obj
 *fill*         0x100078c1        0x3 
 .rodata.__func__.1
                0x100078c4       0x18 CMakeFiles/AHT20.dir/C_/VSARM/sdk/pico/pico-sdk/src/common/pico_time/time.c.obj
 .rodata.__func__.3
                0x100078dc       0x17 CMakeFiles/AHT20.dir/C_/VSARM/sdk/pico/pico-sdk/src/common/pico_time/time.c.obj
 *fill*         0x100078f3        0x1 
 .rodata.__func__.4
                0x100078f4       0x12 CMakeFiles/AHT20.dir/C_/VSARM/sdk/pico/pico-sdk/src/common/pico_time/time.c.obj
 *fill*         0x10007906        0x2 
 .rodata.__func__.5
                0x10007908        0xd CMakeFiles/AHT20.dir/C_/VSARM/sdk/pico/pico-sdk/src/common/pico_time/time.c.obj
 *fill*         0x10007915        0x3 
 .rodata.__func__.6
                0x10007918       0x12 CMakeFiles/AHT20.dir/C_/VSARM/sdk/pico/pico-sdk/src/common/pico_time/time.c.obj
 *fill*         0x1000792a        0x2 
 .rodata.__func__.7
                0x1000792c        0xf CMakeFiles/AHT20.dir/C_/VSARM/sdk/pico/pico-sdk/src/common/pico_time/time.c.obj
 *fill*         0x1000793b        0x1 
 .rodata.__func__.8
                0x1000793c        0xc CMakeFiles/AHT20.dir/C_/VSARM/sdk/pico/pico-sdk/src/common/pico_time/time.c.obj
 .rodata.__func__.9
                0x10007948       0x15 CMakeFiles/AHT20.dir/C_/VSARM/sdk/pico/pico-sdk/src/common/pico_time/time.c.obj
 *fill*         0x1000795d        0x3 
 .rodata.__func__.10
                0x10007960       0x15 CMakeFiles/AHT20.dir/C_/VSARM/sdk/pico/pico-sdk/src/common/pico_time/time.c.obj
 *fill*         0x10007975        0x3 
 .rodata.__func__.11
                0x10007978       0x1a CMakeFiles/AHT20.dir/C_/VSARM/sdk/pico/pico-sdk/src/common/pico_time/time.c.obj
 *fill*         0x10007992        0x2 
 .rodata.__func__.12
                0x10007994        0xa CMakeFiles/AHT20.dir/C_/VSARM/sdk/pico/pico-sdk/src/common/pico_time/time.c.obj
 *fill*         0x1000799e        0x2 
 .rodata.hardware_alarm_claim.str1.4
                0x100079a0       0x22 CMakeFiles/AHT20.dir/C_/VSARM/sdk/pico/pico-sdk/src/rp2_common/hardware_timer/timer.c.obj
 *fill*         0x100079c2        0x2 
 .rodata.hardware_alarm_set_target.str1.4
                0x100079c4       0x65 CMakeFiles/AHT20.dir/C_/VSARM/sdk/pico/pico-sdk/src/rp2_common/hardware_timer/timer.c.obj
 *fill*         0x10007a29        0x3 
 .rodata.__func__.0
                0x10007a2c       0x1a CMakeFiles/AHT20.dir/C_/VSARM/sdk/pico/pico-sdk/src/rp2_common/hardware_timer/timer.c.obj
 .rodata.ph_get_node.str1.4
                0x10007a46       0x66 CMakeFiles/AHT20.dir/C_/VSARM/sdk/pico/pico-sdk/src/common/pico_util/pheap.c.obj
 .rodata.ph_add_child_node.str1.4
                0x10007a46       0x2e CMakeFiles/AHT20.dir/C_/VSARM/sdk/pico/pico-sdk/src/common/pico_util/pheap.c.obj
 *fill*         0x10007a46        0x2 
 .rodata.ph_remove_any_head.str1.4
                0x10007a48       0x8c CMakeFiles/AHT20.dir/C_/VSARM/sdk/pico/pico-sdk/src/common/pico_util/pheap.c.obj
                                 0xa0 (size before relaxing)
 .rodata.ph_remove_and_free_node.str1.4
                0x10007ad4       0x1e CMakeFiles/AHT20.dir/C_/VSARM/sdk/pico/pico-sdk/src/common/pico_util/pheap.c.obj
                                 0x26 (size before relaxing)
 *fill*         0x10007af2        0x2 
 .rodata.__func__.0
                0x10007af4       0x18 CMakeFiles/AHT20.dir/C_/VSARM/sdk/pico/pico-sdk/src/common/pico_util/pheap.c.obj
 .rodata.__func__.1
                0x10007b0c       0x13 CMakeFiles/AHT20.dir/C_/VSARM/sdk/pico/pico-sdk/src/common/pico_util/pheap.c.obj
 *fill*         0x10007b1f        0x1 
 .rodata.__func__.2
                0x10007b20       0x12 CMakeFiles/AHT20.dir/C_/VSARM/sdk/pico/pico-sdk/src/common/pico_util/pheap.c.obj
 *fill*         0x10007b32        0x2 
 .rodata.__func__.3
                0x10007b34        0xc CMakeFiles/AHT20.dir/C_/VSARM/sdk/pico/pico-sdk/src/common/pico_util/pheap.c.obj
 .rodata.clock_configure.str1.4
                0x10007b40       0x57 CMakeFiles/AHT20.dir/C_/VSARM/sdk/pico/pico-sdk/src/rp2_common/hardware_clocks/clocks.c.obj
 *fill*         0x10007b97        0x1 
 .rodata.__func__.1
                0x10007b98       0x10 CMakeFiles/AHT20.dir/C_/VSARM/sdk/pico/pico-sdk/src/rp2_common/hardware_clocks/clocks.c.obj
 .rodata.pll_init.str1.4
                0x10007ba8      0x124 CMakeFiles/AHT20.dir/C_/VSARM/sdk/pico/pico-sdk/src/rp2_common/hardware_pll/pll.c.obj
 .rodata.__func__.0
                0x10007ccc        0x9 CMakeFiles/AHT20.dir/C_/VSARM/sdk/pico/pico-sdk/src/rp2_common/hardware_pll/pll.c.obj
 *fill*         0x10007cd5        0x3 
 .rodata.__assert_func.str1.4
                0x10007cd8       0x3f CMakeFiles/AHT20.dir/C_/VSARM/sdk/pico/pico-sdk/src/rp2_common/pico_runtime/runtime.c.obj
                                 0x43 (size before relaxing)
 *fill*         0x10007d17        0x1 
 .rodata.runtime_init.str1.4
                0x10007d18       0x61 CMakeFiles/AHT20.dir/C_/VSARM/sdk/pico/pico-sdk/src/rp2_common/pico_runtime/runtime.c.obj
 *fill*         0x10007d79        0x3 
 .rodata.panic.str1.4
                0x10007d7c       0x12 CMakeFiles/AHT20.dir/C_/VSARM/sdk/pico/pico-sdk/src/rp2_common/pico_runtime/runtime.c.obj
 *fill*         0x10007d8e        0x2 
 .rodata.__func__.2
                0x10007d90        0xd CMakeFiles/AHT20.dir/C_/VSARM/sdk/pico/pico-sdk/src/rp2_common/pico_runtime/runtime.c.obj
 *fill*         0x10007d9d        0x3 
 .rodata._ftoa.str1.4
                0x10007da0       0x15 CMakeFiles/AHT20.dir/C_/VSARM/sdk/pico/pico-sdk/src/rp2_common/pico_printf/printf.c.obj
 *fill*         0x10007db5        0x3 
 .rodata._vsnprintf
                0x10007db8      0x19c CMakeFiles/AHT20.dir/C_/VSARM/sdk/pico/pico-sdk/src/rp2_common/pico_printf/printf.c.obj
 *fill*         0x10007f54        0x4 
 .rodata.pow10.0
                0x10007f58       0x50 CMakeFiles/AHT20.dir/C_/VSARM/sdk/pico/pico-sdk/src/rp2_common/pico_printf/printf.c.obj
 .rodata.__aeabi_double_init.str1.4
                0x10007fa8       0x9c CMakeFiles/AHT20.dir/C_/VSARM/sdk/pico/pico-sdk/src/rp2_common/pico_double/double_init_rom.c.obj
 .rodata.__func__.0
                0x10008044       0x14 CMakeFiles/AHT20.dir/C_/VSARM/sdk/pico/pico-sdk/src/rp2_common/pico_double/double_init_rom.c.obj
 .rodata.__aeabi_float_init.str1.4
                0x10008058       0x7a CMakeFiles/AHT20.dir/C_/VSARM/sdk/pico/pico-sdk/src/rp2_common/pico_float/float_init_rom.c.obj
                                 0x7e (size before relaxing)
 *fill*         0x100080d2        0x2 
 .rodata.__func__.0
                0x100080d4       0x13 CMakeFiles/AHT20.dir/C_/VSARM/sdk/pico/pico-sdk/src/rp2_common/pico_float/float_init_rom.c.obj
 *fill*         0x100080e7        0x1 
 .rodata.str1.4
                0x100080e8       0x3c CMakeFiles/AHT20.dir/C_/VSARM/sdk/pico/pico-sdk/src/rp2_common/pico_standard_link/binary_info.c.obj
 .rodata.__bi_81
                0x10008124        0xc CMakeFiles/AHT20.dir/C_/VSARM/sdk/pico/pico-sdk/src/rp2_common/pico_standard_link/binary_info.c.obj
 .rodata.__bi_75
                0x10008130        0xc CMakeFiles/AHT20.dir/C_/VSARM/sdk/pico/pico-sdk/src/rp2_common/pico_standard_link/binary_info.c.obj
 .rodata.__bi_44
                0x1000813c        0xc CMakeFiles/AHT20.dir/C_/VSARM/sdk/pico/pico-sdk/src/rp2_common/pico_standard_link/binary_info.c.obj
 .rodata.update_us_since_boot.str1.4
                0x10008148       0x61 CMakeFiles/AHT20.dir/C_/VSARM/sdk/pico/pico-sdk/src/rp2_common/pico_stdio/stdio.c.obj
 .rodata.crlf_str.2
                0x10008148        0x2 CMakeFiles/AHT20.dir/C_/VSARM/sdk/pico/pico-sdk/src/rp2_common/pico_stdio/stdio.c.obj
 *fill*         0x1000814a        0x2 
 .rodata.__func__.3
                0x1000814c       0x15 CMakeFiles/AHT20.dir/C_/VSARM/sdk/pico/pico-sdk/src/rp2_common/pico_stdio/stdio.c.obj
 *fill*         0x10008161        0x3 
 .rodata._resetd_driver
                0x10008164       0x18 CMakeFiles/AHT20.dir/C_/VSARM/sdk/pico/pico-sdk/src/rp2_common/pico_stdio_usb/reset_interface.c.obj
 .rodata.update_us_since_boot.str1.4
                0x1000817c       0x61 CMakeFiles/AHT20.dir/C_/VSARM/sdk/pico/pico-sdk/src/rp2_common/pico_stdio_usb/stdio_usb.c.obj
 .rodata.stdio_usb_init.str1.4
                0x1000817c       0x45 CMakeFiles/AHT20.dir/C_/VSARM/sdk/pico/pico-sdk/src/rp2_common/pico_stdio_usb/stdio_usb.c.obj
                                 0x4d (size before relaxing)
 *fill*         0x100081c1        0x3 
 .rodata.str1.4
                0x100081c4       0x13 CMakeFiles/AHT20.dir/C_/VSARM/sdk/pico/pico-sdk/src/rp2_common/pico_stdio_usb/stdio_usb.c.obj
 *fill*         0x100081d7        0x1 
 .rodata.__bi_182.0
                0x100081d8        0xc CMakeFiles/AHT20.dir/C_/VSARM/sdk/pico/pico-sdk/src/rp2_common/pico_stdio_usb/stdio_usb.c.obj
 .rodata.__func__.1
                0x100081e4        0xf CMakeFiles/AHT20.dir/C_/VSARM/sdk/pico/pico-sdk/src/rp2_common/pico_stdio_usb/stdio_usb.c.obj
 *fill*         0x100081f3        0x1 
 .rodata.__func__.3
                0x100081f4       0x15 CMakeFiles/AHT20.dir/C_/VSARM/sdk/pico/pico-sdk/src/rp2_common/pico_stdio_usb/stdio_usb.c.obj
 *fill*         0x10008209        0x3 
 .rodata.str1.4
                0x1000820c       0x2a CMakeFiles/AHT20.dir/C_/VSARM/sdk/pico/pico-sdk/src/rp2_common/pico_stdio_usb/stdio_usb_descriptors.c.obj
 *fill*         0x10008236        0x2 
 .rodata.usbd_desc_str
                0x10008238       0x18 CMakeFiles/AHT20.dir/C_/VSARM/sdk/pico/pico-sdk/src/rp2_common/pico_stdio_usb/stdio_usb_descriptors.c.obj
 .rodata.usbd_desc_cfg
                0x10008250       0x54 CMakeFiles/AHT20.dir/C_/VSARM/sdk/pico/pico-sdk/src/rp2_common/pico_stdio_usb/stdio_usb_descriptors.c.obj
 .rodata.usbd_desc_device
                0x100082a4       0x12 CMakeFiles/AHT20.dir/C_/VSARM/sdk/pico/pico-sdk/src/rp2_common/pico_stdio_usb/stdio_usb_descriptors.c.obj
 *fill*         0x100082b6        0x2 
 .rodata.pico_get_unique_board_id_string.str1.4
                0x100082b8       0x4d CMakeFiles/AHT20.dir/C_/VSARM/sdk/pico/pico-sdk/src/rp2_common/pico_unique_id/unique_id.c.obj
 *fill*         0x10008305        0x3 
 .rodata.__func__.0
                0x10008308       0x20 CMakeFiles/AHT20.dir/C_/VSARM/sdk/pico/pico-sdk/src/rp2_common/pico_unique_id/unique_id.c.obj
 .rodata.str1.4
                0x10008328      0x15a CMakeFiles/AHT20.dir/C_/VSARM/sdk/pico/pico-sdk/src/rp2_common/hardware_flash/flash.c.obj
 *fill*         0x10008482        0x2 
 .rodata.__func__.0
                0x10008484        0xd CMakeFiles/AHT20.dir/C_/VSARM/sdk/pico/pico-sdk/src/rp2_common/hardware_flash/flash.c.obj
 *fill*         0x10008491        0x3 
 .rodata._hw_endpoint_alloc.str1.4
                0x10008494       0xb5 CMakeFiles/AHT20.dir/C_/VSARM/sdk/pico/pico-sdk/lib/tinyusb/src/portable/raspberrypi/rp2040/dcd_rp2040.c.obj
 *fill*         0x10008549        0x3 
 .rodata.str1.4
                0x1000854c       0x14 CMakeFiles/AHT20.dir/C_/VSARM/sdk/pico/pico-sdk/lib/tinyusb/src/portable/raspberrypi/rp2040/dcd_rp2040.c.obj
 .rodata.dcd_int_enable.str1.4
                0x10008560        0xc CMakeFiles/AHT20.dir/C_/VSARM/sdk/pico/pico-sdk/lib/tinyusb/src/portable/raspberrypi/rp2040/dcd_rp2040.c.obj
 .rodata.__func__.0
                0x1000856c        0xe CMakeFiles/AHT20.dir/C_/VSARM/sdk/pico/pico-sdk/lib/tinyusb/src/portable/raspberrypi/rp2040/dcd_rp2040.c.obj
 *fill*         0x1000857a        0x2 
 .rodata.__func__.1
                0x1000857c        0xe CMakeFiles/AHT20.dir/C_/VSARM/sdk/pico/pico-sdk/lib/tinyusb/src/portable/raspberrypi/rp2040/dcd_rp2040.c.obj
 *fill*         0x1000858a        0x2 
 .rodata.__func__.3
                0x1000858c       0x10 CMakeFiles/AHT20.dir/C_/VSARM/sdk/pico/pico-sdk/lib/tinyusb/src/portable/raspberrypi/rp2040/dcd_rp2040.c.obj
 .rodata.__func__.5
                0x1000859c        0xf CMakeFiles/AHT20.dir/C_/VSARM/sdk/pico/pico-sdk/lib/tinyusb/src/portable/raspberrypi/rp2040/dcd_rp2040.c.obj
 *fill*         0x100085ab        0x1 
 .rodata.__func__.6
                0x100085ac       0x13 CMakeFiles/AHT20.dir/C_/VSARM/sdk/pico/pico-sdk/lib/tinyusb/src/portable/raspberrypi/rp2040/dcd_rp2040.c.obj
 *fill*         0x100085bf        0x1 
 .rodata.__func__.7
                0x100085c0        0x9 CMakeFiles/AHT20.dir/C_/VSARM/sdk/pico/pico-sdk/lib/tinyusb/src/portable/raspberrypi/rp2040/dcd_rp2040.c.obj
 *fill*         0x100085c9        0x3 
 .rodata.str1.4
                0x100085cc       0xe7 CMakeFiles/AHT20.dir/C_/VSARM/sdk/pico/pico-sdk/lib/tinyusb/src/portable/raspberrypi/rp2040/rp2040_usb.c.obj
 *fill*         0x100086b3        0x1 
 .rodata.__func__.0
                0x100086b4        0xf CMakeFiles/AHT20.dir/C_/VSARM/sdk/pico/pico-sdk/lib/tinyusb/src/portable/raspberrypi/rp2040/rp2040_usb.c.obj
 *fill*         0x100086c3        0x1 
 .rodata.process_get_descriptor
                0x100086c4       0x40 CMakeFiles/AHT20.dir/C_/VSARM/sdk/pico/pico-sdk/lib/tinyusb/src/device/usbd.c.obj
 .rodata.process_control_request
                0x10008704       0x28 CMakeFiles/AHT20.dir/C_/VSARM/sdk/pico/pico-sdk/lib/tinyusb/src/device/usbd.c.obj
 .rodata.tud_task_ext
                0x1000872c       0x24 CMakeFiles/AHT20.dir/C_/VSARM/sdk/pico/pico-sdk/lib/tinyusb/src/device/usbd.c.obj
 .rodata._usbd_driver
                0x10008750       0x18 CMakeFiles/AHT20.dir/C_/VSARM/sdk/pico/pico-sdk/lib/tinyusb/src/device/usbd.c.obj
 .rodata.i2c_set_baudrate.str1.4
                0x10008768       0x5d CMakeFiles/AHT20.dir/C_/VSARM/sdk/pico/pico-sdk/src/rp2_common/hardware_i2c/i2c.c.obj
 *fill*         0x100087c5        0x3 
 .rodata.__func__.0
                0x100087c8       0x11 CMakeFiles/AHT20.dir/C_/VSARM/sdk/pico/pico-sdk/src/rp2_common/hardware_i2c/i2c.c.obj
                0x100087dc                        . = ALIGN (0x4)
 *fill*         0x100087d9        0x3 
 *(SORT_BY_ALIGNMENT(SORT_BY_NAME(.flashdata*)))
                0x100087dc                        . = ALIGN (0x4)

.ARM.extab
 *(.ARM.extab* .gnu.linkonce.armextab.*)
                0x100087dc                        __exidx_start = .

.ARM.exidx
 *(.ARM.exidx* .gnu.linkonce.armexidx.*)
                0x100087dc                        __exidx_end = .
                0x100087dc                        . = ALIGN (0x4)
                0x100087dc                        __binary_info_start = .

.binary_info    0x100087dc       0x20
 *(.binary_info.keep.*)
 .binary_info.keep.__bi_ptr81
                0x100087dc        0x4 CMakeFiles/AHT20.dir/C_/VSARM/sdk/pico/pico-sdk/src/rp2_common/pico_standard_link/binary_info.c.obj
 .binary_info.keep.__bi_ptr75
                0x100087e0        0x4 CMakeFiles/AHT20.dir/C_/VSARM/sdk/pico/pico-sdk/src/rp2_common/pico_standard_link/binary_info.c.obj
 .binary_info.keep.__bi_ptr50
                0x100087e4        0x4 CMakeFiles/AHT20.dir/C_/VSARM/sdk/pico/pico-sdk/src/rp2_common/pico_standard_link/binary_info.c.obj
 .binary_info.keep.__bi_ptr44
                0x100087e8        0x4 CMakeFiles/AHT20.dir/C_/VSARM/sdk/pico/pico-sdk/src/rp2_common/pico_standard_link/binary_info.c.obj
 .binary_info.keep.__bi_ptr38
                0x100087ec        0x4 CMakeFiles/AHT20.dir/C_/VSARM/sdk/pico/pico-sdk/src/rp2_common/pico_standard_link/binary_info.c.obj
 .binary_info.keep.__bi_ptr30
                0x100087f0        0x4 CMakeFiles/AHT20.dir/C_/VSARM/sdk/pico/pico-sdk/src/rp2_common/pico_standard_link/binary_info.c.obj
 .binary_info.keep.__bi_ptr22
                0x100087f4        0x4 CMakeFiles/AHT20.dir/C_/VSARM/sdk/pico/pico-sdk/src/rp2_common/pico_standard_link/binary_info.c.obj
 *(.binary_info.*)
 .binary_info.__bi_ptr182
                0x100087f8        0x4 CMakeFiles/AHT20.dir/C_/VSARM/sdk/pico/pico-sdk/src/rp2_common/pico_stdio_usb/stdio_usb.c.obj
                0x100087fc                        __binary_info_end = .

.rel.dyn        0x100087fc        0x0
 .rel.iplt      0x100087fc        0x0 c:/vsarm/armcc/125863~1.3re/bin/../lib/gcc/arm-none-eabi/12.3.1/thumb/v6-m/nofp/crtbegin.o
                0x100087fc                        . = ALIGN (0x4)

.ram_vector_table
                0x20000000       0xc0
 *(.ram_vector_table)
 .ram_vector_table
                0x20000000       0xc0 CMakeFiles/AHT20.dir/C_/VSARM/sdk/pico/pico-sdk/src/rp2_common/pico_runtime/runtime.c.obj
                0x20000000                ram_vector_table

.data           0x200000c0      0xb38 load address 0x100087fc
                0x200000c0                        __data_start__ = .
 *(vtable)
 *(.time_critical*)
 .time_critical.mutex_try_enter
                0x200000c0       0x46 CMakeFiles/AHT20.dir/C_/VSARM/sdk/pico/pico-sdk/src/common/pico_sync/mutex.c.obj
                0x200000c0                mutex_try_enter
 *fill*         0x20000106        0x2 
 .time_critical.mutex_enter_block_until
                0x20000108       0x8c CMakeFiles/AHT20.dir/C_/VSARM/sdk/pico/pico-sdk/src/common/pico_sync/mutex.c.obj
                0x20000108                mutex_enter_block_until
 .time_critical.mutex_try_enter_block_until
                0x20000194       0x34 CMakeFiles/AHT20.dir/C_/VSARM/sdk/pico/pico-sdk/src/common/pico_sync/mutex.c.obj
                0x20000194                mutex_try_enter_block_until
 .time_critical.mutex_enter_timeout_ms
                0x200001c8       0x1a CMakeFiles/AHT20.dir/C_/VSARM/sdk/pico/pico-sdk/src/common/pico_sync/mutex.c.obj
                0x200001c8                mutex_enter_timeout_ms
 *fill*         0x200001e2        0x2 
 .time_critical.mutex_exit
                0x200001e4       0x4c CMakeFiles/AHT20.dir/C_/VSARM/sdk/pico/pico-sdk/src/common/pico_sync/mutex.c.obj
                0x200001e4                mutex_exit
 .time_critical.flash_init_boot2_copyout
                0x20000230       0x30 CMakeFiles/AHT20.dir/C_/VSARM/sdk/pico/pico-sdk/src/rp2_common/hardware_flash/flash.c.obj
 .time_critical.flash_enable_xip_via_boot2
                0x20000260        0xc CMakeFiles/AHT20.dir/C_/VSARM/sdk/pico/pico-sdk/src/rp2_common/hardware_flash/flash.c.obj
 .time_critical.flash_cs_force
                0x2000026c       0x28 CMakeFiles/AHT20.dir/C_/VSARM/sdk/pico/pico-sdk/src/rp2_common/hardware_flash/flash.c.obj
 .time_critical.flash_do_cmd
                0x20000294       0xd8 CMakeFiles/AHT20.dir/C_/VSARM/sdk/pico/pico-sdk/src/rp2_common/hardware_flash/flash.c.obj
                0x20000294                flash_do_cmd
 .time_critical.reset_non_control_endpoints
                0x2000036c       0x40 CMakeFiles/AHT20.dir/C_/VSARM/sdk/pico/pico-sdk/lib/tinyusb/src/portable/raspberrypi/rp2040/dcd_rp2040.c.obj
 .time_critical.hw_handle_buff_status
                0x200003ac       0xa4 CMakeFiles/AHT20.dir/C_/VSARM/sdk/pico/pico-sdk/lib/tinyusb/src/portable/raspberrypi/rp2040/dcd_rp2040.c.obj
 .time_critical.dcd_rp2040_irq
                0x20000450      0x1b8 CMakeFiles/AHT20.dir/C_/VSARM/sdk/pico/pico-sdk/lib/tinyusb/src/portable/raspberrypi/rp2040/dcd_rp2040.c.obj
 .time_critical.e15_is_bulkin_ep
                0x20000608       0x2c CMakeFiles/AHT20.dir/C_/VSARM/sdk/pico/pico-sdk/lib/tinyusb/src/portable/raspberrypi/rp2040/rp2040_usb.c.obj
 .time_critical.e15_is_critical_frame_period
                0x20000634       0x30 CMakeFiles/AHT20.dir/C_/VSARM/sdk/pico/pico-sdk/lib/tinyusb/src/portable/raspberrypi/rp2040/rp2040_usb.c.obj
 .time_critical.prepare_ep_buffer
                0x20000664       0x6c CMakeFiles/AHT20.dir/C_/VSARM/sdk/pico/pico-sdk/lib/tinyusb/src/portable/raspberrypi/rp2040/rp2040_usb.c.obj
 .time_critical.sync_ep_buffer
                0x200006d0       0x7c CMakeFiles/AHT20.dir/C_/VSARM/sdk/pico/pico-sdk/lib/tinyusb/src/portable/raspberrypi/rp2040/rp2040_usb.c.obj
 .time_critical._hw_endpoint_xfer_sync
                0x2000074c       0x28 CMakeFiles/AHT20.dir/C_/VSARM/sdk/pico/pico-sdk/lib/tinyusb/src/portable/raspberrypi/rp2040/rp2040_usb.c.obj
 .time_critical.hw_endpoint_reset_transfer
                0x20000774        0xc CMakeFiles/AHT20.dir/C_/VSARM/sdk/pico/pico-sdk/lib/tinyusb/src/portable/raspberrypi/rp2040/rp2040_usb.c.obj
                0x20000774                hw_endpoint_reset_transfer
 .time_critical._hw_endpoint_buffer_control_update32
                0x20000780       0x58 CMakeFiles/AHT20.dir/C_/VSARM/sdk/pico/pico-sdk/lib/tinyusb/src/portable/raspberrypi/rp2040/rp2040_usb.c.obj
                0x20000780                _hw_endpoint_buffer_control_update32
 .time_critical.hw_endpoint_start_next_buffer
                0x200007d8       0x7c CMakeFiles/AHT20.dir/C_/VSARM/sdk/pico/pico-sdk/lib/tinyusb/src/portable/raspberrypi/rp2040/rp2040_usb.c.obj
                0x200007d8                hw_endpoint_start_next_buffer
 .time_critical.hw_endpoint_xfer_continue
                0x20000854       0x50 CMakeFiles/AHT20.dir/C_/VSARM/sdk/pico/pico-sdk/lib/tinyusb/src/portable/raspberrypi/rp2040/rp2040_usb.c.obj
                0x20000854                hw_endpoint_xfer_continue
 .time_critical.tinyusb
                0x200008a4      0x1ac CMakeFiles/AHT20.dir/C_/VSARM/sdk/pico/pico-sdk/lib/tinyusb/src/device/usbd.c.obj
                0x200008a4                dcd_event_handler
 *(.text*)
 .text          0x20000a50        0x4 c:/vsarm/armcc/125863~1.3re/bin/../lib/gcc/arm-none-eabi/12.3.1/thumb/v6-m/nofp\libgcc.a(_dvmd_tls.o)
                0x20000a50                __aeabi_idiv0
                0x20000a50                __aeabi_ldiv0
 *fill*         0x20000a54        0x4 
 .text.__stub   0x20000a58       0xa0 linker stubs
                0x20000af8                        . = ALIGN (0x4)
 *(.rodata*)
                0x20000af8                        . = ALIGN (0x4)
 *(.data*)
 .data.striped_spin_lock_num
                0x20000af8        0x1 CMakeFiles/AHT20.dir/C_/VSARM/sdk/pico/pico-sdk/src/rp2_common/hardware_sync/sync.c.obj
 *fill*         0x20000af9        0x3 
 .data          0x20000afc       0x48 CMakeFiles/AHT20.dir/C_/VSARM/sdk/pico/pico-sdk/src/rp2_common/hardware_irq/irq_handler_chain.S.obj
                0x20000afc                irq_handler_chain_slots
                0x20000b2c                irq_handler_chain_first_slot
                0x20000b36                irq_handler_chain_remove_tail
 .data.default_alarm_pool
                0x20000b44       0x18 CMakeFiles/AHT20.dir/C_/VSARM/sdk/pico/pico-sdk/src/common/pico_time/time.c.obj
 .data.default_alarm_pool_heap
                0x20000b5c       0x10 CMakeFiles/AHT20.dir/C_/VSARM/sdk/pico/pico-sdk/src/common/pico_time/time.c.obj
 *fill*         0x20000b6c        0x4 
 .data.aeabi_bits_funcs
                0x20000b70       0x10 CMakeFiles/AHT20.dir/C_/VSARM/sdk/pico/pico-sdk/src/rp2_common/pico_bit_ops/bit_ops_aeabi.S.obj
                0x20000b70                aeabi_bits_funcs
                0x20000b80                aeabi_bits_funcs_end
 .data.aeabi_mem_funcs
                0x20000b80       0x10 CMakeFiles/AHT20.dir/C_/VSARM/sdk/pico/pico-sdk/src/rp2_common/pico_mem_ops/mem_ops_aeabi.S.obj
                0x20000b80                aeabi_mem_funcs
                0x20000b90                aeabi_mem_funcs_end
 .data.stdio_usb
                0x20000b90       0x18 CMakeFiles/AHT20.dir/C_/VSARM/sdk/pico/pico-sdk/src/rp2_common/pico_stdio_usb/stdio_usb.c.obj
                0x20000b90                stdio_usb
 .data.ep_dir_string
                0x20000ba8        0x8 CMakeFiles/AHT20.dir/C_/VSARM/sdk/pico/pico-sdk/lib/tinyusb/src/portable/raspberrypi/rp2040/rp2040_usb.c.obj
                0x20000ba8                ep_dir_string
 .data._usbd_qdef
                0x20000bb0       0x1c CMakeFiles/AHT20.dir/C_/VSARM/sdk/pico/pico-sdk/lib/tinyusb/src/device/usbd.c.obj
                0x20000bb0                _usbd_qdef
 .data._usbd_rhport
                0x20000bcc        0x1 CMakeFiles/AHT20.dir/C_/VSARM/sdk/pico/pico-sdk/lib/tinyusb/src/device/usbd.c.obj
 *fill*         0x20000bcd        0x3 
 .data.i2c0_inst
                0x20000bd0        0x8 CMakeFiles/AHT20.dir/C_/VSARM/sdk/pico/pico-sdk/src/rp2_common/hardware_i2c/i2c.c.obj
                0x20000bd0                i2c0_inst
                0x20000bd8                        . = ALIGN (0x4)
 *(.after_data.*)
                0x20000bd8                        . = ALIGN (0x4)
                0x20000bd8                        PROVIDE (__mutex_array_start = .)
 *(SORT_BY_NAME(.mutex_array.*))
 *(.mutex_array)
 .mutex_array   0x20000bd8        0x8 CMakeFiles/AHT20.dir/C_/VSARM/sdk/pico/pico-sdk/src/rp2_common/pico_stdio/stdio.c.obj
                0x20000be0                        PROVIDE (__mutex_array_end = .)
                0x20000be0                        . = ALIGN (0x4)
                0x20000be0                        PROVIDE (__preinit_array_start = .)
 *(SORT_BY_NAME(.preinit_array.*))
 .preinit_array.00001
                0x20000be0        0x4 CMakeFiles/AHT20.dir/C_/VSARM/sdk/pico/pico-sdk/src/rp2_common/pico_mem_ops/mem_ops_aeabi.S.obj
 .preinit_array.00010
                0x20000be4        0x4 CMakeFiles/AHT20.dir/C_/VSARM/sdk/pico/pico-sdk/src/rp2_common/pico_bit_ops/bit_ops_aeabi.S.obj
 .preinit_array.00020
                0x20000be8        0x4 CMakeFiles/AHT20.dir/C_/VSARM/sdk/pico/pico-sdk/src/rp2_common/pico_double/double_aeabi.S.obj
 .preinit_array.00020
                0x20000bec        0x4 CMakeFiles/AHT20.dir/C_/VSARM/sdk/pico/pico-sdk/src/rp2_common/pico_float/float_aeabi.S.obj