Archive member included to satisfy reference by file (symbol)

c:/vsarm/armcc/125863~1.3re/bin/../lib/gcc/arm-none-eabi/12.3.1/thumb/v6-m/nofp\libgcc.a(_dvmd_tls.o)
                              CMakeFiles/AHT20.dir/C_/VSARM/sdk/pico/pico-sdk/src/rp2_common/pico_divider/divider.S.obj (__aeabi_idiv0)
c:/vsarm/armcc/125863~1.3re/bin/../lib/gcc/arm-none-eabi/12.3.1/thumb/v6-m/nofp\libg.a(libc_a-atoi.o)
                              CMakeFiles/AHT20.dir/C_/VSARM/sdk/pico/pico-sdk/lib/lwip/src/core/netif.c.obj (atoi)
c:/vsarm/armcc/125863~1.3re/bin/../lib/gcc/arm-none-eabi/12.3.1/thumb/v6-m/nofp\libg.a(libc_a-calloc.o)
                              CMakeFiles/AHT20.dir/C_/VSARM/sdk/pico/pico-sdk/src/rp2_common/pico_malloc/pico_malloc.c.obj (calloc)
c:/vsarm/armcc/125863~1.3re/bin/../lib/gcc/arm-none-eabi/12.3.1/thumb/v6-m/nofp\libg.a(libc_a-callocr.o)
                              c:/vsarm/armcc/125863~1.3re/bin/../lib/gcc/arm-none-eabi/12.3.1/thumb/v6-m/nofp\libg.a(libc_a-calloc.o) (_calloc_r)
c:/vsarm/armcc/125863~1.3re/bin/../lib/gcc/arm-none-eabi/12.3.1/thumb/v6-m/nofp\libg.a(libc_a-malloc.o)
                              CMakeFiles/AHT20.dir/C_/VSARM/sdk/pico/pico-sdk/src/rp2_common/pico_malloc/pico_malloc.c.obj (malloc)
c:/vsarm/armcc/125863~1.3re/bin/../lib/gcc/arm-none-eabi/12.3.1/thumb/v6-m/nofp\libg.a(libc_a-mallocr.o)
                              c:/vsarm/armcc/125863~1.3re/bin/../lib/gcc/arm-none-eabi/12.3.1/thumb/v6-m/nofp\libg.a(libc_a-callocr.o) (_malloc_r)
c:/vsarm/armcc/125863~1.3re/bin/../lib/gcc/arm-none-eabi/12.3.1/thumb/v6-m/nofp\libg.a(libc_a-mlock.o)
                              c:/vsarm/armcc/125863~1.3re/bin/../lib/gcc/arm-none-eabi/12.3.1/thumb/v6-m/nofp\libg.a(libc_a-mallocr.o) (__malloc_lock)
c:/vsarm/armcc/125863~1.3re/bin/../lib/gcc/arm-none-eabi/12.3.1/thumb/v6-m/nofp\libg.a(libc_a-realloc.o)
                              CMakeFiles/AHT20.dir/C_/VSARM/sdk/pico/pico-sdk/src/rp2_common/pico_malloc/pico_malloc.c.obj (realloc)
c:/vsarm/armcc/125863~1.3re/bin/../lib/gcc/arm-none-eabi/12.3.1/thumb/v6-m/nofp\libg.a(libc_a-reallocr.o)
                              c:/vsarm/armcc/125863~1.3re/bin/../lib/gcc/arm-none-eabi/12.3.1/thumb/v6-m/nofp\libg.a(libc_a-realloc.o) (_realloc_r)
c:/vsarm/armcc/125863~1.3re/bin/../lib/gcc/arm-none-eabi/12.3.1/thumb/v6-m/nofp\libg.a(libc_a-strtol.o)
                              c:/vsarm/armcc/125863~1.3re/bin/../lib/gcc/arm-none-eabi/12.3.1/thumb/v6-m/nofp\libg.a(libc_a-atoi.o) (_strtol_r)
c:/vsarm/armcc/125863~1.3re/bin/../lib/gcc/arm-none-eabi/12.3.1/thumb/v6-m/nofp\libg.a(libc_a-ctype_.o)
                              CMakeFiles/AHT20.dir/C_/VSARM/sdk/pico/pico-sdk/lib/lwip/src/core/dns.c.obj (_ctype_)
c:/vsarm/armcc/125863~1.3re/bin/../lib/gcc/arm-none-eabi/12.3.1/thumb/v6-m/nofp\libg.a(libc_a-memcmp.o)
                              CMakeFiles/AHT20.dir/C_/VSARM/sdk/pico/pico-sdk/lib/lwip/src/netif/ethernet.c.obj (memcmp)
c:/vsarm/armcc/125863~1.3re/bin/../lib/gcc/arm-none-eabi/12.3.1/thumb/v6-m/nofp\libg.a(libc_a-memmove.o)
                              CMakeFiles/AHT20.dir/C_/VSARM/sdk/pico/pico-sdk/lib/lwip/src/core/def.c.obj (memmove)
c:/vsarm/armcc/125863~1.3re/bin/../lib/gcc/arm-none-eabi/12.3.1/thumb/v6-m/nofp\libg.a(libc_a-strncmp.o)
                              CMakeFiles/AHT20.dir/C_/VSARM/sdk/pico/pico-sdk/lib/lwip/src/core/def.c.obj (strncmp)
c:/vsarm/armcc/125863~1.3re/bin/../lib/gcc/arm-none-eabi/12.3.1/thumb/v6-m/nofp\libg.a(libc_a-impure.o)
                              c:/vsarm/armcc/125863~1.3re/bin/../lib/gcc/arm-none-eabi/12.3.1/thumb/v6-m/nofp\libg.a(libc_a-calloc.o) (_impure_ptr)
c:/vsarm/armcc/125863~1.3re/bin/../lib/gcc/arm-none-eabi/12.3.1/thumb/v6-m/nofp\libg.a(libc_a-sbrkr.o)
                              c:/vsarm/armcc/125863~1.3re/bin/../lib/gcc/arm-none-eabi/12.3.1/thumb/v6-m/nofp\libg.a(libc_a-mallocr.o) (_sbrk_r)
c:/vsarm/armcc/125863~1.3re/bin/../lib/gcc/arm-none-eabi/12.3.1/thumb/v6-m/nofp\libg.a(libc_a-errno.o)
                              c:/vsarm/armcc/125863~1.3re/bin/../lib/gcc/arm-none-eabi/12.3.1/thumb/v6-m/nofp\libg.a(libc_a-callocr.o) (__errno)
c:/vsarm/armcc/125863~1.3re/bin/../lib/gcc/arm-none-eabi/12.3.1/thumb/v6-m/nofp\libg.a(libc_a-init.o)
                              c:/vsarm/armcc/125863~1.3re/bin/../lib/gcc/arm-none-eabi/12.3.1/thumb/v6-m/nofp/crt0.o (__libc_init_array)
c:/vsarm/armcc/125863~1.3re/bin/../lib/gcc/arm-none-eabi/12.3.1/thumb/v6-m/nofp\libg.a(libc_a-lock.o)
                              c:/vsarm/armcc/125863~1.3re/bin/../lib/gcc/arm-none-eabi/12.3.1/thumb/v6-m/nofp\libg.a(libc_a-mlock.o) (__retarget_lock_acquire_recursive)
c:/vsarm/armcc/125863~1.3re/bin/../lib/gcc/arm-none-eabi/12.3.1/thumb/v6-m/nofp\libg.a(libc_a-sysconf.o)
                              c:/vsarm/armcc/125863~1.3re/bin/../lib/gcc/arm-none-eabi/12.3.1/thumb/v6-m/nofp\libg.a(libc_a-mallocr.o) (sysconf)
c:/vsarm/armcc/125863~1.3re/bin/../lib/gcc/arm-none-eabi/12.3.1/thumb/v6-m/nofp\libg.a(libc_a-strlen-stub.o)
[...]
Memory Configuration

Name             Origin             Length             Attributes
FLASH            0x10000000         0x00200000         xr
RAM              0x20000000         0x00040000         xrw
SCRATCH_X        0x20040000         0x00001000         xrw
SCRATCH_Y        0x20041000         0x00001000         xrw
*default*        0x00000000         0xffffffff

Linker script and memory map

LOAD c:/vsarm/armcc/125863~1.3re/bin/../lib/gcc/arm-none-eabi/12.3.1/thumb/v6-m/nofp/crti.o
LOAD c:/vsarm/armcc/125863~1.3re/bin/../lib/gcc/arm-none-eabi/12.3.1/thumb/v6-m/nofp/crtbegin.o
LOAD c:/vsarm/armcc/125863~1.3re/bin/../lib/gcc/arm-none-eabi/12.3.1/thumb/v6-m/nofp/crt0.o

.flash_begin    0x10000000        0x0
                0x10000000                        __flash_binary_start = .

.boot2          0x10000000      0x100
                0x10000000                        __boot2_start__ = .
 *(.boot2)
 .boot2         0x10000000      0x100 C:\Users\phuon\AppData\Local\Temp\ccGjedSI.o
                0x10000100                        __boot2_end__ = .
                0x00000001                        ASSERT (((__boot2_end__ - __boot2_start__) == 0x100), ERROR: Pico second stage bootloader must be 256 bytes in size)

.text           0x10000100     0x6638
                0x10000100                        __logical_binary_start = .
 *(.vectors)
 .vectors       0x10000100       0xd4 CMakeFiles/AHT20.dir/C_/VSARM/sdk/pico/pico-sdk/src/rp2_common/pico_standard_link/crt0.S.obj
                0x10000100                __VECTOR_TABLE
                0x10000100                __vectors
                0x100001c0                isr_invalid
                0x100001c0                __default_isrs_start
                0x100001c2                isr_nmi
                0x100001c4                isr_hardfault
                0x100001c6                isr_svcall
                0x100001c8                isr_pendsv
                0x100001ca                isr_systick
                0x100001cc                isr_irq23
                0x100001cc                isr_irq18
                0x100001cc                isr_irq11
                0x100001cc                isr_irq28
                0x100001cc                isr_irq19
                0x100001cc                isr_irq0
                0x100001cc                isr_irq6
                0x100001cc                isr_irq5
                0x100001cc                isr_irq12
                0x100001cc                isr_irq22
                0x100001cc                isr_irq31
                0x100001cc                isr_irq17
                0x100001cc                isr_irq27
                0x100001cc                isr_irq30
                0x100001cc                isr_irq2
                0x100001cc                isr_irq10
                0x100001cc                isr_irq8
                0x100001cc                isr_irq24
                0x100001cc                isr_irq1
                0x100001cc                isr_irq7
                0x100001cc                isr_irq21
                0x100001cc                isr_irq20
                0x100001cc                isr_irq15
                0x100001cc                isr_irq25
                0x100001cc                isr_irq13
                0x100001cc                __unhandled_user_irq
                0x100001cc                isr_irq4
                0x100001cc                isr_irq16
                0x100001cc                isr_irq29
                0x100001cc                isr_irq26
                0x100001cc                __default_isrs_end
                0x100001cc                isr_irq3
                0x100001cc                isr_irq14
                0x100001cc                isr_irq9
                0x100001d2                unhandled_user_irq_num_in_r0
 *(.binary_info_header)
 .binary_info_header
                0x100001d4       0x14 CMakeFiles/AHT20.dir/C_/VSARM/sdk/pico/pico-sdk/src/rp2_common/pico_standard_link/crt0.S.obj
                0x100001e8                        __binary_info_header_end = .
 *(.reset)
 .reset         0x100001e8       0xa0 CMakeFiles/AHT20.dir/C_/VSARM/sdk/pico/pico-sdk/src/rp2_common/pico_standard_link/crt0.S.obj
                0x100001e8                _entry_point
 .reset         0x10000288       0x30 CMakeFiles/AHT20.dir/C_/VSARM/sdk/pico/pico-sdk/src/rp2_common/pico_standard_link/binary_info.c.obj
 *(.init)
 .init          0x100002b8        0x4 c:/vsarm/armcc/125863~1.3re/bin/../lib/gcc/arm-none-eabi/12.3.1/thumb/v6-m/nofp/crti.o
                0x100002b8                _init
 *(EXCLUDE_FILE(*libm.a: *libc.a:*lib_a-mem*.o *libgcc.a:) .text*)
 .text.register_tm_clones
                0x100002bc       0x28 c:/vsarm/armcc/125863~1.3re/bin/../lib/gcc/arm-none-eabi/12.3.1/thumb/v6-m/nofp/crtbegin.o
 .text.frame_dummy
                0x100002e4       0x24 c:/vsarm/armcc/125863~1.3re/bin/../lib/gcc/arm-none-eabi/12.3.1/thumb/v6-m/nofp/crtbegin.o
 .text.main     0x10000308       0x20 CMakeFiles/AHT20.dir/main.cpp.obj
                0x10000308                main
 .text.pwm_init
                0x10000328       0x34 CMakeFiles/AHT20.dir/BUZZER/Buzzer.cpp.obj
 .text.pwm_set_chan_level
                0x1000035c       0x40 CMakeFiles/AHT20.dir/BUZZER/Buzzer.cpp.obj
 .text.pwm_set_gpio_level
                0x1000039c       0x16 CMakeFiles/AHT20.dir/BUZZER/Buzzer.cpp.obj
 *fill*         0x100003b2        0x2 
 .text._ZN6BuzzerC2Ej
                0x100003b4       0x64 CMakeFiles/AHT20.dir/BUZZER/Buzzer.cpp.obj
                0x100003b4                Buzzer::Buzzer(unsigned int)
                0x100003b4                Buzzer::Buzzer(unsigned int)
 .text._ZN6Buzzer8playToneEv
                0x10000418       0x24 CMakeFiles/AHT20.dir/BUZZER/Buzzer.cpp.obj
                0x10000418                Buzzer::playTone()
 .text.gpio_set_function
                0x1000043c       0x30 CMakeFiles/AHT20.dir/C_/VSARM/sdk/pico/pico-sdk/src/rp2_common/hardware_gpio/gpio.c.obj
                0x1000043c                gpio_set_function
 .text.running_on_fpga
                0x1000046c       0x14 CMakeFiles/AHT20.dir/C_/VSARM/sdk/pico/pico-sdk/src/rp2_common/pico_platform/platform.c.obj
                0x1000046c                running_on_fpga
 .text.hw_claim_lock
                0x10000480       0x18 CMakeFiles/AHT20.dir/C_/VSARM/sdk/pico/pico-sdk/src/rp2_common/hardware_claim/claim.c.obj
                0x10000480                hw_claim_lock
 .text.hw_claim_unlock
                0x10000498       0x14 CMakeFiles/AHT20.dir/C_/VSARM/sdk/pico/pico-sdk/src/rp2_common/hardware_claim/claim.c.obj
                0x10000498                hw_claim_unlock
 .text.hw_claim_or_assert
                0x100004ac       0x32 CMakeFiles/AHT20.dir/C_/VSARM/sdk/pico/pico-sdk/src/rp2_common/hardware_claim/claim.c.obj
                0x100004ac                hw_claim_or_assert
 .text.hw_claim_unused_from_range
                0x100004de       0x50 CMakeFiles/AHT20.dir/C_/VSARM/sdk/pico/pico-sdk/src/rp2_common/hardware_claim/claim.c.obj
                0x100004de                hw_claim_unused_from_range
 *fill*         0x1000052e        0x2 
 .text.spin_locks_reset
                0x10000530       0x20 CMakeFiles/AHT20.dir/C_/VSARM/sdk/pico/pico-sdk/src/rp2_common/hardware_sync/sync.c.obj
                0x10000530                spin_locks_reset
 .text.next_striped_spin_lock_num
                0x10000550       0x1c CMakeFiles/AHT20.dir/C_/VSARM/sdk/pico/pico-sdk/src/rp2_common/hardware_sync/sync.c.obj
                0x10000550                next_striped_spin_lock_num
 .text.spin_lock_claim_unused
                0x1000056c       0x24 CMakeFiles/AHT20.dir/C_/VSARM/sdk/pico/pico-sdk/src/rp2_common/hardware_sync/sync.c.obj
                0x1000056c                spin_lock_claim_unused
 .text.set_raw_irq_handler_and_unlock
                0x10000590       0x28 CMakeFiles/AHT20.dir/C_/VSARM/sdk/pico/pico-sdk/src/rp2_common/hardware_irq/irq.c.obj
 .text.resolve_branch
                0x100005b8       0x30 CMakeFiles/AHT20.dir/C_/VSARM/sdk/pico/pico-sdk/src/rp2_common/hardware_irq/irq.c.obj
 .text.make_branch
                0x100005e8       0x48 CMakeFiles/AHT20.dir/C_/VSARM/sdk/pico/pico-sdk/src/rp2_common/hardware_irq/irq.c.obj
 .text.insert_branch_and_link
                0x10000630       0x40 CMakeFiles/AHT20.dir/C_/VSARM/sdk/pico/pico-sdk/src/rp2_common/hardware_irq/irq.c.obj
 .text.irq_is_enabled
                0x10000670       0x18 CMakeFiles/AHT20.dir/C_/VSARM/sdk/pico/pico-sdk/src/rp2_common/hardware_irq/irq.c.obj
                0x10000670                irq_is_enabled
 .text.irq_set_mask_enabled
                0x10000688       0x20 CMakeFiles/AHT20.dir/C_/VSARM/sdk/pico/pico-sdk/src/rp2_common/hardware_irq/irq.c.obj
                0x10000688                irq_set_mask_enabled
 .text.irq_set_enabled
                0x100006a8        0xe CMakeFiles/AHT20.dir/C_/VSARM/sdk/pico/pico-sdk/src/rp2_common/hardware_irq/irq.c.obj
                0x100006a8                irq_set_enabled
 *fill*         0x100006b6        0x2 
 .text.irq_set_pending
                0x100006b8       0x10 CMakeFiles/AHT20.dir/C_/VSARM/sdk/pico/pico-sdk/src/rp2_common/hardware_irq/irq.c.obj
                0x100006b8                irq_set_pending
 .text.irq_get_vtable_handler
                0x100006c8       0x10 CMakeFiles/AHT20.dir/C_/VSARM/sdk/pico/pico-sdk/src/rp2_common/hardware_irq/irq.c.obj
                0x100006c8                irq_get_vtable_handler
 .text.irq_has_shared_handler
                0x100006d8       0x24 CMakeFiles/AHT20.dir/C_/VSARM/sdk/pico/pico-sdk/src/rp2_common/hardware_irq/irq.c.obj
                0x100006d8                irq_has_shared_handler
 .text.irq_set_exclusive_handler
                0x100006fc       0x54 CMakeFiles/AHT20.dir/C_/VSARM/sdk/pico/pico-sdk/src/rp2_common/hardware_irq/irq.c.obj
                0x100006fc                irq_set_exclusive_handler
 .text.irq_add_shared_handler
                0x10000750      0x210 CMakeFiles/AHT20.dir/C_/VSARM/sdk/pico/pico-sdk/src/rp2_common/hardware_irq/irq.c.obj
                0x10000750                irq_add_shared_handler
 .text.irq_remove_handler
                0x10000960      0x188 CMakeFiles/AHT20.dir/C_/VSARM/sdk/pico/pico-sdk/src/rp2_common/hardware_irq/irq.c.obj
                0x10000960                irq_remove_handler
 .text.irq_add_tail_to_free_list
                0x10000ae8       0xf0 CMakeFiles/AHT20.dir/C_/VSARM/sdk/pico/pico-sdk/src/rp2_common/hardware_irq/irq.c.obj
                0x10000ae8                irq_add_tail_to_free_list
 .text.irq_init_priorities
                0x10000bd8       0x1c CMakeFiles/AHT20.dir/C_/VSARM/sdk/pico/pico-sdk/src/rp2_common/hardware_irq/irq.c.obj
                0x10000bd8                irq_init_priorities
 .text.user_irq_claim_unused
                0x10000bf4       0x2c CMakeFiles/AHT20.dir/C_/VSARM/sdk/pico/pico-sdk/src/rp2_common/hardware_irq/irq.c.obj
                0x10000bf4                user_irq_claim_unused
 .text.lock_init
                0x10000c20       0x10 CMakeFiles/AHT20.dir/C_/VSARM/sdk/pico/pico-sdk/src/common/pico_sync/lock_core.c.obj
                0x10000c20                lock_init
 .text.update_us_since_boot
                0x10000c30       0x24 CMakeFiles/AHT20.dir/C_/VSARM/sdk/pico/pico-sdk/src/common/pico_sync/mutex.c.obj
 .text.delayed_by_ms
                0x10000c54       0x44 CMakeFiles/AHT20.dir/C_/VSARM/sdk/pico/pico-sdk/src/common/pico_sync/mutex.c.obj
 .text.get_absolute_time
                0x10000c98       0x22 CMakeFiles/AHT20.dir/C_/VSARM/sdk/pico/pico-sdk/src/common/pico_sync/mutex.c.obj
 .text.make_timeout_time_ms
                0x10000cba       0x20 CMakeFiles/AHT20.dir/C_/VSARM/sdk/pico/pico-sdk/src/common/pico_sync/mutex.c.obj
 .text.mutex_init
                0x10000cda       0x1a CMakeFiles/AHT20.dir/C_/VSARM/sdk/pico/pico-sdk/src/common/pico_sync/mutex.c.obj
                0x10000cda                mutex_init
 .text.recursive_mutex_init
                0x10000cf4       0x1e CMakeFiles/AHT20.dir/C_/VSARM/sdk/pico/pico-sdk/src/common/pico_sync/mutex.c.obj
                0x10000cf4                recursive_mutex_init
 *fill*         0x10000d12        0x2 
 .text.critical_section_init_with_lock_num
                0x10000d14       0x14 CMakeFiles/AHT20.dir/C_/VSARM/sdk/pico/pico-sdk/src/common/pico_sync/critical_section.c.obj
                0x10000d14                critical_section_init_with_lock_num
 .text.critical_section_init
                0x10000d28       0x14 CMakeFiles/AHT20.dir/C_/VSARM/sdk/pico/pico-sdk/src/common/pico_sync/critical_section.c.obj
                0x10000d28                critical_section_init
 .text.time_reached
                0x10000d3c       0x28 CMakeFiles/AHT20.dir/C_/VSARM/sdk/pico/pico-sdk/src/common/pico_time/time.c.obj
 .text.get_entry
                0x10000d64       0x38 CMakeFiles/AHT20.dir/C_/VSARM/sdk/pico/pico-sdk/src/common/pico_time/time.c.obj
 .text.timer_pool_entry_comparator
                0x10000d9c       0x2e CMakeFiles/AHT20.dir/C_/VSARM/sdk/pico/pico-sdk/src/common/pico_time/time.c.obj
                0x10000d9c                timer_pool_entry_comparator
 *fill*         0x10000dca        0x2 
 .text.update_us_since_boot
                0x10000dcc       0x24 CMakeFiles/AHT20.dir/C_/VSARM/sdk/pico/pico-sdk/src/common/pico_time/time.c.obj
 .text.delayed_by_us
                0x10000df0       0x34 CMakeFiles/AHT20.dir/C_/VSARM/sdk/pico/pico-sdk/src/common/pico_time/time.c.obj
 .text.ph_get_node
                0x10000e24       0x30 CMakeFiles/AHT20.dir/C_/VSARM/sdk/pico/pico-sdk/src/common/pico_time/time.c.obj
 .text.ph_contains_node
                0x10000e54       0x1e CMakeFiles/AHT20.dir/C_/VSARM/sdk/pico/pico-sdk/src/common/pico_time/time.c.obj
 .text.ph_new_node
                0x10000e72       0x28 CMakeFiles/AHT20.dir/C_/VSARM/sdk/pico/pico-sdk/src/common/pico_time/time.c.obj
 *fill*         0x10000e9a        0x2 
 .text.ph_add_child_node
                0x10000e9c       0x6c CMakeFiles/AHT20.dir/C_/VSARM/sdk/pico/pico-sdk/src/common/pico_time/time.c.obj
 .text.ph_merge_nodes
                0x10000f08       0x3e CMakeFiles/AHT20.dir/C_/VSARM/sdk/pico/pico-sdk/src/common/pico_time/time.c.obj
 *fill*         0x10000f46        0x2 
 .text.ph_insert_node
                0x10000f48       0x3c CMakeFiles/AHT20.dir/C_/VSARM/sdk/pico/pico-sdk/src/common/pico_time/time.c.obj
 .text.ph_free_node
                0x10000f84       0x5c CMakeFiles/AHT20.dir/C_/VSARM/sdk/pico/pico-sdk/src/common/pico_time/time.c.obj
 .text.get_entry_id_high
                0x10000fe0       0x30 CMakeFiles/AHT20.dir/C_/VSARM/sdk/pico/pico-sdk/src/common/pico_time/time.c.obj
 .text.alarm_pool_post_alloc_init
                0x10001010       0x40 CMakeFiles/AHT20.dir/C_/VSARM/sdk/pico/pico-sdk/src/common/pico_time/time.c.obj
 .text.sleep_until_callback
                0x10001050       0x30 CMakeFiles/AHT20.dir/C_/VSARM/sdk/pico/pico-sdk/src/common/pico_time/time.c.obj
 .text.get_absolute_time
                0x10001080       0x22 CMakeFiles/AHT20.dir/C_/VSARM/sdk/pico/pico-sdk/src/common/pico_time/time.c.obj
 .text.make_timeout_time_us
                0x100010a2       0x24 CMakeFiles/AHT20.dir/C_/VSARM/sdk/pico/pico-sdk/src/common/pico_time/time.c.obj
 *fill*         0x100010c6        0x2 
 .text.add_alarm_under_lock
                0x100010c8       0x94 CMakeFiles/AHT20.dir/C_/VSARM/sdk/pico/pico-sdk/src/common/pico_time/time.c.obj
 .text.alarm_pool_alarm_callback
                0x1000115c      0x210 CMakeFiles/AHT20.dir/C_/VSARM/sdk/pico/pico-sdk/src/common/pico_time/time.c.obj
 .text.alarm_pool_init_default
                0x1000136c       0x40 CMakeFiles/AHT20.dir/C_/VSARM/sdk/pico/pico-sdk/src/common/pico_time/time.c.obj
                0x1000136c                alarm_pool_init_default
 .text.alarm_pool_get_default
                0x100013ac       0x2c CMakeFiles/AHT20.dir/C_/VSARM/sdk/pico/pico-sdk/src/common/pico_time/time.c.obj
                0x100013ac                alarm_pool_get_default
 .text.alarm_pool_add_alarm_at
                0x100013d8      0x10e CMakeFiles/AHT20.dir/C_/VSARM/sdk/pico/pico-sdk/src/common/pico_time/time.c.obj
                0x100013d8                alarm_pool_add_alarm_at
 .text.add_alarm_at
                0x100014e6       0x2e CMakeFiles/AHT20.dir/C_/VSARM/sdk/pico/pico-sdk/src/common/pico_time/time.c.obj
 .text.alarm_pool_cancel_alarm
                0x10001514       0xa8 CMakeFiles/AHT20.dir/C_/VSARM/sdk/pico/pico-sdk/src/common/pico_time/time.c.obj
                0x10001514                alarm_pool_cancel_alarm
 .text.cancel_alarm
                0x100015bc       0x10 CMakeFiles/AHT20.dir/C_/VSARM/sdk/pico/pico-sdk/src/common/pico_time/time.c.obj
 .text.alarm_pool_core_num
                0x100015cc        0x4 CMakeFiles/AHT20.dir/C_/VSARM/sdk/pico/pico-sdk/src/common/pico_time/time.c.obj
                0x100015cc                alarm_pool_core_num
 .text.sleep_until
                0x100015d0       0xb0 CMakeFiles/AHT20.dir/C_/VSARM/sdk/pico/pico-sdk/src/common/pico_time/time.c.obj
                0x100015d0                sleep_until
 .text.sleep_us
                0x10001680       0x1a CMakeFiles/AHT20.dir/C_/VSARM/sdk/pico/pico-sdk/src/common/pico_time/time.c.obj
                0x10001680                sleep_us
 .text.sleep_ms
                0x1000169a       0x14 CMakeFiles/AHT20.dir/C_/VSARM/sdk/pico/pico-sdk/src/common/pico_time/time.c.obj
                0x1000169a                sleep_ms
 *fill*         0x100016ae        0x2 
 .text.best_effort_wfe_or_timeout
                0x100016b0       0x44 CMakeFiles/AHT20.dir/C_/VSARM/sdk/pico/pico-sdk/src/common/pico_time/time.c.obj
                0x100016b0                best_effort_wfe_or_timeout
 .text.hardware_alarm_irq_handler
                0x100016f4       0x8c CMakeFiles/AHT20.dir/C_/VSARM/sdk/pico/pico-sdk/src/rp2_common/hardware_timer/timer.c.obj
 .text.hardware_alarm_claim
                0x10001780       0x18 CMakeFiles/AHT20.dir/C_/VSARM/sdk/pico/pico-sdk/src/rp2_common/hardware_timer/timer.c.obj
                0x10001780                hardware_alarm_claim
 .text.time_us_64
                0x10001798       0x18 CMakeFiles/AHT20.dir/C_/VSARM/sdk/pico/pico-sdk/src/rp2_common/hardware_timer/timer.c.obj
                0x10001798                time_us_64
 .text.busy_wait_until
                0x100017b0       0x28 CMakeFiles/AHT20.dir/C_/VSARM/sdk/pico/pico-sdk/src/rp2_common/hardware_timer/timer.c.obj
                0x100017b0                busy_wait_until
 .text.hardware_alarm_set_callback
                0x100017d8       0x90 CMakeFiles/AHT20.dir/C_/VSARM/sdk/pico/pico-sdk/src/rp2_common/hardware_timer/timer.c.obj
                0x100017d8                hardware_alarm_set_callback
 .text.hardware_alarm_set_target
                0x10001868       0xe8 CMakeFiles/AHT20.dir/C_/VSARM/sdk/pico/pico-sdk/src/rp2_common/hardware_timer/timer.c.obj
                0x10001868                hardware_alarm_set_target
 .text.hardware_alarm_cancel
                0x10001950       0x40 CMakeFiles/AHT20.dir/C_/VSARM/sdk/pico/pico-sdk/src/rp2_common/hardware_timer/timer.c.obj
                0x10001950                hardware_alarm_cancel
 .text.ph_get_node
                0x10001990       0x30 CMakeFiles/AHT20.dir/C_/VSARM/sdk/pico/pico-sdk/src/common/pico_util/pheap.c.obj
 .text.ph_add_child_node
                0x100019c0       0x6c CMakeFiles/AHT20.dir/C_/VSARM/sdk/pico/pico-sdk/src/common/pico_util/pheap.c.obj
 .text.ph_merge_nodes
                0x10001a2c       0x3e CMakeFiles/AHT20.dir/C_/VSARM/sdk/pico/pico-sdk/src/common/pico_util/pheap.c.obj
 .text.ph_clear
                0x10001a6a       0x34 CMakeFiles/AHT20.dir/C_/VSARM/sdk/pico/pico-sdk/src/common/pico_util/pheap.c.obj
                0x10001a6a                ph_clear
 .text.ph_post_alloc_init
                0x10001a9e        0xe CMakeFiles/AHT20.dir/C_/VSARM/sdk/pico/pico-sdk/src/common/pico_util/pheap.c.obj
                0x10001a9e                ph_post_alloc_init
 .text.ph_merge_two_pass
                0x10001aac       0x5c CMakeFiles/AHT20.dir/C_/VSARM/sdk/pico/pico-sdk/src/common/pico_util/pheap.c.obj
                0x10001aac                ph_merge_two_pass
 .text.ph_remove_any_head
                0x10001b08       0xc0 CMakeFiles/AHT20.dir/C_/VSARM/sdk/pico/pico-sdk/src/common/pico_util/pheap.c.obj
 .text.ph_remove_head
                0x10001bc8       0x14 CMakeFiles/AHT20.dir/C_/VSARM/sdk/pico/pico-sdk/src/common/pico_util/pheap.c.obj
                0x10001bc8                ph_remove_head
 .text.ph_remove_and_free_node
                0x10001bdc       0xa0 CMakeFiles/AHT20.dir/C_/VSARM/sdk/pico/pico-sdk/src/common/pico_util/pheap.c.obj
                0x10001bdc                ph_remove_and_free_node
 .text.clock_configure
                0x10001c7c      0x108 CMakeFiles/AHT20.dir/C_/VSARM/sdk/pico/pico-sdk/src/rp2_common/hardware_clocks/clocks.c.obj
                0x10001c7c                clock_configure
 .text.clocks_init
                0x10001d84      0x100 CMakeFiles/AHT20.dir/C_/VSARM/sdk/pico/pico-sdk/src/rp2_common/hardware_clocks/clocks.c.obj
                0x10001d84                clocks_init
 .text.pll_init
                0x10001e84      0x120 CMakeFiles/AHT20.dir/C_/VSARM/sdk/pico/pico-sdk/src/rp2_common/hardware_pll/pll.c.obj
                0x10001e84                pll_init
 .text.watchdog_start_tick
                0x10001fa4       0x10 CMakeFiles/AHT20.dir/C_/VSARM/sdk/pico/pico-sdk/src/rp2_common/hardware_watchdog/watchdog.c.obj
                0x10001fa4                watchdog_start_tick
 .text.watchdog_update
                0x10001fb4       0x14 CMakeFiles/AHT20.dir/C_/VSARM/sdk/pico/pico-sdk/src/rp2_common/hardware_watchdog/watchdog.c.obj
                0x10001fb4                watchdog_update
 .text._watchdog_enable
                0x10001fc8       0x78 CMakeFiles/AHT20.dir/C_/VSARM/sdk/pico/pico-sdk/src/rp2_common/hardware_watchdog/watchdog.c.obj
                0x10001fc8                _watchdog_enable
 .text.watchdog_reboot
                0x10002040       0x48 CMakeFiles/AHT20.dir/C_/VSARM/sdk/pico/pico-sdk/src/rp2_common/hardware_watchdog/watchdog.c.obj
                0x10002040                watchdog_reboot
 .text.xosc_init
                0x10002088       0x28 CMakeFiles/AHT20.dir/C_/VSARM/sdk/pico/pico-sdk/src/rp2_common/hardware_xosc/xosc.c.obj
                0x10002088                xosc_init
 .text._exit    0x100020b0        0x4 CMakeFiles/AHT20.dir/C_/VSARM/sdk/pico/pico-sdk/src/rp2_common/pico_runtime/runtime.c.obj
                0x100020b0                _exit
 .text.exit     0x100020b4        0x6 CMakeFiles/AHT20.dir/C_/VSARM/sdk/pico/pico-sdk/src/rp2_common/pico_runtime/runtime.c.obj
                0x100020b4                exit
 *fill*         0x100020ba        0x2 
 .text.__assert_func
                0x100020bc       0x38 CMakeFiles/AHT20.dir/C_/VSARM/sdk/pico/pico-sdk/src/rp2_common/pico_runtime/runtime.c.obj
                0x100020bc                __assert_func
 .text.runtime_init
                0x100020f4       0xf8 CMakeFiles/AHT20.dir/C_/VSARM/sdk/pico/pico-sdk/src/rp2_common/pico_runtime/runtime.c.obj
                0x100020f4                runtime_init
 .text.panic    0x100021ec       0x30 CMakeFiles/AHT20.dir/C_/VSARM/sdk/pico/pico-sdk/src/rp2_common/pico_runtime/runtime.c.obj
                0x100021ec                panic
 .text._out_null
                0x1000221c        0x2 CMakeFiles/AHT20.dir/C_/VSARM/sdk/pico/pico-sdk/src/rp2_common/pico_printf/printf.c.obj
 .text._out_fct
                0x1000221e        0xe CMakeFiles/AHT20.dir/C_/VSARM/sdk/pico/pico-sdk/src/rp2_common/pico_printf/printf.c.obj
 .text._atoi    0x1000222c       0x24 CMakeFiles/AHT20.dir/C_/VSARM/sdk/pico/pico-sdk/src/rp2_common/pico_printf/printf.c.obj
 .text._out_rev
                0x10002250       0xae CMakeFiles/AHT20.dir/C_/VSARM/sdk/pico/pico-sdk/src/rp2_common/pico_printf/printf.c.obj
 .text._ntoa_format
                0x100022fe      0x110 CMakeFiles/AHT20.dir/C_/VSARM/sdk/pico/pico-sdk/src/rp2_common/pico_printf/printf.c.obj
 .text._ntoa_long
                0x1000240e       0xbc CMakeFiles/AHT20.dir/C_/VSARM/sdk/pico/pico-sdk/src/rp2_common/pico_printf/printf.c.obj
 .text._ntoa_long_long
                0x100024ca      0x10e CMakeFiles/AHT20.dir/C_/VSARM/sdk/pico/pico-sdk/src/rp2_common/pico_printf/printf.c.obj
 .text._etoa    0x100025d8      0x420 CMakeFiles/AHT20.dir/C_/VSARM/sdk/pico/pico-sdk/src/rp2_common/pico_printf/printf.c.obj
 .text._ftoa    0x100029f8      0x354 CMakeFiles/AHT20.dir/C_/VSARM/sdk/pico/pico-sdk/src/rp2_common/pico_printf/printf.c.obj
 .text._vsnprintf
                0x10002d4c      0x65c CMakeFiles/AHT20.dir/C_/VSARM/sdk/pico/pico-sdk/src/rp2_common/pico_printf/printf.c.obj
 .text.vfctprintf
                0x100033a8       0x20 CMakeFiles/AHT20.dir/C_/VSARM/sdk/pico/pico-sdk/src/rp2_common/pico_printf/printf.c.obj
                0x100033a8                vfctprintf
 .text          0x100033c8       0x10 CMakeFiles/AHT20.dir/C_/VSARM/sdk/pico/pico-sdk/src/rp2_common/pico_bit_ops/bit_ops_aeabi.S.obj
 .text.rom_func_lookup
                0x100033d8       0x10 CMakeFiles/AHT20.dir/C_/VSARM/sdk/pico/pico-sdk/src/rp2_common/pico_bootrom/bootrom.c.obj
                0x100033d8                rom_func_lookup
 .text.rom_data_lookup
                0x100033e8       0x10 CMakeFiles/AHT20.dir/C_/VSARM/sdk/pico/pico-sdk/src/rp2_common/pico_bootrom/bootrom.c.obj
                0x100033e8                rom_data_lookup
 .text.rom_funcs_lookup
                0x100033f8       0x36 CMakeFiles/AHT20.dir/C_/VSARM/sdk/pico/pico-sdk/src/rp2_common/pico_bootrom/bootrom.c.obj
                0x100033f8                rom_funcs_lookup
 *fill*         0x1000342e        0x2 
 .text.__wrap___aeabi_idiv
                0x10003430       0x50 CMakeFiles/AHT20.dir/C_/VSARM/sdk/pico/pico-sdk/src/rp2_common/pico_divider/divider.S.obj
                0x10003430                __wrap___aeabi_idivmod
                0x10003430                divmod_s32s32
                0x10003430                div_s32s32
                0x10003430                __wrap___aeabi_idiv
                0x10003438                divmod_s32s32_unsafe
                0x10003464                divmod_s32s32_savestate
 .text.__wrap___aeabi_uidiv
                0x10003480       0x4c CMakeFiles/AHT20.dir/C_/VSARM/sdk/pico/pico-sdk/src/rp2_common/pico_divider/divider.S.obj
                0x10003480                __wrap___aeabi_uidiv
                0x10003480                __wrap___aeabi_uidivmod
                0x10003480                div_u32u32
                0x10003480                divmod_u32u32
                0x10003488                divmod_u32u32_unsafe
                0x100034b0                divmod_u32u32_savestate
 .text.__wrap___aeabi_ldiv
                0x100034cc      0x424 CMakeFiles/AHT20.dir/C_/VSARM/sdk/pico/pico-sdk/src/rp2_common/pico_divider/divider.S.obj
                0x100034cc                div_s64s64
                0x100034cc                divmod_s64s64
                0x100034cc                __wrap___aeabi_ldivmod
                0x100034fc                divmod_u64u64
                0x100034fc                div_u64u64
                0x100034fc                __wrap___aeabi_uldivmod
                0x1000350c                divmod_u64u64_savestate
                0x1000352c                divmod_s64s64_unsafe
                0x100035b4                divmod_u64u64_unsafe
 .text.__wrap___aeabi_darithmetic
                0x100038f0       0x60 CMakeFiles/AHT20.dir/C_/VSARM/sdk/pico/pico-sdk/src/rp2_common/pico_double/double_aeabi.S.obj
                0x100038f0                __wrap___aeabi_drsub
                0x100038f6                __wrap___aeabi_dsub
                0x10003900                __wrap___aeabi_dadd
                0x1000390a                __wrap___aeabi_ddiv
                0x1000393e                __wrap___aeabi_dmul
 .text.__wrap___aeabi_cdcmple
                0x10003950       0x6c CMakeFiles/AHT20.dir/C_/VSARM/sdk/pico/pico-sdk/src/rp2_common/pico_double/double_aeabi.S.obj
                0x10003950                __wrap___aeabi_cdrcmple
                0x10003960                __wrap___aeabi_cdcmpeq
                0x10003960                __wrap___aeabi_cdcmple
 .text.__wrap___aeabi_dcmplt
                0x100039bc        0xc CMakeFiles/AHT20.dir/C_/VSARM/sdk/pico/pico-sdk/src/rp2_common/pico_double/double_aeabi.S.obj
                0x100039bc                __wrap___aeabi_dcmplt
 .text.__wrap___aeabi_dcmple
                0x100039c8       0x10 CMakeFiles/AHT20.dir/C_/VSARM/sdk/pico/pico-sdk/src/rp2_common/pico_double/double_aeabi.S.obj
                0x100039c8                __wrap___aeabi_dcmple
 .text.__wrap___aeabi_dcmpge
                0x100039d8       0x10 CMakeFiles/AHT20.dir/C_/VSARM/sdk/pico/pico-sdk/src/rp2_common/pico_double/double_aeabi.S.obj
                0x100039d8                __wrap___aeabi_dcmpge
 .text.__wrap___aeabi_dcmpgt
                0x100039e8        0xa CMakeFiles/AHT20.dir/C_/VSARM/sdk/pico/pico-sdk/src/rp2_common/pico_double/double_aeabi.S.obj
                0x100039e8                __wrap___aeabi_dcmpgt
 .text.__wrap___aeabi_dcmpun
                0x100039f2       0x1c CMakeFiles/AHT20.dir/C_/VSARM/sdk/pico/pico-sdk/src/rp2_common/pico_double/double_aeabi.S.obj
                0x100039f2                __wrap___aeabi_dcmpun
 *fill*         0x10003a0e        0x2 
 .text.__wrap___aeabi_i2d
                0x10003a10       0x38 CMakeFiles/AHT20.dir/C_/VSARM/sdk/pico/pico-sdk/src/rp2_common/pico_double/double_aeabi.S.obj
                0x10003a10                __wrap___aeabi_ui2d
                0x10003a18                __wrap___aeabi_i2d
 .text.__wrap___aeabi_d2iz
                0x10003a48       0x48 CMakeFiles/AHT20.dir/C_/VSARM/sdk/pico/pico-sdk/src/rp2_common/pico_double/double_aeabi.S.obj
                0x10003a48                double2int_z
                0x10003a48                __wrap___aeabi_d2iz
 .text.__wrap___aeabi_d2uiz
                0x10003a90       0x10 CMakeFiles/AHT20.dir/C_/VSARM/sdk/pico/pico-sdk/src/rp2_common/pico_double/double_aeabi.S.obj
                0x10003a90                __wrap___aeabi_d2uiz
                0x10003a90                double2uint
 .text.missing_double_func_shim
                0x10003aa0        0xc CMakeFiles/AHT20.dir/C_/VSARM/sdk/pico/pico-sdk/src/rp2_common/pico_double/double_init_rom.c.obj
 .text.__aeabi_double_init
                0x10003aac       0xd0 CMakeFiles/AHT20.dir/C_/VSARM/sdk/pico/pico-sdk/src/rp2_common/pico_double/double_init_rom.c.obj
                0x10003aac                __aeabi_double_init
 .text.double_table_shim_on_use_helper
                0x10003b7c       0x34 CMakeFiles/AHT20.dir/C_/VSARM/sdk/pico/pico-sdk/src/rp2_common/pico_double/double_v1_rom_shim.S.obj
                0x10003b7c                double_table_shim_on_use_helper
 .text.__aeabi_lmul
                0x10003bb0       0x32 CMakeFiles/AHT20.dir/C_/VSARM/sdk/pico/pico-sdk/src/rp2_common/pico_int64_ops/pico_int64_ops_aeabi.S.obj
                0x10003bb0                __wrap___aeabi_lmul
 *fill*         0x10003be2        0x2 
 .text.missing_float_func_shim
                0x10003be4        0xc CMakeFiles/AHT20.dir/C_/VSARM/sdk/pico/pico-sdk/src/rp2_common/pico_float/float_init_rom.c.obj
 .text.__aeabi_float_init
                0x10003bf0       0x88 CMakeFiles/AHT20.dir/C_/VSARM/sdk/pico/pico-sdk/src/rp2_common/pico_float/float_init_rom.c.obj
                0x10003bf0                __aeabi_float_init
 .text          0x10003c78       0x10 CMakeFiles/AHT20.dir/C_/VSARM/sdk/pico/pico-sdk/src/rp2_common/pico_mem_ops/mem_ops_aeabi.S.obj
                0x10003c78                __aeabi_mem_init
 .text.memset   0x10003c88        0xc CMakeFiles/AHT20.dir/C_/VSARM/sdk/pico/pico-sdk/src/rp2_common/pico_mem_ops/mem_ops_aeabi.S.obj
                0x10003c88                __wrap_memset
 .text.memcpy   0x10003c94        0xc CMakeFiles/AHT20.dir/C_/VSARM/sdk/pico/pico-sdk/src/rp2_common/pico_mem_ops/mem_ops_aeabi.S.obj
                0x10003c94                __wrap_memcpy
                0x10003c94                __wrap___aeabi_memcpy
 .text.stdio_out_chars_no_crlf
                0x10003ca0        0xe CMakeFiles/AHT20.dir/C_/VSARM/sdk/pico/pico-sdk/src/rp2_common/pico_stdio/stdio.c.obj
 *fill*         0x10003cae        0x2 
 .text.stdio_out_chars_crlf
                0x10003cb0       0x80 CMakeFiles/AHT20.dir/C_/VSARM/sdk/pico/pico-sdk/src/rp2_common/pico_stdio/stdio.c.obj
 .text.stdio_stack_buffer_flush
                0x10003d30       0x44 CMakeFiles/AHT20.dir/C_/VSARM/sdk/pico/pico-sdk/src/rp2_common/pico_stdio/stdio.c.obj
 .text.stdio_buffered_printer
                0x10003d74       0x20 CMakeFiles/AHT20.dir/C_/VSARM/sdk/pico/pico-sdk/src/rp2_common/pico_stdio/stdio.c.obj
 .text.update_us_since_boot
                0x10003d94       0x24 CMakeFiles/AHT20.dir/C_/VSARM/sdk/pico/pico-sdk/src/rp2_common/pico_stdio/stdio.c.obj
 .text.get_absolute_time
                0x10003db8       0x22 CMakeFiles/AHT20.dir/C_/VSARM/sdk/pico/pico-sdk/src/rp2_common/pico_stdio/stdio.c.obj
 *fill*         0x10003dda        0x2 
 .text.delayed_by_ms
                0x10003ddc       0x44 CMakeFiles/AHT20.dir/C_/VSARM/sdk/pico/pico-sdk/src/rp2_common/pico_stdio/stdio.c.obj
 .text.make_timeout_time_ms
                0x10003e20       0x20 CMakeFiles/AHT20.dir/C_/VSARM/sdk/pico/pico-sdk/src/rp2_common/pico_stdio/stdio.c.obj
 .text.stdout_serialize_begin
                0x10003e40       0x20 CMakeFiles/AHT20.dir/C_/VSARM/sdk/pico/pico-sdk/src/rp2_common/pico_stdio/stdio.c.obj
                0x10003e40                stdout_serialize_begin
 .text.stdout_serialize_end
                0x10003e60       0x10 CMakeFiles/AHT20.dir/C_/VSARM/sdk/pico/pico-sdk/src/rp2_common/pico_stdio/stdio.c.obj
                0x10003e60                stdout_serialize_end
 .text.stdio_put_string
                0x10003e70       0x98 CMakeFiles/AHT20.dir/C_/VSARM/sdk/pico/pico-sdk/src/rp2_common/pico_stdio/stdio.c.obj
 .text.stdio_set_driver_enabled
                0x10003f08       0x2c CMakeFiles/AHT20.dir/C_/VSARM/sdk/pico/pico-sdk/src/rp2_common/pico_stdio/stdio.c.obj
                0x10003f08                stdio_set_driver_enabled
 .text.stdio_flush
                0x10003f34       0x20 CMakeFiles/AHT20.dir/C_/VSARM/sdk/pico/pico-sdk/src/rp2_common/pico_stdio/stdio.c.obj
                0x10003f34                stdio_flush
 .text.__wrap_puts
                0x10003f54       0x1e CMakeFiles/AHT20.dir/C_/VSARM/sdk/pico/pico-sdk/src/rp2_common/pico_stdio/stdio.c.obj
                0x10003f54                __wrap_puts
 *fill*         0x10003f72        0x2 
 .text.__wrap_vprintf
                0x10003f74       0x40 CMakeFiles/AHT20.dir/C_/VSARM/sdk/pico/pico-sdk/src/rp2_common/pico_stdio/stdio.c.obj
                0x10003f74                __wrap_vprintf
 .text.__wrap_printf
                0x10003fb4       0x18 CMakeFiles/AHT20.dir/C_/VSARM/sdk/pico/pico-sdk/src/rp2_common/pico_stdio/stdio.c.obj
                0x10003fb4                __wrap_printf
 .text.stdio_init_all
                0x10003fcc        0x8 CMakeFiles/AHT20.dir/C_/VSARM/sdk/pico/pico-sdk/src/rp2_common/pico_stdio/stdio.c.obj
                0x10003fcc                stdio_init_all
 .text.resetd_init
                0x10003fd4        0x2 CMakeFiles/AHT20.dir/C_/VSARM/sdk/pico/pico-sdk/src/rp2_common/pico_stdio_usb/reset_interface.c.obj
 *fill*         0x10003fd6        0x2 
 .text.resetd_reset
                0x10003fd8        0xc CMakeFiles/AHT20.dir/C_/VSARM/sdk/pico/pico-sdk/src/rp2_common/pico_stdio_usb/reset_interface.c.obj
 .text.resetd_open
                0x10003fe4       0x34 CMakeFiles/AHT20.dir/C_/VSARM/sdk/pico/pico-sdk/src/rp2_common/pico_stdio_usb/reset_interface.c.obj
 .text.resetd_xfer_cb
                0x10004018        0x4 CMakeFiles/AHT20.dir/C_/VSARM/sdk/pico/pico-sdk/src/rp2_common/pico_stdio_usb/reset_interface.c.obj
 .text.reset_usb_boot
                0x1000401c       0x18 CMakeFiles/AHT20.dir/C_/VSARM/sdk/pico/pico-sdk/src/rp2_common/pico_stdio_usb/reset_interface.c.obj
 .text.resetd_control_xfer_cb
                0x10004034       0x5c CMakeFiles/AHT20.dir/C_/VSARM/sdk/pico/pico-sdk/src/rp2_common/pico_stdio_usb/reset_interface.c.obj
 .text.usbd_app_driver_get_cb
                0x10004090        0xc CMakeFiles/AHT20.dir/C_/VSARM/sdk/pico/pico-sdk/src/rp2_common/pico_stdio_usb/reset_interface.c.obj
                0x10004090                usbd_app_driver_get_cb
 .text.tud_cdc_line_coding_cb
                0x1000409c       0x28 CMakeFiles/AHT20.dir/C_/VSARM/sdk/pico/pico-sdk/src/rp2_common/pico_stdio_usb/reset_interface.c.obj
                0x1000409c                tud_cdc_line_coding_cb
 .text.stdio_usb_set_chars_available_callback
                0x100040c4       0x14 CMakeFiles/AHT20.dir/C_/VSARM/sdk/pico/pico-sdk/src/rp2_common/pico_stdio_usb/stdio_usb.c.obj
                0x100040c4                stdio_usb_set_chars_available_callback
 .text.update_us_since_boot
                0x100040d8       0x24 CMakeFiles/AHT20.dir/C_/VSARM/sdk/pico/pico-sdk/src/rp2_common/pico_stdio_usb/stdio_usb.c.obj
 .text.get_absolute_time
                0x100040fc       0x22 CMakeFiles/AHT20.dir/C_/VSARM/sdk/pico/pico-sdk/src/rp2_common/pico_stdio_usb/stdio_usb.c.obj
 *fill*         0x1000411e        0x2 
 .text.delayed_by_ms
                0x10004120       0x44 CMakeFiles/AHT20.dir/C_/VSARM/sdk/pico/pico-sdk/src/rp2_common/pico_stdio_usb/stdio_usb.c.obj
 .text.make_timeout_time_ms
                0x10004164       0x20 CMakeFiles/AHT20.dir/C_/VSARM/sdk/pico/pico-sdk/src/rp2_common/pico_stdio_usb/stdio_usb.c.obj
 .text.delayed_by_us
                0x10004184       0x34 CMakeFiles/AHT20.dir/C_/VSARM/sdk/pico/pico-sdk/src/rp2_common/pico_stdio_usb/stdio_usb.c.obj
 .text.usb_irq  0x100041b8       0x10 CMakeFiles/AHT20.dir/C_/VSARM/sdk/pico/pico-sdk/src/rp2_common/pico_stdio_usb/stdio_usb.c.obj
 .text.critical_section_enter_blocking
                0x100041c8       0x16 CMakeFiles/AHT20.dir/C_/VSARM/sdk/pico/pico-sdk/src/rp2_common/pico_stdio_usb/stdio_usb.c.obj
 *fill*         0x100041de        0x2 
 .text.timer_task
                0x100041e0       0x4c CMakeFiles/AHT20.dir/C_/VSARM/sdk/pico/pico-sdk/src/rp2_common/pico_stdio_usb/stdio_usb.c.obj
 .text.alarm_pool_add_alarm_in_us
                0x1000422c       0x3a CMakeFiles/AHT20.dir/C_/VSARM/sdk/pico/pico-sdk/src/rp2_common/pico_stdio_usb/stdio_usb.c.obj
 .text.add_alarm_in_us
                0x10004266       0x2e CMakeFiles/AHT20.dir/C_/VSARM/sdk/pico/pico-sdk/src/rp2_common/pico_stdio_usb/stdio_usb.c.obj
 .text.low_priority_worker_irq
                0x10004294       0x7c CMakeFiles/AHT20.dir/C_/VSARM/sdk/pico/pico-sdk/src/rp2_common/pico_stdio_usb/stdio_usb.c.obj
 .text.tud_cdc_rx_cb
                0x10004310       0x20 CMakeFiles/AHT20.dir/C_/VSARM/sdk/pico/pico-sdk/src/rp2_common/pico_stdio_usb/stdio_usb.c.obj
                0x10004310                tud_cdc_rx_cb
 .text.stdio_usb_init
                0x10004330       0xd0 CMakeFiles/AHT20.dir/C_/VSARM/sdk/pico/pico-sdk/src/rp2_common/pico_stdio_usb/stdio_usb.c.obj
                0x10004330                stdio_usb_init
 .text.stdio_usb_connected
                0x10004400        0xa CMakeFiles/AHT20.dir/C_/VSARM/sdk/pico/pico-sdk/src/rp2_common/pico_stdio_usb/stdio_usb.c.obj
                0x10004400                stdio_usb_connected
 *fill*         0x1000440a        0x2 
 .text.stdio_usb_in_chars
                0x1000440c       0x88 CMakeFiles/AHT20.dir/C_/VSARM/sdk/pico/pico-sdk/src/rp2_common/pico_stdio_usb/stdio_usb.c.obj
                0x1000440c                stdio_usb_in_chars
 .text.stdio_usb_out_chars
                0x10004494       0xd8 CMakeFiles/AHT20.dir/C_/VSARM/sdk/pico/pico-sdk/src/rp2_common/pico_stdio_usb/stdio_usb.c.obj
 .text.tud_descriptor_device_cb
                0x1000456c        0x8 CMakeFiles/AHT20.dir/C_/VSARM/sdk/pico/pico-sdk/src/rp2_common/pico_stdio_usb/stdio_usb_descriptors.c.obj
                0x1000456c                tud_descriptor_device_cb
 .text.tud_descriptor_configuration_cb
                0x10004574        0x8 CMakeFiles/AHT20.dir/C_/VSARM/sdk/pico/pico-sdk/src/rp2_common/pico_stdio_usb/stdio_usb_descriptors.c.obj
                0x10004574                tud_descriptor_configuration_cb
 .text.tud_descriptor_string_cb
                0x1000457c       0x6c CMakeFiles/AHT20.dir/C_/VSARM/sdk/pico/pico-sdk/src/rp2_common/pico_stdio_usb/stdio_usb_descriptors.c.obj
                0x1000457c                tud_descriptor_string_cb
 .text._retrieve_unique_id_on_boot
                0x100045e8       0x10 CMakeFiles/AHT20.dir/C_/VSARM/sdk/pico/pico-sdk/src/rp2_common/pico_unique_id/unique_id.c.obj
 .text.pico_get_unique_board_id_string
                0x100045f8       0x5c CMakeFiles/AHT20.dir/C_/VSARM/sdk/pico/pico-sdk/src/rp2_common/pico_unique_id/unique_id.c.obj
                0x100045f8                pico_get_unique_board_id_string
 .text.flash_get_unique_id
                0x10004654       0x46 CMakeFiles/AHT20.dir/C_/VSARM/sdk/pico/pico-sdk/src/rp2_common/hardware_flash/flash.c.obj
                0x10004654                flash_get_unique_id
 *fill*         0x1000469a        0x2 
 .text.hw_endpoint_get_by_addr
                0x1000469c       0x18 CMakeFiles/AHT20.dir/C_/VSARM/sdk/pico/pico-sdk/lib/tinyusb/src/portable/raspberrypi/rp2040/dcd_rp2040.c.obj
 .text._hw_endpoint_alloc
                0x100046b4       0x70 CMakeFiles/AHT20.dir/C_/VSARM/sdk/pico/pico-sdk/lib/tinyusb/src/portable/raspberrypi/rp2040/dcd_rp2040.c.obj
 .text.hw_endpoint_init
                0x10004724       0x88 CMakeFiles/AHT20.dir/C_/VSARM/sdk/pico/pico-sdk/lib/tinyusb/src/portable/raspberrypi/rp2040/dcd_rp2040.c.obj
 .text.dcd_event_sof
                0x100047ac       0x2c CMakeFiles/AHT20.dir/C_/VSARM/sdk/pico/pico-sdk/lib/tinyusb/src/portable/raspberrypi/rp2040/dcd_rp2040.c.obj
 .text.hw_endpoint_xfer
                0x100047d8       0x14 CMakeFiles/AHT20.dir/C_/VSARM/sdk/pico/pico-sdk/lib/tinyusb/src/portable/raspberrypi/rp2040/dcd_rp2040.c.obj
 .text.dcd_int_enable
                0x100047ec       0x2c CMakeFiles/AHT20.dir/C_/VSARM/sdk/pico/pico-sdk/lib/tinyusb/src/portable/raspberrypi/rp2040/dcd_rp2040.c.obj
                0x100047ec                dcd_int_enable
 .text.dcd_set_address
                0x10004818       0x2c CMakeFiles/AHT20.dir/C_/VSARM/sdk/pico/pico-sdk/lib/tinyusb/src/portable/raspberrypi/rp2040/dcd_rp2040.c.obj
                0x10004818                dcd_set_address
 .text.dcd_connect
                0x10004844       0x10 CMakeFiles/AHT20.dir/C_/VSARM/sdk/pico/pico-sdk/lib/tinyusb/src/portable/raspberrypi/rp2040/dcd_rp2040.c.obj
                0x10004844                dcd_connect
 .text.dcd_init
                0x10004854       0x80 CMakeFiles/AHT20.dir/C_/VSARM/sdk/pico/pico-sdk/lib/tinyusb/src/portable/raspberrypi/rp2040/dcd_rp2040.c.obj
                0x10004854                dcd_init
 .text.dcd_edpt0_status_complete
                0x100048d4       0x1c CMakeFiles/AHT20.dir/C_/VSARM/sdk/pico/pico-sdk/lib/tinyusb/src/portable/raspberrypi/rp2040/dcd_rp2040.c.obj
                0x100048d4                dcd_edpt0_status_complete
 .text.dcd_edpt_open
                0x100048f0       0x40 CMakeFiles/AHT20.dir/C_/VSARM/sdk/pico/pico-sdk/lib/tinyusb/src/portable/raspberrypi/rp2040/dcd_rp2040.c.obj
                0x100048f0                dcd_edpt_open
 .text.dcd_edpt_close_all
                0x10004930        0x8 CMakeFiles/AHT20.dir/C_/VSARM/sdk/pico/pico-sdk/lib/tinyusb/src/portable/raspberrypi/rp2040/dcd_rp2040.c.obj
                0x10004930                dcd_edpt_close_all
 .text.dcd_edpt_xfer
                0x10004938       0x34 CMakeFiles/AHT20.dir/C_/VSARM/sdk/pico/pico-sdk/lib/tinyusb/src/portable/raspberrypi/rp2040/dcd_rp2040.c.obj
                0x10004938                dcd_edpt_xfer
 .text.dcd_edpt_stall
                0x1000496c       0x2c CMakeFiles/AHT20.dir/C_/VSARM/sdk/pico/pico-sdk/lib/tinyusb/src/portable/raspberrypi/rp2040/dcd_rp2040.c.obj
                0x1000496c                dcd_edpt_stall
 .text.dcd_edpt_clear_stall
                0x10004998       0x20 CMakeFiles/AHT20.dir/C_/VSARM/sdk/pico/pico-sdk/lib/tinyusb/src/portable/raspberrypi/rp2040/dcd_rp2040.c.obj
                0x10004998                dcd_edpt_clear_stall
 .text.rp2040_usb_init
                0x100049b8       0x4c CMakeFiles/AHT20.dir/C_/VSARM/sdk/pico/pico-sdk/lib/tinyusb/src/portable/raspberrypi/rp2040/rp2040_usb.c.obj
                0x100049b8                rp2040_usb_init
 .text.hw_endpoint_xfer_start
                0x10004a04       0x50 CMakeFiles/AHT20.dir/C_/VSARM/sdk/pico/pico-sdk/lib/tinyusb/src/portable/raspberrypi/rp2040/rp2040_usb.c.obj
                0x10004a04                hw_endpoint_xfer_start
 .text.configuration_reset
                0x10004a54       0x84 CMakeFiles/AHT20.dir/C_/VSARM/sdk/pico/pico-sdk/lib/tinyusb/src/device/usbd.c.obj
 .text.critical_section_enter_blocking
                0x10004ad8       0x16 CMakeFiles/AHT20.dir/C_/VSARM/sdk/pico/pico-sdk/lib/tinyusb/src/device/usbd.c.obj
 .text.usbd_reset
                0x10004aee        0xc CMakeFiles/AHT20.dir/C_/VSARM/sdk/pico/pico-sdk/lib/tinyusb/src/device/usbd.c.obj
 .text.invoke_class_control
                0x10004afa       0x1a CMakeFiles/AHT20.dir/C_/VSARM/sdk/pico/pico-sdk/lib/tinyusb/src/device/usbd.c.obj
 .text.process_set_config
                0x10004b14      0x178 CMakeFiles/AHT20.dir/C_/VSARM/sdk/pico/pico-sdk/lib/tinyusb/src/device/usbd.c.obj
 .text.process_get_descriptor
                0x10004c8c       0xdc CMakeFiles/AHT20.dir/C_/VSARM/sdk/pico/pico-sdk/lib/tinyusb/src/device/usbd.c.obj
 .text.tud_mounted
                0x10004d68       0x10 CMakeFiles/AHT20.dir/C_/VSARM/sdk/pico/pico-sdk/lib/tinyusb/src/device/usbd.c.obj
                0x10004d68                tud_mounted
 .text.tud_suspended
                0x10004d78       0x10 CMakeFiles/AHT20.dir/C_/VSARM/sdk/pico/pico-sdk/lib/tinyusb/src/device/usbd.c.obj
                0x10004d78                tud_suspended
 .text.tud_inited
                0x10004d88       0x14 CMakeFiles/AHT20.dir/C_/VSARM/sdk/pico/pico-sdk/lib/tinyusb/src/device/usbd.c.obj
                0x10004d88                tud_inited
 .text.tud_init
                0x10004d9c       0xcc CMakeFiles/AHT20.dir/C_/VSARM/sdk/pico/pico-sdk/lib/tinyusb/src/device/usbd.c.obj
                0x10004d9c                tud_init
 .text.usbd_defer_func
                0x10004e68       0x2a CMakeFiles/AHT20.dir/C_/VSARM/sdk/pico/pico-sdk/lib/tinyusb/src/device/usbd.c.obj
                0x10004e68                usbd_defer_func
 *fill*         0x10004e92        0x2 
 .text.usbd_edpt_open
                0x10004e94       0x34 CMakeFiles/AHT20.dir/C_/VSARM/sdk/pico/pico-sdk/lib/tinyusb/src/device/usbd.c.obj
                0x10004e94                usbd_edpt_open
 .text.usbd_open_edpt_pair
                0x10004ec8       0x62 CMakeFiles/AHT20.dir/C_/VSARM/sdk/pico/pico-sdk/lib/tinyusb/src/device/usbd.c.obj
                0x10004ec8                usbd_open_edpt_pair
 *fill*         0x10004f2a        0x2 
 .text.usbd_edpt_claim
                0x10004f2c       0x28 CMakeFiles/AHT20.dir/C_/VSARM/sdk/pico/pico-sdk/lib/tinyusb/src/device/usbd.c.obj
                0x10004f2c                usbd_edpt_claim
 .text.usbd_edpt_release
                0x10004f54       0x28 CMakeFiles/AHT20.dir/C_/VSARM/sdk/pico/pico-sdk/lib/tinyusb/src/device/usbd.c.obj
                0x10004f54                usbd_edpt_release
 .text.usbd_edpt_xfer
                0x10004f7c       0x78 CMakeFiles/AHT20.dir/C_/VSARM/sdk/pico/pico-sdk/lib/tinyusb/src/device/usbd.c.obj
                0x10004f7c                usbd_edpt_xfer
 .text.usbd_edpt_stall
                0x10004ff4       0x48 CMakeFiles/AHT20.dir/C_/VSARM/sdk/pico/pico-sdk/lib/tinyusb/src/device/usbd.c.obj
                0x10004ff4                usbd_edpt_stall
 .text.usbd_edpt_clear_stall
                0x1000503c       0x48 CMakeFiles/AHT20.dir/C_/VSARM/sdk/pico/pico-sdk/lib/tinyusb/src/device/usbd.c.obj
                0x1000503c                usbd_edpt_clear_stall
 .text.usbd_edpt_stalled
                0x10005084       0x1c CMakeFiles/AHT20.dir/C_/VSARM/sdk/pico/pico-sdk/lib/tinyusb/src/device/usbd.c.obj
                0x10005084                usbd_edpt_stalled
 .text.process_control_request
                0x100050a0      0x374 CMakeFiles/AHT20.dir/C_/VSARM/sdk/pico/pico-sdk/lib/tinyusb/src/device/usbd.c.obj
 .text.tud_task_ext
                0x10005414      0x1a8 CMakeFiles/AHT20.dir/C_/VSARM/sdk/pico/pico-sdk/lib/tinyusb/src/device/usbd.c.obj
                0x10005414                tud_task_ext
 .text._status_stage_xact
                0x100055bc       0x1a CMakeFiles/AHT20.dir/C_/VSARM/sdk/pico/pico-sdk/lib/tinyusb/src/device/usbd_control.c.obj
 *fill*         0x100055d6        0x2 
 .text._data_stage_xact
                0x100055d8       0x58 CMakeFiles/AHT20.dir/C_/VSARM/sdk/pico/pico-sdk/lib/tinyusb/src/device/usbd_control.c.obj
 .text.tud_control_status
                0x10005630       0x28 CMakeFiles/AHT20.dir/C_/VSARM/sdk/pico/pico-sdk/lib/tinyusb/src/device/usbd_control.c.obj
                0x10005630                tud_control_status
 .text.tud_control_xfer
                0x10005658       0x68 CMakeFiles/AHT20.dir/C_/VSARM/sdk/pico/pico-sdk/lib/tinyusb/src/device/usbd_control.c.obj
                0x10005658                tud_control_xfer
 .text.usbd_control_reset
                0x100056c0       0x14 CMakeFiles/AHT20.dir/C_/VSARM/sdk/pico/pico-sdk/lib/tinyusb/src/device/usbd_control.c.obj
                0x100056c0                usbd_control_reset
 .text.usbd_control_set_complete_callback
                0x100056d4        0xc CMakeFiles/AHT20.dir/C_/VSARM/sdk/pico/pico-sdk/lib/tinyusb/src/device/usbd_control.c.obj
                0x100056d4                usbd_control_set_complete_callback
 .text.usbd_control_set_request
                0x100056e0       0x1c CMakeFiles/AHT20.dir/C_/VSARM/sdk/pico/pico-sdk/lib/tinyusb/src/device/usbd_control.c.obj
                0x100056e0                usbd_control_set_request
 .text.usbd_control_xfer_cb
                0x100056fc       0xbc CMakeFiles/AHT20.dir/C_/VSARM/sdk/pico/pico-sdk/lib/tinyusb/src/device/usbd_control.c.obj
                0x100056fc                usbd_control_xfer_cb
 .text._prep_out_transaction
                0x100057b8       0x4a CMakeFiles/AHT20.dir/C_/VSARM/sdk/pico/pico-sdk/lib/tinyusb/src/class/cdc/cdc_device.c.obj
 *fill*         0x10005802        0x2 
 .text.tud_cdc_n_connected
                0x10005804       0x38 CMakeFiles/AHT20.dir/C_/VSARM/sdk/pico/pico-sdk/lib/tinyusb/src/class/cdc/cdc_device.c.obj
                0x10005804                tud_cdc_n_connected
 .text.tud_cdc_n_available
                0x1000583c       0x18 CMakeFiles/AHT20.dir/C_/VSARM/sdk/pico/pico-sdk/lib/tinyusb/src/class/cdc/cdc_device.c.obj
                0x1000583c                tud_cdc_n_available
 .text.tud_cdc_n_read
                0x10005854       0x28 CMakeFiles/AHT20.dir/C_/VSARM/sdk/pico/pico-sdk/lib/tinyusb/src/class/cdc/cdc_device.c.obj
                0x10005854                tud_cdc_n_read
 .text.tud_cdc_n_write_flush
                0x1000587c       0xb8 CMakeFiles/AHT20.dir/C_/VSARM/sdk/pico/pico-sdk/lib/tinyusb/src/class/cdc/cdc_device.c.obj
                0x1000587c                tud_cdc_n_write_flush
 .text.tud_cdc_n_write
                0x10005934       0x38 CMakeFiles/AHT20.dir/C_/VSARM/sdk/pico/pico-sdk/lib/tinyusb/src/class/cdc/cdc_device.c.obj
                0x10005934                tud_cdc_n_write
 .text.tud_cdc_n_write_available
                0x1000596c       0x1c CMakeFiles/AHT20.dir/C_/VSARM/sdk/pico/pico-sdk/lib/tinyusb/src/class/cdc/cdc_device.c.obj
                0x1000596c                tud_cdc_n_write_available
 .text.cdcd_init
                0x10005988       0xbc CMakeFiles/AHT20.dir/C_/VSARM/sdk/pico/pico-sdk/lib/tinyusb/src/class/cdc/cdc_device.c.obj
                0x10005988                cdcd_init
 .text.cdcd_reset
                0x10005a44       0x44 CMakeFiles/AHT20.dir/C_/VSARM/sdk/pico/pico-sdk/lib/tinyusb/src/class/cdc/cdc_device.c.obj
                0x10005a44                cdcd_reset
 .text.cdcd_open
                0x10005a88       0xc4 CMakeFiles/AHT20.dir/C_/VSARM/sdk/pico/pico-sdk/lib/tinyusb/src/class/cdc/cdc_device.c.obj
                0x10005a88                cdcd_open
 .text.cdcd_control_xfer_cb
                0x10005b4c      0x134 CMakeFiles/AHT20.dir/C_/VSARM/sdk/pico/pico-sdk/lib/tinyusb/src/class/cdc/cdc_device.c.obj
                0x10005b4c                cdcd_control_xfer_cb
 .text.cdcd_xfer_cb
                0x10005c80      0x130 CMakeFiles/AHT20.dir/C_/VSARM/sdk/pico/pico-sdk/lib/tinyusb/src/class/cdc/cdc_device.c.obj
                0x10005c80                cdcd_xfer_cb
 .text.tusb_init
                0x10005db0        0xa CMakeFiles/AHT20.dir/C_/VSARM/sdk/pico/pico-sdk/lib/tinyusb/src/tusb.c.obj
                0x10005db0                tusb_init
 .text.tusb_inited
                0x10005dba        0xe CMakeFiles/AHT20.dir/C_/VSARM/sdk/pico/pico-sdk/lib/tinyusb/src/tusb.c.obj
                0x10005dba                tusb_inited
 .text.tu_edpt_claim
                0x10005dc8       0x50 CMakeFiles/AHT20.dir/C_/VSARM/sdk/pico/pico-sdk/lib/tinyusb/src/tusb.c.obj
                0x10005dc8                tu_edpt_claim
 .text.tu_edpt_release
                0x10005e18       0x38 CMakeFiles/AHT20.dir/C_/VSARM/sdk/pico/pico-sdk/lib/tinyusb/src/tusb.c.obj
                0x10005e18                tu_edpt_release
 .text.tu_edpt_validate
                0x10005e50       0x78 CMakeFiles/AHT20.dir/C_/VSARM/sdk/pico/pico-sdk/lib/tinyusb/src/tusb.c.obj
                0x10005e50                tu_edpt_validate
 .text.tu_edpt_bind_driver
                0x10005ec8       0x26 CMakeFiles/AHT20.dir/C_/VSARM/sdk/pico/pico-sdk/lib/tinyusb/src/tusb.c.obj
                0x10005ec8                tu_edpt_bind_driver
 .text.advance_index
                0x10005eee       0x1a CMakeFiles/AHT20.dir/C_/VSARM/sdk/pico/pico-sdk/lib/tinyusb/src/common/tusb_fifo.c.obj
 .text._tu_fifo_peek
                0x10005f08       0x56 CMakeFiles/AHT20.dir/C_/VSARM/sdk/pico/pico-sdk/lib/tinyusb/src/common/tusb_fifo.c.obj
 .text._ff_pull_const_addr
                0x10005f5e       0x4c CMakeFiles/AHT20.dir/C_/VSARM/sdk/pico/pico-sdk/lib/tinyusb/src/common/tusb_fifo.c.obj
 .text._ff_pull_n
                0x10005faa      0x110 CMakeFiles/AHT20.dir/C_/VSARM/sdk/pico/pico-sdk/lib/tinyusb/src/common/tusb_fifo.c.obj
 .text._tu_fifo_peek_n
                0x100060ba       0x6a CMakeFiles/AHT20.dir/C_/VSARM/sdk/pico/pico-sdk/lib/tinyusb/src/common/tusb_fifo.c.obj
 .text._tu_fifo_read_n
                0x10006124       0x4e CMakeFiles/AHT20.dir/C_/VSARM/sdk/pico/pico-sdk/lib/tinyusb/src/common/tusb_fifo.c.obj
 .text._ff_push_const_addr
                0x10006172       0x40 CMakeFiles/AHT20.dir/C_/VSARM/sdk/pico/pico-sdk/lib/tinyusb/src/common/tusb_fifo.c.obj
 .text._ff_push_n
                0x100061b2      0x10c CMakeFiles/AHT20.dir/C_/VSARM/sdk/pico/pico-sdk/lib/tinyusb/src/common/tusb_fifo.c.obj
 .text._tu_fifo_write_n
                0x100062be       0xf0 CMakeFiles/AHT20.dir/C_/VSARM/sdk/pico/pico-sdk/lib/tinyusb/src/common/tusb_fifo.c.obj
 .text.tu_fifo_config
                0x100063ae       0x7c CMakeFiles/AHT20.dir/C_/VSARM/sdk/pico/pico-sdk/lib/tinyusb/src/common/tusb_fifo.c.obj
                0x100063ae                tu_fifo_config
 .text.tu_fifo_count
                0x1000642a       0x2a CMakeFiles/AHT20.dir/C_/VSARM/sdk/pico/pico-sdk/lib/tinyusb/src/common/tusb_fifo.c.obj
                0x1000642a                tu_fifo_count
 .text.tu_fifo_empty
                0x10006454        0xe CMakeFiles/AHT20.dir/C_/VSARM/sdk/pico/pico-sdk/lib/tinyusb/src/common/tusb_fifo.c.obj
                0x10006454                tu_fifo_empty
 .text.tu_fifo_full
                0x10006462       0x28 CMakeFiles/AHT20.dir/C_/VSARM/sdk/pico/pico-sdk/lib/tinyusb/src/common/tusb_fifo.c.obj
                0x10006462                tu_fifo_full
 .text.tu_fifo_remaining
                0x1000648a       0x2c CMakeFiles/AHT20.dir/C_/VSARM/sdk/pico/pico-sdk/lib/tinyusb/src/common/tusb_fifo.c.obj
                0x1000648a                tu_fifo_remaining
 .text.tu_fifo_read
                0x100064b6       0x42 CMakeFiles/AHT20.dir/C_/VSARM/sdk/pico/pico-sdk/lib/tinyusb/src/common/tusb_fifo.c.obj
                0x100064b6                tu_fifo_read
 .text.tu_fifo_read_n
                0x100064f8        0xa CMakeFiles/AHT20.dir/C_/VSARM/sdk/pico/pico-sdk/lib/tinyusb/src/common/tusb_fifo.c.obj
                0x100064f8                tu_fifo_read_n
 .text.tu_fifo_write
                0x10006502       0x64 CMakeFiles/AHT20.dir/C_/VSARM/sdk/pico/pico-sdk/lib/tinyusb/src/common/tusb_fifo.c.obj
                0x10006502                tu_fifo_write
 .text.tu_fifo_write_n
                0x10006566        0xa CMakeFiles/AHT20.dir/C_/VSARM/sdk/pico/pico-sdk/lib/tinyusb/src/common/tusb_fifo.c.obj
                0x10006566                tu_fifo_write_n
 .text.tu_fifo_clear
                0x10006570       0x3e CMakeFiles/AHT20.dir/C_/VSARM/sdk/pico/pico-sdk/lib/tinyusb/src/common/tusb_fifo.c.obj
                0x10006570                tu_fifo_clear
 .text.tu_fifo_set_overwritable
                0x100065ae       0x46 CMakeFiles/AHT20.dir/C_/VSARM/sdk/pico/pico-sdk/lib/tinyusb/src/common/tusb_fifo.c.obj
                0x100065ae                tu_fifo_set_overwritable
 .text.strlen   0x100065f4       0x5c c:/vsarm/armcc/125863~1.3re/bin/../lib/gcc/arm-none-eabi/12.3.1/thumb/v6-m/nofp\libg.a(libc_a-strlen-stub.o)
                0x100065f4                strlen
 *(.fini)
 .fini          0x10006650        0x4 c:/vsarm/armcc/125863~1.3re/bin/../lib/gcc/arm-none-eabi/12.3.1/thumb/v6-m/nofp/crti.o
                0x10006650                _fini
 *fill*         0x10006654        0x4 
 .fini.__stub   0x10006658       0xe0 linker stubs
 *crtbegin.o(.ctors)
 *crtbegin?.o(.ctors)
 *(EXCLUDE_FILE(*crtend.o *crtend?.o) .ctors)
 *(SORT_BY_NAME(.ctors.*))
 *(.ctors)
 *crtbegin.o(.dtors)
 *crtbegin?.o(.dtors)
 *(EXCLUDE_FILE(*crtend.o *crtend?.o) .dtors)
 *(SORT_BY_NAME(.dtors.*))
 *(.dtors)
 *(.eh_frame*)
 .eh_frame      0x10006738        0x0 c:/vsarm/armcc/125863~1.3re/bin/../lib/gcc/arm-none-eabi/12.3.1/thumb/v6-m/nofp/crtbegin.o
                0x10006738                        . = ALIGN (0x4)

.glue_7         0x10006738        0x0
 .glue_7        0x10006738        0x0 linker stubs

.glue_7t        0x10006738        0x0
 .glue_7t       0x10006738        0x0 linker stubs

.vfp11_veneer   0x10006738        0x0
 .vfp11_veneer  0x10006738        0x0 linker stubs

.v4_bx          0x10006738        0x0
 .v4_bx         0x10006738        0x0 linker stubs

.iplt           0x10006738        0x0
 .iplt          0x10006738        0x0 c:/vsarm/armcc/125863~1.3re/bin/../lib/gcc/arm-none-eabi/12.3.1/thumb/v6-m/nofp/crtbegin.o

.rodata         0x10006738     0x1518
 *(EXCLUDE_FILE(*libm.a: *libc.a:*lib_a-mem*.o *libgcc.a:) .rodata*)
 .rodata.spin_lock_claim_unused.str1.4
                0x10006738       0x1b CMakeFiles/AHT20.dir/C_/VSARM/sdk/pico/pico-sdk/src/rp2_common/hardware_sync/sync.c.obj
 *fill*         0x10006753        0x1 
 .rodata.resolve_branch.str1.4
                0x10006754       0x55 CMakeFiles/AHT20.dir/C_/VSARM/sdk/pico/pico-sdk/src/rp2_common/hardware_irq/irq.c.obj
 *fill*         0x100067a9        0x3 
 .rodata.make_branch.str1.4
                0x100067ac       0x30 CMakeFiles/AHT20.dir/C_/VSARM/sdk/pico/pico-sdk/src/rp2_common/hardware_irq/irq.c.obj
 .rodata.insert_branch_and_link.str1.4
                0x100067dc       0x10 CMakeFiles/AHT20.dir/C_/VSARM/sdk/pico/pico-sdk/src/rp2_common/hardware_irq/irq.c.obj
 .rodata.irq_set_exclusive_handler.str1.4
                0x100067ec       0x36 CMakeFiles/AHT20.dir/C_/VSARM/sdk/pico/pico-sdk/src/rp2_common/hardware_irq/irq.c.obj
 *fill*         0x10006822        0x2 
 .rodata.irq_add_shared_handler.str1.4
                0x10006824       0xc2 CMakeFiles/AHT20.dir/C_/VSARM/sdk/pico/pico-sdk/src/rp2_common/hardware_irq/irq.c.obj
 *fill*         0x100068e6        0x2 
 .rodata.irq_remove_handler.str1.4
                0x100068e8       0x3a CMakeFiles/AHT20.dir/C_/VSARM/sdk/pico/pico-sdk/src/rp2_common/hardware_irq/irq.c.obj
 *fill*         0x10006922        0x2 
 .rodata.irq_add_tail_to_free_list.str1.4
                0x10006924       0x3a CMakeFiles/AHT20.dir/C_/VSARM/sdk/pico/pico-sdk/src/rp2_common/hardware_irq/irq.c.obj
 *fill*         0x1000695e        0x2 
 .rodata.user_irq_claim_unused.str1.4
                0x10006960       0x1b CMakeFiles/AHT20.dir/C_/VSARM/sdk/pico/pico-sdk/src/rp2_common/hardware_irq/irq.c.obj
 *fill*         0x1000697b        0x1 
 .rodata.__func__.0
                0x1000697c       0x1a CMakeFiles/AHT20.dir/C_/VSARM/sdk/pico/pico-sdk/src/rp2_common/hardware_irq/irq.c.obj
 *fill*         0x10006996        0x2 
 .rodata.__func__.1
                0x10006998       0x17 CMakeFiles/AHT20.dir/C_/VSARM/sdk/pico/pico-sdk/src/rp2_common/hardware_irq/irq.c.obj
 *fill*         0x100069af        0x1 
 .rodata.__func__.2
                0x100069b0       0x13 CMakeFiles/AHT20.dir/C_/VSARM/sdk/pico/pico-sdk/src/rp2_common/hardware_irq/irq.c.obj
 *fill*         0x100069c3        0x1 
 .rodata.__func__.3
                0x100069c4        0xc CMakeFiles/AHT20.dir/C_/VSARM/sdk/pico/pico-sdk/src/rp2_common/hardware_irq/irq.c.obj
 .rodata.__func__.4
                0x100069d0        0xf CMakeFiles/AHT20.dir/C_/VSARM/sdk/pico/pico-sdk/src/rp2_common/hardware_irq/irq.c.obj
 *fill*         0x100069df        0x1 
 .rodata.__func__.5
                0x100069e0       0x17 CMakeFiles/AHT20.dir/C_/VSARM/sdk/pico/pico-sdk/src/rp2_common/hardware_irq/irq.c.obj
 *fill*         0x100069f7        0x1 
 .rodata.__func__.6
                0x100069f8       0x1a CMakeFiles/AHT20.dir/C_/VSARM/sdk/pico/pico-sdk/src/rp2_common/hardware_irq/irq.c.obj
 *fill*         0x10006a12        0x2 
 .rodata.update_us_since_boot.str1.4
                0x10006a14       0x61 CMakeFiles/AHT20.dir/C_/VSARM/sdk/pico/pico-sdk/src/common/pico_sync/mutex.c.obj
 *fill*         0x10006a75        0x3 
 .rodata.str1.4
                0x10006a78       0x89 CMakeFiles/AHT20.dir/C_/VSARM/sdk/pico/pico-sdk/src/common/pico_sync/mutex.c.obj
 *fill*         0x10006b01        0x3 
 .rodata.__func__.1
                0x10006b04        0xb CMakeFiles/AHT20.dir/C_/VSARM/sdk/pico/pico-sdk/src/common/pico_sync/mutex.c.obj
 *fill*         0x10006b0f        0x1 
 .rodata.__func__.3
                0x10006b10       0x18 CMakeFiles/AHT20.dir/C_/VSARM/sdk/pico/pico-sdk/src/common/pico_sync/mutex.c.obj
 .rodata.__func__.4
                0x10006b28       0x15 CMakeFiles/AHT20.dir/C_/VSARM/sdk/pico/pico-sdk/src/common/pico_sync/mutex.c.obj
 *fill*         0x10006b3d        0x3 
 .rodata.get_entry.str1.4
                0x10006b40       0x5b CMakeFiles/AHT20.dir/C_/VSARM/sdk/pico/pico-sdk/src/common/pico_time/time.c.obj
 .rodata.update_us_since_boot.str1.4
                0x10006b9b       0x61 CMakeFiles/AHT20.dir/C_/VSARM/sdk/pico/pico-sdk/src/common/pico_time/time.c.obj
 *fill*         0x10006b9b        0x1 
 .rodata.ph_get_node.str1.4
                0x10006b9c       0x66 CMakeFiles/AHT20.dir/C_/VSARM/sdk/pico/pico-sdk/src/common/pico_time/time.c.obj
 *fill*         0x10006c02        0x2 
 .rodata.ph_add_child_node.str1.4
                0x10006c04       0x2e CMakeFiles/AHT20.dir/C_/VSARM/sdk/pico/pico-sdk/src/common/pico_time/time.c.obj
 *fill*         0x10006c32        0x2 
 .rodata.ph_insert_node.str1.4
                0x10006c34        0x3 CMakeFiles/AHT20.dir/C_/VSARM/sdk/pico/pico-sdk/src/common/pico_time/time.c.obj
 *fill*         0x10006c37        0x1 
 .rodata.ph_free_node.str1.4
                0x10006c38       0x38 CMakeFiles/AHT20.dir/C_/VSARM/sdk/pico/pico-sdk/src/common/pico_time/time.c.obj
 .rodata.add_alarm_under_lock.str1.4
                0x10006c70       0x28 CMakeFiles/AHT20.dir/C_/VSARM/sdk/pico/pico-sdk/src/common/pico_time/time.c.obj
 .rodata.alarm_pool_alarm_callback.str1.4
                0x10006c98       0x60 CMakeFiles/AHT20.dir/C_/VSARM/sdk/pico/pico-sdk/src/common/pico_time/time.c.obj
 .rodata.alarm_pool_get_default.str1.4
                0x10006cf8       0x21 CMakeFiles/AHT20.dir/C_/VSARM/sdk/pico/pico-sdk/src/common/pico_time/time.c.obj
 *fill*         0x10006d19        0x3 
 .rodata.alarm_pool_cancel_alarm.str1.4
                0x10006d1c       0x27 CMakeFiles/AHT20.dir/C_/VSARM/sdk/pico/pico-sdk/src/common/pico_time/time.c.obj
 *fill*         0x10006d43        0x1 
 .rodata.sleep_until.str1.4
                0x10006d44       0x4d CMakeFiles/AHT20.dir/C_/VSARM/sdk/pico/pico-sdk/src/common/pico_time/time.c.obj
 *fill*         0x10006d91        0x3 
 .rodata.__func__.1
                0x10006d94       0x18 CMakeFiles/AHT20.dir/C_/VSARM/sdk/pico/pico-sdk/src/common/pico_time/time.c.obj
 .rodata.__func__.3
                0x10006dac       0x17 CMakeFiles/AHT20.dir/C_/VSARM/sdk/pico/pico-sdk/src/common/pico_time/time.c.obj
 *fill*         0x10006dc3        0x1 
 .rodata.__func__.4
                0x10006dc4       0x12 CMakeFiles/AHT20.dir/C_/VSARM/sdk/pico/pico-sdk/src/common/pico_time/time.c.obj
 *fill*         0x10006dd6        0x2 
 .rodata.__func__.5
                0x10006dd8        0xd CMakeFiles/AHT20.dir/C_/VSARM/sdk/pico/pico-sdk/src/common/pico_time/time.c.obj
 *fill*         0x10006de5        0x3 
 .rodata.__func__.6
                0x10006de8       0x12 CMakeFiles/AHT20.dir/C_/VSARM/sdk/pico/pico-sdk/src/common/pico_time/time.c.obj
 *fill*         0x10006dfa        0x2 
 .rodata.__func__.7
                0x10006dfc        0xf CMakeFiles/AHT20.dir/C_/VSARM/sdk/pico/pico-sdk/src/common/pico_time/time.c.obj
 *fill*         0x10006e0b        0x1 
 .rodata.__func__.8
                0x10006e0c        0xc CMakeFiles/AHT20.dir/C_/VSARM/sdk/pico/pico-sdk/src/common/pico_time/time.c.obj
 .rodata.__func__.9
                0x10006e18       0x15 CMakeFiles/AHT20.dir/C_/VSARM/sdk/pico/pico-sdk/src/common/pico_time/time.c.obj
 *fill*         0x10006e2d        0x3 
 .rodata.__func__.10
                0x10006e30       0x15 CMakeFiles/AHT20.dir/C_/VSARM/sdk/pico/pico-sdk/src/common/pico_time/time.c.obj
 *fill*         0x10006e45        0x3 
 .rodata.__func__.11
                0x10006e48       0x1a CMakeFiles/AHT20.dir/C_/VSARM/sdk/pico/pico-sdk/src/common/pico_time/time.c.obj
 *fill*         0x10006e62        0x2 
 .rodata.__func__.12
                0x10006e64        0xa CMakeFiles/AHT20.dir/C_/VSARM/sdk/pico/pico-sdk/src/common/pico_time/time.c.obj
 *fill*         0x10006e6e        0x2 
 .rodata.hardware_alarm_claim.str1.4
                0x10006e70       0x22 CMakeFiles/AHT20.dir/C_/VSARM/sdk/pico/pico-sdk/src/rp2_common/hardware_timer/timer.c.obj
 *fill*         0x10006e92        0x2 
 .rodata.hardware_alarm_set_target.str1.4
                0x10006e94       0x65 CMakeFiles/AHT20.dir/C_/VSARM/sdk/pico/pico-sdk/src/rp2_common/hardware_timer/timer.c.obj
 *fill*         0x10006ef9        0x3 
 .rodata.__func__.0
                0x10006efc       0x1a CMakeFiles/AHT20.dir/C_/VSARM/sdk/pico/pico-sdk/src/rp2_common/hardware_timer/timer.c.obj
 .rodata.ph_get_node.str1.4
                0x10006f16       0x66 CMakeFiles/AHT20.dir/C_/VSARM/sdk/pico/pico-sdk/src/common/pico_util/pheap.c.obj
 .rodata.ph_add_child_node.str1.4
                0x10006f16       0x2e CMakeFiles/AHT20.dir/C_/VSARM/sdk/pico/pico-sdk/src/common/pico_util/pheap.c.obj
 *fill*         0x10006f16        0x2 
 .rodata.ph_remove_any_head.str1.4
                0x10006f18       0x8c CMakeFiles/AHT20.dir/C_/VSARM/sdk/pico/pico-sdk/src/common/pico_util/pheap.c.obj
                                 0xa0 (size before relaxing)
 .rodata.ph_remove_and_free_node.str1.4
                0x10006fa4       0x1e CMakeFiles/AHT20.dir/C_/VSARM/sdk/pico/pico-sdk/src/common/pico_util/pheap.c.obj
                                 0x26 (size before relaxing)
 *fill*         0x10006fc2        0x2 
 .rodata.__func__.0
                0x10006fc4       0x18 CMakeFiles/AHT20.dir/C_/VSARM/sdk/pico/pico-sdk/src/common/pico_util/pheap.c.obj
 .rodata.__func__.1
                0x10006fdc       0x13 CMakeFiles/AHT20.dir/C_/VSARM/sdk/pico/pico-sdk/src/common/pico_util/pheap.c.obj
 *fill*         0x10006fef        0x1 
 .rodata.__func__.2
                0x10006ff0       0x12 CMakeFiles/AHT20.dir/C_/VSARM/sdk/pico/pico-sdk/src/common/pico_util/pheap.c.obj
 *fill*         0x10007002        0x2 
 .rodata.__func__.3
                0x10007004        0xc CMakeFiles/AHT20.dir/C_/VSARM/sdk/pico/pico-sdk/src/common/pico_util/pheap.c.obj
 .rodata.clock_configure.str1.4
                0x10007010       0x57 CMakeFiles/AHT20.dir/C_/VSARM/sdk/pico/pico-sdk/src/rp2_common/hardware_clocks/clocks.c.obj
 *fill*         0x10007067        0x1 
 .rodata.__func__.1
                0x10007068       0x10 CMakeFiles/AHT20.dir/C_/VSARM/sdk/pico/pico-sdk/src/rp2_common/hardware_clocks/clocks.c.obj
 .rodata.pll_init.str1.4
                0x10007078      0x124 CMakeFiles/AHT20.dir/C_/VSARM/sdk/pico/pico-sdk/src/rp2_common/hardware_pll/pll.c.obj
 .rodata.__func__.0
                0x1000719c        0x9 CMakeFiles/AHT20.dir/C_/VSARM/sdk/pico/pico-sdk/src/rp2_common/hardware_pll/pll.c.obj
 *fill*         0x100071a5        0x3 
 .rodata.__assert_func.str1.4
                0x100071a8       0x3f CMakeFiles/AHT20.dir/C_/VSARM/sdk/pico/pico-sdk/src/rp2_common/pico_runtime/runtime.c.obj
                                 0x43 (size before relaxing)
 *fill*         0x100071e7        0x1 
 .rodata.runtime_init.str1.4
                0x100071e8       0x61 CMakeFiles/AHT20.dir/C_/VSARM/sdk/pico/pico-sdk/src/rp2_common/pico_runtime/runtime.c.obj
 *fill*         0x10007249        0x3 
 .rodata.panic.str1.4
                0x1000724c       0x12 CMakeFiles/AHT20.dir/C_/VSARM/sdk/pico/pico-sdk/src/rp2_common/pico_runtime/runtime.c.obj
 *fill*         0x1000725e        0x2 
 .rodata.__func__.2
                0x10007260        0xd CMakeFiles/AHT20.dir/C_/VSARM/sdk/pico/pico-sdk/src/rp2_common/pico_runtime/runtime.c.obj
 *fill*         0x1000726d        0x3 
 .rodata._ftoa.str1.4
                0x10007270       0x15 CMakeFiles/AHT20.dir/C_/VSARM/sdk/pico/pico-sdk/src/rp2_common/pico_printf/printf.c.obj
 *fill*         0x10007285        0x3 
 .rodata._vsnprintf
                0x10007288      0x19c CMakeFiles/AHT20.dir/C_/VSARM/sdk/pico/pico-sdk/src/rp2_common/pico_printf/printf.c.obj
 *fill*         0x10007424        0x4 
 .rodata.pow10.0
                0x10007428       0x50 CMakeFiles/AHT20.dir/C_/VSARM/sdk/pico/pico-sdk/src/rp2_common/pico_printf/printf.c.obj
 .rodata.missing_double_func_shim.str1.4
                0x10007478       0x18 CMakeFiles/AHT20.dir/C_/VSARM/sdk/pico/pico-sdk/src/rp2_common/pico_double/double_init_rom.c.obj
 .rodata.__aeabi_double_init.str1.4
                0x10007490       0x9c CMakeFiles/AHT20.dir/C_/VSARM/sdk/pico/pico-sdk/src/rp2_common/pico_double/double_init_rom.c.obj
 .rodata.__func__.0
                0x1000752c       0x14 CMakeFiles/AHT20.dir/C_/VSARM/sdk/pico/pico-sdk/src/rp2_common/pico_double/double_init_rom.c.obj
 .rodata.missing_float_func_shim.str1.4
                0x10007540        0x1 CMakeFiles/AHT20.dir/C_/VSARM/sdk/pico/pico-sdk/src/rp2_common/pico_float/float_init_rom.c.obj
 .rodata.__aeabi_float_init.str1.4
                0x10007540       0x7a CMakeFiles/AHT20.dir/C_/VSARM/sdk/pico/pico-sdk/src/rp2_common/pico_float/float_init_rom.c.obj
 *fill*         0x100075ba        0x2 
 .rodata.__func__.0
                0x100075bc       0x13 CMakeFiles/AHT20.dir/C_/VSARM/sdk/pico/pico-sdk/src/rp2_common/pico_float/float_init_rom.c.obj
 *fill*         0x100075cf        0x1 
 .rodata.str1.4
                0x100075d0       0x3c CMakeFiles/AHT20.dir/C_/VSARM/sdk/pico/pico-sdk/src/rp2_common/pico_standard_link/binary_info.c.obj
 .rodata.__bi_81
                0x1000760c        0xc CMakeFiles/AHT20.dir/C_/VSARM/sdk/pico/pico-sdk/src/rp2_common/pico_standard_link/binary_info.c.obj
 .rodata.__bi_75
                0x10007618        0xc CMakeFiles/AHT20.dir/C_/VSARM/sdk/pico/pico-sdk/src/rp2_common/pico_standard_link/binary_info.c.obj
 .rodata.__bi_44
                0x10007624        0xc CMakeFiles/AHT20.dir/C_/VSARM/sdk/pico/pico-sdk/src/rp2_common/pico_standard_link/binary_info.c.obj
 .rodata.update_us_since_boot.str1.4
                0x10007630       0x61 CMakeFiles/AHT20.dir/C_/VSARM/sdk/pico/pico-sdk/src/rp2_common/pico_stdio/stdio.c.obj
 .rodata.crlf_str.2
                0x10007630        0x2 CMakeFiles/AHT20.dir/C_/VSARM/sdk/pico/pico-sdk/src/rp2_common/pico_stdio/stdio.c.obj
 *fill*         0x10007632        0x2 
 .rodata.__func__.3
                0x10007634       0x15 CMakeFiles/AHT20.dir/C_/VSARM/sdk/pico/pico-sdk/src/rp2_common/pico_stdio/stdio.c.obj
 *fill*         0x10007649        0x3 
 .rodata._resetd_driver
                0x1000764c       0x18 CMakeFiles/AHT20.dir/C_/VSARM/sdk/pico/pico-sdk/src/rp2_common/pico_stdio_usb/reset_interface.c.obj
 .rodata.update_us_since_boot.str1.4
                0x10007664       0x61 CMakeFiles/AHT20.dir/C_/VSARM/sdk/pico/pico-sdk/src/rp2_common/pico_stdio_usb/stdio_usb.c.obj
 .rodata.stdio_usb_init.str1.4
                0x10007664       0x45 CMakeFiles/AHT20.dir/C_/VSARM/sdk/pico/pico-sdk/src/rp2_common/pico_stdio_usb/stdio_usb.c.obj
                                 0x4d (size before relaxing)
 *fill*         0x100076a9        0x3 
 .rodata.str1.4
                0x100076ac       0x13 CMakeFiles/AHT20.dir/C_/VSARM/sdk/pico/pico-sdk/src/rp2_common/pico_stdio_usb/stdio_usb.c.obj
 *fill*         0x100076bf        0x1 
 .rodata.__bi_182.0
                0x100076c0        0xc CMakeFiles/AHT20.dir/C_/VSARM/sdk/pico/pico-sdk/src/rp2_common/pico_stdio_usb/stdio_usb.c.obj
 .rodata.__func__.1
                0x100076cc        0xf CMakeFiles/AHT20.dir/C_/VSARM/sdk/pico/pico-sdk/src/rp2_common/pico_stdio_usb/stdio_usb.c.obj
 *fill*         0x100076db        0x1 
 .rodata.__func__.3
                0x100076dc       0x15 CMakeFiles/AHT20.dir/C_/VSARM/sdk/pico/pico-sdk/src/rp2_common/pico_stdio_usb/stdio_usb.c.obj
 *fill*         0x100076f1        0x3 
 .rodata.str1.4
                0x100076f4       0x2a CMakeFiles/AHT20.dir/C_/VSARM/sdk/pico/pico-sdk/src/rp2_common/pico_stdio_usb/stdio_usb_descriptors.c.obj
 *fill*         0x1000771e        0x2 
 .rodata.usbd_desc_str
                0x10007720       0x18 CMakeFiles/AHT20.dir/C_/VSARM/sdk/pico/pico-sdk/src/rp2_common/pico_stdio_usb/stdio_usb_descriptors.c.obj
 .rodata.usbd_desc_cfg
                0x10007738       0x54 CMakeFiles/AHT20.dir/C_/VSARM/sdk/pico/pico-sdk/src/rp2_common/pico_stdio_usb/stdio_usb_descriptors.c.obj
 .rodata.usbd_desc_device
                0x1000778c       0x12 CMakeFiles/AHT20.dir/C_/VSARM/sdk/pico/pico-sdk/src/rp2_common/pico_stdio_usb/stdio_usb_descriptors.c.obj
 *fill*         0x1000779e        0x2 
 .rodata.pico_get_unique_board_id_string.str1.4
                0x100077a0       0x4d CMakeFiles/AHT20.dir/C_/VSARM/sdk/pico/pico-sdk/src/rp2_common/pico_unique_id/unique_id.c.obj
 *fill*         0x100077ed        0x3 
 .rodata.__func__.0
                0x100077f0       0x20 CMakeFiles/AHT20.dir/C_/VSARM/sdk/pico/pico-sdk/src/rp2_common/pico_unique_id/unique_id.c.obj
 .rodata.str1.4
                0x10007810      0x15a CMakeFiles/AHT20.dir/C_/VSARM/sdk/pico/pico-sdk/src/rp2_common/hardware_flash/flash.c.obj
 *fill*         0x1000796a        0x2 
 .rodata.__func__.0
                0x1000796c        0xd CMakeFiles/AHT20.dir/C_/VSARM/sdk/pico/pico-sdk/src/rp2_common/hardware_flash/flash.c.obj
 *fill*         0x10007979        0x3 
 .rodata._hw_endpoint_alloc.str1.4
                0x1000797c       0xb5 CMakeFiles/AHT20.dir/C_/VSARM/sdk/pico/pico-sdk/lib/tinyusb/src/portable/raspberrypi/rp2040/dcd_rp2040.c.obj
 *fill*         0x10007a31        0x3 
 .rodata.str1.4
                0x10007a34       0x14 CMakeFiles/AHT20.dir/C_/VSARM/sdk/pico/pico-sdk/lib/tinyusb/src/portable/raspberrypi/rp2040/dcd_rp2040.c.obj
 .rodata.dcd_int_enable.str1.4
                0x10007a48        0xc CMakeFiles/AHT20.dir/C_/VSARM/sdk/pico/pico-sdk/lib/tinyusb/src/portable/raspberrypi/rp2040/dcd_rp2040.c.obj
 .rodata.__func__.0
                0x10007a54        0xe CMakeFiles/AHT20.dir/C_/VSARM/sdk/pico/pico-sdk/lib/tinyusb/src/portable/raspberrypi/rp2040/dcd_rp2040.c.obj
 *fill*         0x10007a62        0x2 
 .rodata.__func__.1
                0x10007a64        0xe CMakeFiles/AHT20.dir/C_/VSARM/sdk/pico/pico-sdk/lib/tinyusb/src/portable/raspberrypi/rp2040/dcd_rp2040.c.obj
 *fill*         0x10007a72        0x2 
 .rodata.__func__.3
                0x10007a74       0x10 CMakeFiles/AHT20.dir/C_/VSARM/sdk/pico/pico-sdk/lib/tinyusb/src/portable/raspberrypi/rp2040/dcd_rp2040.c.obj
 .rodata.__func__.5
                0x10007a84        0xf CMakeFiles/AHT20.dir/C_/VSARM/sdk/pico/pico-sdk/lib/tinyusb/src/portable/raspberrypi/rp2040/dcd_rp2040.c.obj
 *fill*         0x10007a93        0x1 
 .rodata.__func__.6
                0x10007a94       0x13 CMakeFiles/AHT20.dir/C_/VSARM/sdk/pico/pico-sdk/lib/tinyusb/src/portable/raspberrypi/rp2040/dcd_rp2040.c.obj
 *fill*         0x10007aa7        0x1 
 .rodata.__func__.7
                0x10007aa8        0x9 CMakeFiles/AHT20.dir/C_/VSARM/sdk/pico/pico-sdk/lib/tinyusb/src/portable/raspberrypi/rp2040/dcd_rp2040.c.obj
 *fill*         0x10007ab1        0x3 
 .rodata.str1.4
                0x10007ab4       0xe7 CMakeFiles/AHT20.dir/C_/VSARM/sdk/pico/pico-sdk/lib/tinyusb/src/portable/raspberrypi/rp2040/rp2040_usb.c.obj
 *fill*         0x10007b9b        0x1 
 .rodata.__func__.0
                0x10007b9c        0xf CMakeFiles/AHT20.dir/C_/VSARM/sdk/pico/pico-sdk/lib/tinyusb/src/portable/raspberrypi/rp2040/rp2040_usb.c.obj
 *fill*         0x10007bab        0x1 
 .rodata.process_get_descriptor
                0x10007bac       0x40 CMakeFiles/AHT20.dir/C_/VSARM/sdk/pico/pico-sdk/lib/tinyusb/src/device/usbd.c.obj
 .rodata.process_control_request
                0x10007bec       0x28 CMakeFiles/AHT20.dir/C_/VSARM/sdk/pico/pico-sdk/lib/tinyusb/src/device/usbd.c.obj
 .rodata.tud_task_ext
                0x10007c14       0x24 CMakeFiles/AHT20.dir/C_/VSARM/sdk/pico/pico-sdk/lib/tinyusb/src/device/usbd.c.obj
 .rodata._usbd_driver
                0x10007c38       0x18 CMakeFiles/AHT20.dir/C_/VSARM/sdk/pico/pico-sdk/lib/tinyusb/src/device/usbd.c.obj
                0x10007c50                        . = ALIGN (0x4)
 *(SORT_BY_ALIGNMENT(SORT_BY_NAME(.flashdata*)))
                0x10007c50                        . = ALIGN (0x4)

.ARM.extab
 *(.ARM.extab* .gnu.linkonce.armextab.*)
                0x10007c50                        __exidx_start = .

.ARM.exidx
 *(.ARM.exidx* .gnu.linkonce.armexidx.*)
                0x10007c50                        __exidx_end = .
                0x10007c50                        . = ALIGN (0x4)
                0x10007c50                        __binary_info_start = .

.binary_info    0x10007c50       0x20
 *(.binary_info.keep.*)
 .binary_info.keep.__bi_ptr81
                0x10007c50        0x4 CMakeFiles/AHT20.dir/C_/VSARM/sdk/pico/pico-sdk/src/rp2_common/pico_standard_link/binary_info.c.obj
 .binary_info.keep.__bi_ptr75
                0x10007c54        0x4 CMakeFiles/AHT20.dir/C_/VSARM/sdk/pico/pico-sdk/src/rp2_common/pico_standard_link/binary_info.c.obj
 .binary_info.keep.__bi_ptr50
                0x10007c58        0x4 CMakeFiles/AHT20.dir/C_/VSARM/sdk/pico/pico-sdk/src/rp2_common/pico_standard_link/binary_info.c.obj
 .binary_info.keep.__bi_ptr44
                0x10007c5c        0x4 CMakeFiles/AHT20.dir/C_/VSARM/sdk/pico/pico-sdk/src/rp2_common/pico_standard_link/binary_info.c.obj
 .binary_info.keep.__bi_ptr38
                0x10007c60        0x4 CMakeFiles/AHT20.dir/C_/VSARM/sdk/pico/pico-sdk/src/rp2_common/pico_standard_link/binary_info.c.obj
 .binary_info.keep.__bi_ptr30
                0x10007c64        0x4 CMakeFiles/AHT20.dir/C_/VSARM/sdk/pico/pico-sdk/src/rp2_common/pico_standard_link/binary_info.c.obj
 .binary_info.keep.__bi_ptr22
                0x10007c68        0x4 CMakeFiles/AHT20.dir/C_/VSARM/sdk/pico/pico-sdk/src/rp2_common/pico_standard_link/binary_info.c.obj
 *(.binary_info.*)
 .binary_info.__bi_ptr182
                0x10007c6c        0x4 CMakeFiles/AHT20.dir/C_/VSARM/sdk/pico/pico-sdk/src/rp2_common/pico_stdio_usb/stdio_usb.c.obj
                0x10007c70                        __binary_info_end = .

.rel.dyn        0x10007c70        0x0
 .rel.iplt      0x10007c70        0x0 c:/vsarm/armcc/125863~1.3re/bin/../lib/gcc/arm-none-eabi/12.3.1/thumb/v6-m/nofp/crtbegin.o
                0x10007c70                        . = ALIGN (0x4)

.ram_vector_table
                0x20000000       0xc0
 *(.ram_vector_table)
 .ram_vector_table
                0x20000000       0xc0 CMakeFiles/AHT20.dir/C_/VSARM/sdk/pico/pico-sdk/src/rp2_common/pico_runtime/runtime.c.obj
                0x20000000                ram_vector_table

.data           0x200000c0      0xb30 load address 0x10007c70
                0x200000c0                        __data_start__ = .
 *(vtable)
 *(.time_critical*)
 .time_critical.mutex_try_enter
                0x200000c0       0x46 CMakeFiles/AHT20.dir/C_/VSARM/sdk/pico/pico-sdk/src/common/pico_sync/mutex.c.obj
                0x200000c0                mutex_try_enter
 *fill*         0x20000106        0x2 
 .time_critical.mutex_enter_block_until
                0x20000108       0x8c CMakeFiles/AHT20.dir/C_/VSARM/sdk/pico/pico-sdk/src/common/pico_sync/mutex.c.obj
                0x20000108                mutex_enter_block_until
 .time_critical.mutex_try_enter_block_until
                0x20000194       0x34 CMakeFiles/AHT20.dir/C_/VSARM/sdk/pico/pico-sdk/src/common/pico_sync/mutex.c.obj
                0x20000194                mutex_try_enter_block_until
 .time_critical.mutex_enter_timeout_ms
                0x200001c8       0x1a CMakeFiles/AHT20.dir/C_/VSARM/sdk/pico/pico-sdk/src/common/pico_sync/mutex.c.obj
                0x200001c8                mutex_enter_timeout_ms
 *fill*         0x200001e2        0x2 
 .time_critical.mutex_exit
                0x200001e4       0x4c CMakeFiles/AHT20.dir/C_/VSARM/sdk/pico/pico-sdk/src/common/pico_sync/mutex.c.obj
                0x200001e4                mutex_exit
 .time_critical.flash_init_boot2_copyout
                0x20000230       0x30 CMakeFiles/AHT20.dir/C_/VSARM/sdk/pico/pico-sdk/src/rp2_common/hardware_flash/flash.c.obj
 .time_critical.flash_enable_xip_via_boot2
                0x20000260        0xc CMakeFiles/AHT20.dir/C_/VSARM/sdk/pico/pico-sdk/src/rp2_common/hardware_flash/flash.c.obj
 .time_critical.flash_cs_force
                0x2000026c       0x28 CMakeFiles/AHT20.dir/C_/VSARM/sdk/pico/pico-sdk/src/rp2_common/hardware_flash/flash.c.obj
 .time_critical.flash_do_cmd
                0x20000294       0xd8 CMakeFiles/AHT20.dir/C_/VSARM/sdk/pico/pico-sdk/src/rp2_common/hardware_flash/flash.c.obj
                0x20000294                flash_do_cmd
 .time_critical.reset_non_control_endpoints
                0x2000036c       0x40 CMakeFiles/AHT20.dir/C_/VSARM/sdk/pico/pico-sdk/lib/tinyusb/src/portable/raspberrypi/rp2040/dcd_rp2040.c.obj
 .time_critical.hw_handle_buff_status
                0x200003ac       0xa4 CMakeFiles/AHT20.dir/C_/VSARM/sdk/pico/pico-sdk/lib/tinyusb/src/portable/raspberrypi/rp2040/dcd_rp2040.c.obj
 .time_critical.dcd_rp2040_irq
                0x20000450      0x1b8 CMakeFiles/AHT20.dir/C_/VSARM/sdk/pico/pico-sdk/lib/tinyusb/src/portable/raspberrypi/rp2040/dcd_rp2040.c.obj
 .time_critical.e15_is_bulkin_ep
                0x20000608       0x2c CMakeFiles/AHT20.dir/C_/VSARM/sdk/pico/pico-sdk/lib/tinyusb/src/portable/raspberrypi/rp2040/rp2040_usb.c.obj
 .time_critical.e15_is_critical_frame_period
                0x20000634       0x30 CMakeFiles/AHT20.dir/C_/VSARM/sdk/pico/pico-sdk/lib/tinyusb/src/portable/raspberrypi/rp2040/rp2040_usb.c.obj
 .time_critical.prepare_ep_buffer
                0x20000664       0x6c CMakeFiles/AHT20.dir/C_/VSARM/sdk/pico/pico-sdk/lib/tinyusb/src/portable/raspberrypi/rp2040/rp2040_usb.c.obj
 .time_critical.sync_ep_buffer
                0x200006d0       0x7c CMakeFiles/AHT20.dir/C_/VSARM/sdk/pico/pico-sdk/lib/tinyusb/src/portable/raspberrypi/rp2040/rp2040_usb.c.obj
 .time_critical._hw_endpoint_xfer_sync
                0x2000074c       0x28 CMakeFiles/AHT20.dir/C_/VSARM/sdk/pico/pico-sdk/lib/tinyusb/src/portable/raspberrypi/rp2040/rp2040_usb.c.obj
 .time_critical.hw_endpoint_reset_transfer
                0x20000774        0xc CMakeFiles/AHT20.dir/C_/VSARM/sdk/pico/pico-sdk/lib/tinyusb/src/portable/raspberrypi/rp2040/rp2040_usb.c.obj
                0x20000774                hw_endpoint_reset_transfer
 .time_critical._hw_endpoint_buffer_control_update32
                0x20000780       0x58 CMakeFiles/AHT20.dir/C_/VSARM/sdk/pico/pico-sdk/lib/tinyusb/src/portable/raspberrypi/rp2040/rp2040_usb.c.obj
                0x20000780                _hw_endpoint_buffer_control_update32
 .time_critical.hw_endpoint_start_next_buffer
                0x200007d8       0x7c CMakeFiles/AHT20.dir/C_/VSARM/sdk/pico/pico-sdk/lib/tinyusb/src/portable/raspberrypi/rp2040/rp2040_usb.c.obj
                0x200007d8                hw_endpoint_start_next_buffer
 .time_critical.hw_endpoint_xfer_continue
                0x20000854       0x50 CMakeFiles/AHT20.dir/C_/VSARM/sdk/pico/pico-sdk/lib/tinyusb/src/portable/raspberrypi/rp2040/rp2040_usb.c.obj
                0x20000854                hw_endpoint_xfer_continue
 .time_critical.tinyusb
                0x200008a4      0x1ac CMakeFiles/AHT20.dir/C_/VSARM/sdk/pico/pico-sdk/lib/tinyusb/src/device/usbd.c.obj
                0x200008a4                dcd_event_handler
 *(.text*)
 .text          0x20000a50        0x4 c:/vsarm/armcc/125863~1.3re/bin/../lib/gcc/arm-none-eabi/12.3.1/thumb/v6-m/nofp\libgcc.a(_dvmd_tls.o)
                0x20000a50                __aeabi_idiv0
                0x20000a50                __aeabi_ldiv0
 *fill*         0x20000a54        0x4 
 .text.__stub   0x20000a58       0xa0 linker stubs
                0x20000af8                        . = ALIGN (0x4)
 *(.rodata*)
                0x20000af8                        . = ALIGN (0x4)
 *(.data*)
 .data.striped_spin_lock_num
                0x20000af8        0x1 CMakeFiles/AHT20.dir/C_/VSARM/sdk/pico/pico-sdk/src/rp2_common/hardware_sync/sync.c.obj
 *fill*         0x20000af9        0x3 
 .data          0x20000afc       0x48 CMakeFiles/AHT20.dir/C_/VSARM/sdk/pico/pico-sdk/src/rp2_common/hardware_irq/irq_handler_chain.S.obj
                0x20000afc                irq_handler_chain_slots
                0x20000b2c                irq_handler_chain_first_slot
                0x20000b36                irq_handler_chain_remove_tail
 .data.default_alarm_pool
                0x20000b44       0x18 CMakeFiles/AHT20.dir/C_/VSARM/sdk/pico/pico-sdk/src/common/pico_time/time.c.obj
 .data.default_alarm_pool_heap
                0x20000b5c       0x10 CMakeFiles/AHT20.dir/C_/VSARM/sdk/pico/pico-sdk/src/common/pico_time/time.c.obj
 *fill*         0x20000b6c        0x4 
 .data.aeabi_bits_funcs
                0x20000b70       0x10 CMakeFiles/AHT20.dir/C_/VSARM/sdk/pico/pico-sdk/src/rp2_common/pico_bit_ops/bit_ops_aeabi.S.obj
                0x20000b70                aeabi_bits_funcs
                0x20000b80                aeabi_bits_funcs_end
 .data.aeabi_mem_funcs
                0x20000b80       0x10 CMakeFiles/AHT20.dir/C_/VSARM/sdk/pico/pico-sdk/src/rp2_common/pico_mem_ops/mem_ops_aeabi.S.obj
                0x20000b80                aeabi_mem_funcs
                0x20000b90                aeabi_mem_funcs_end
 .data.stdio_usb
                0x20000b90       0x18 CMakeFiles/AHT20.dir/C_/VSARM/sdk/pico/pico-sdk/src/rp2_common/pico_stdio_usb/stdio_usb.c.obj
                0x20000b90                stdio_usb
 .data.ep_dir_string
                0x20000ba8        0x8 CMakeFiles/AHT20.dir/C_/VSARM/sdk/pico/pico-sdk/lib/tinyusb/src/portable/raspberrypi/rp2040/rp2040_usb.c.obj
                0x20000ba8                ep_dir_string
 .data._usbd_qdef
                0x20000bb0       0x1c CMakeFiles/AHT20.dir/C_/VSARM/sdk/pico/pico-sdk/lib/tinyusb/src/device/usbd.c.obj
                0x20000bb0                _usbd_qdef
 .data._usbd_rhport
                0x20000bcc        0x1 CMakeFiles/AHT20.dir/C_/VSARM/sdk/pico/pico-sdk/lib/tinyusb/src/device/usbd.c.obj
                0x20000bd0                        . = ALIGN (0x4)
 *fill*         0x20000bcd        0x3 
 *(.after_data.*)
                0x20000bd0                        . = ALIGN (0x4)
                0x20000bd0                        PROVIDE (__mutex_array_start = .)
 *(SORT_BY_NAME(.mutex_array.*))
 *(.mutex_array)
 .mutex_array   0x20000bd0        0x8 CMakeFiles/AHT20.dir/C_/VSARM/sdk/pico/pico-sdk/src/rp2_common/pico_stdio/stdio.c.obj
                0x20000bd8                        PROVIDE (__mutex_array_end = .)
                0x20000bd8                        . = ALIGN (0x4)
                0x20000bd8                        PROVIDE (__preinit_array_start = .)
 *(SORT_BY_NAME(.preinit_array.*))
 .preinit_array.00001
                0x20000bd8        0x4 CMakeFiles/AHT20.dir/C_/VSARM/sdk/pico/pico-sdk/src/rp2_common/pico_mem_ops/mem_ops_aeabi.S.obj
 .preinit_array.00010
                0x20000bdc        0x4 CMakeFiles/AHT20.dir/C_/VSARM/sdk/pico/pico-sdk/src/rp2_common/pico_bit_ops/bit_ops_aeabi.S.obj
 .preinit_array.00020
                0x20000be0        0x4 CMakeFiles/AHT20.dir/C_/VSARM/sdk/pico/pico-sdk/src/rp2_common/pico_double/double_aeabi.S.obj
 .preinit_array.00020
                0x20000be4        0x4 CMakeFiles/AHT20.dir/C_/VSARM/sdk/pico/pico-sdk/src/rp2_common/pico_float/float_aeabi.S.obj
 *(.preinit_array)
                0x20000be8                        PROVIDE (__preinit_array_end = .)
                0x20000be8                        . = ALIGN (0x4)
                0x20000be8                        PROVIDE (__init_array_start = .)
 *(SORT_BY_NAME(.init_array.*))
 *(.init_array)
 .init_array    0x20000be8        0x4 c:/vsarm/armcc/125863~1.3re/bin/../lib/gcc/arm-none-eabi/12.3.1/thumb/v6-m/nofp/crtbegin.o
 .init_array    0x20000bec        0x4 CMakeFiles/AHT20.dir/C_/VSARM/sdk/pico/pico-sdk/src/rp2_common/pico_unique_id/unique_id.c.obj
                0x20000bf0                        PROVIDE (__init_array_end = .)
                0x20000bf0                        . = ALIGN (0x4)
                [!provide]                        PROVIDE (__fini_array_start = .)
 *(SORT_BY_NAME(.fini_array.*))
 *(.fini_array)
                [!provide]                        PROVIDE (__fini_array_end = .)
 *(.jcr)
                0x20000bf0                        . = ALIGN (0x4)
                0x20000bf0                        __data_end__ = .
                0x10007c70                        __etext = LOADADDR (.data)

.tm_clone_table
                0x20000bf0        0x0 load address 0x100087a0
 .tm_clone_table
                0x20000bf0        0x0 c:/vsarm/armcc/125863~1.3re/bin/../lib/gcc/arm-none-eabi/12.3.1/thumb/v6-m/nofp/crtbegin.o
 .tm_clone_table
                0x20000bf0        0x0 c:/vsarm/armcc/125863~1.3re/bin/../lib/gcc/arm-none-eabi/12.3.1/thumb/v6-m/nofp/crtend.o

.igot.plt       0x20000bf0        0x0 load address 0x100087a0
 .igot.plt      0x20000bf0        0x0 c:/vsarm/armcc/125863~1.3re/bin/../lib/gcc/arm-none-eabi/12.3.1/thumb/v6-m/nofp/crtbegin.o

.uninitialized_data
                0x20000bf0        0x0 load address 0x100087a0
                0x20000bf0                        . = ALIGN (0x4)
 *(.uninitialized_data*)

.scratch_x      0x20040000        0x0 load address 0x100087a0
                0x20040000                        __scratch_x_start__ = .
 *(.scratch_x.*)
                0x20040000                        . = ALIGN (0x4)
                0x20040000                        __scratch_x_end__ = .
                0x100087a0                        __scratch_x_source__ = LOADADDR (.scratch_x)

.scratch_y      0x20041000        0x0 load address 0x100087a0
                0x20041000                        __scratch_y_start__ = .
 *(.scratch_y.*)
                0x20041000                        . = ALIGN (0x4)
                0x20041000                        __scratch_y_end__ = .
                0x100087a0                        __scratch_y_source__ = LOADADDR (.scratch_y)

.bss            0x20000bf0      0xd80
                0x20000bf0                        . = ALIGN (0x4)
                0x20000bf0                        __bss_start__ = .
 *(SORT_BY_ALIGNMENT(SORT_BY_NAME(.bss*)))
 .bss.default_alarm_pool_entries
                0x20000bf0      0x100 CMakeFiles/AHT20.dir/C_/VSARM/sdk/pico/pico-sdk/src/common/pico_time/time.c.obj
 .bss.last_avail_time.2
                0x20000cf0        0x8 CMakeFiles/AHT20.dir/C_/VSARM/sdk/pico/pico-sdk/src/rp2_common/pico_stdio_usb/stdio_usb.c.obj
 .bss._app_driver
                0x20000cf8        0x4 CMakeFiles/AHT20.dir/C_/VSARM/sdk/pico/pico-sdk/lib/tinyusb/src/device/usbd.c.obj
 .bss._cdcd_itf
                0x20000cfc      0x2c8 CMakeFiles/AHT20.dir/C_/VSARM/sdk/pico/pico-sdk/lib/tinyusb/src/class/cdc/cdc_device.c.obj
 .bss._ctrl_xfer
                0x20000fc4       0x14 CMakeFiles/AHT20.dir/C_/VSARM/sdk/pico/pico-sdk/lib/tinyusb/src/device/usbd_control.c.obj
 .bss._ubsd_mutexdef
                0x20000fd8        0x8 CMakeFiles/AHT20.dir/C_/VSARM/sdk/pico/pico-sdk/lib/tinyusb/src/device/usbd.c.obj
 .bss._usbd_ctrl_buf
                0x20000fe0       0x40 CMakeFiles/AHT20.dir/C_/VSARM/sdk/pico/pico-sdk/lib/tinyusb/src/device/usbd_control.c.obj
 .bss._usbd_dev
                0x20001020       0x53 CMakeFiles/AHT20.dir/C_/VSARM/sdk/pico/pico-sdk/lib/tinyusb/src/device/usbd.c.obj
 *fill*         0x20001073        0x1 
 .bss._usbd_mutex
                0x20001074        0x4 CMakeFiles/AHT20.dir/C_/VSARM/sdk/pico/pico-sdk/lib/tinyusb/src/device/usbd.c.obj
 .bss._usbd_q   0x20001078        0x4 CMakeFiles/AHT20.dir/C_/VSARM/sdk/pico/pico-sdk/lib/tinyusb/src/device/usbd.c.obj
 .bss._usbd_qdef_buf
                0x2000107c       0xc0 CMakeFiles/AHT20.dir/C_/VSARM/sdk/pico/pico-sdk/lib/tinyusb/src/device/usbd.c.obj
                0x2000107c                _usbd_qdef_buf
 .bss.alarm_callbacks