Archive member included to satisfy reference by file (symbol)

c:/vsarm/armcc/125863~1.3re/bin/../lib/gcc/arm-none-eabi/12.3.1/thumb/v6-m/nofp\libgcc.a(_dvmd_tls.o)
                              CMakeFiles/AHT20.dir/C_/VSARM/sdk/pico/pico-sdk/src/rp2_common/pico_divider/divider.S.obj (__aeabi_idiv0)
c:/vsarm/armcc/125863~1.3re/bin/../lib/gcc/arm-none-eabi/12.3.1/thumb/v6-m/nofp\libg.a(libc_a-calloc.o)
                              CMakeFiles/AHT20.dir/C_/VSARM/sdk/pico/pico-sdk/src/rp2_common/pico_malloc/pico_malloc.c.obj (calloc)
c:/vsarm/armcc/125863~1.3re/bin/../lib/gcc/arm-none-eabi/12.3.1/thumb/v6-m/nofp\libg.a(libc_a-callocr.o)
                              c:/vsarm/armcc/125863~1.3re/bin/../lib/gcc/arm-none-eabi/12.3.1/thumb/v6-m/nofp\libg.a(libc_a-calloc.o) (_calloc_r)
c:/vsarm/armcc/125863~1.3re/bin/../lib/gcc/arm-none-eabi/12.3.1/thumb/v6-m/nofp\libg.a(libc_a-malloc.o)
                              CMakeFiles/AHT20.dir/C_/VSARM/sdk/pico/pico-sdk/src/rp2_common/pico_malloc/pico_malloc.c.obj (malloc)
c:/vsarm/armcc/125863~1.3re/bin/../lib/gcc/arm-none-eabi/12.3.1/thumb/v6-m/nofp\libg.a(libc_a-mallocr.o)
                              c:/vsarm/armcc/125863~1.3re/bin/../lib/gcc/arm-none-eabi/12.3.1/thumb/v6-m/nofp\libg.a(libc_a-callocr.o) (_malloc_r)
c:/vsarm/armcc/125863~1.3re/bin/../lib/gcc/arm-none-eabi/12.3.1/thumb/v6-m/nofp\libg.a(libc_a-mlock.o)
                              c:/vsarm/armcc/125863~1.3re/bin/../lib/gcc/arm-none-eabi/12.3.1/thumb/v6-m/nofp\libg.a(libc_a-mallocr.o) (__malloc_lock)
c:/vsarm/armcc/125863~1.3re/bin/../lib/gcc/arm-none-eabi/12.3.1/thumb/v6-m/nofp\libg.a(libc_a-realloc.o)
                              CMakeFiles/AHT20.dir/C_/VSARM/sdk/pico/pico-sdk/src/rp2_common/pico_malloc/pico_malloc.c.obj (realloc)
c:/vsarm/armcc/125863~1.3re/bin/../lib/gcc/arm-none-eabi/12.3.1/thumb/v6-m/nofp\libg.a(libc_a-reallocr.o)
                              c:/vsarm/armcc/125863~1.3re/bin/../lib/gcc/arm-none-eabi/12.3.1/thumb/v6-m/nofp\libg.a(libc_a-realloc.o) (_realloc_r)
c:/vsarm/armcc/125863~1.3re/bin/../lib/gcc/arm-none-eabi/12.3.1/thumb/v6-m/nofp\libg.a(libc_a-memmove.o)
                              c:/vsarm/armcc/125863~1.3re/bin/../lib/gcc/arm-none-eabi/12.3.1/thumb/v6-m/nofp\libg.a(libc_a-reallocr.o) (memmove)
c:/vsarm/armcc/125863~1.3re/bin/../lib/gcc/arm-none-eabi/12.3.1/thumb/v6-m/nofp\libg.a(libc_a-impure.o)
                              c:/vsarm/armcc/125863~1.3re/bin/../lib/gcc/arm-none-eabi/12.3.1/thumb/v6-m/nofp\libg.a(libc_a-calloc.o) (_impure_ptr)
c:/vsarm/armcc/125863~1.3re/bin/../lib/gcc/arm-none-eabi/12.3.1/thumb/v6-m/nofp\libg.a(libc_a-sbrkr.o)
                              c:/vsarm/armcc/125863~1.3re/bin/../lib/gcc/arm-none-eabi/12.3.1/thumb/v6-m/nofp\libg.a(libc_a-mallocr.o) (_sbrk_r)
c:/vsarm/armcc/125863~1.3re/bin/../lib/gcc/arm-none-eabi/12.3.1/thumb/v6-m/nofp\libg.a(libc_a-errno.o)
                              c:/vsarm/armcc/125863~1.3re/bin/../lib/gcc/arm-none-eabi/12.3.1/thumb/v6-m/nofp\libg.a(libc_a-callocr.o) (__errno)
c:/vsarm/armcc/125863~1.3re/bin/../lib/gcc/arm-none-eabi/12.3.1/thumb/v6-m/nofp\libg.a(libc_a-init.o)
                              c:/vsarm/armcc/125863~1.3re/bin/../lib/gcc/arm-none-eabi/12.3.1/thumb/v6-m/nofp/crt0.o (__libc_init_array)
c:/vsarm/armcc/125863~1.3re/bin/../lib/gcc/arm-none-eabi/12.3.1/thumb/v6-m/nofp\libg.a(libc_a-lock.o)
                              c:/vsarm/armcc/125863~1.3re/bin/../lib/gcc/arm-none-eabi/12.3.1/thumb/v6-m/nofp\libg.a(libc_a-mlock.o) (__retarget_lock_acquire_recursive)
c:/vsarm/armcc/125863~1.3re/bin/../lib/gcc/arm-none-eabi/12.3.1/thumb/v6-m/nofp\libg.a(libc_a-sysconf.o)
                              c:/vsarm/armcc/125863~1.3re/bin/../lib/gcc/arm-none-eabi/12.3.1/thumb/v6-m/nofp\libg.a(libc_a-mallocr.o) (sysconf)
c:/vsarm/armcc/125863~1.3re/bin/../lib/gcc/arm-none-eabi/12.3.1/thumb/v6-m/nofp\libg.a(libc_a-strlen-stub.o)
                              CMakeFiles/AHT20.dir/C_/VSARM/sdk/pico/pico-sdk/src/rp2_common/pico_stdio/stdio.c.obj (strlen)
c:/vsarm/armcc/125863~1.3re/bin/../lib/gcc/arm-none-eabi/12.3.1/thumb/v6-m/nofp\libg.a(libc_a-freer.o)
                              c:/vsarm/armcc/125863~1.3re/bin/../lib/gcc/arm-none-eabi/12.3.1/thumb/v6-m/nofp\libg.a(libc_a-malloc.o) (_free_r)
c:/vsarm/armcc/125863~1.3re/bin/../lib/gcc/arm-none-eabi/12.3.1/thumb/v6-m/nofp\libg.a(libc_a-findfp.o)
                              c:/vsarm/armcc/125863~1.3re/bin/../lib/gcc/arm-none-eabi/12.3.1/thumb/v6-m/nofp\libg.a(libc_a-impure.o) (__sf)
c:/vsarm/armcc/125863~1.3re/bin/../lib/gcc/arm-none-eabi/12.3.1/thumb/v6-m/nofp\libg.a(libc_a-fwalk.o)
                              c:/vsarm/armcc/125863~1.3re/bin/../lib/gcc/arm-none-eabi/12.3.1/thumb/v6-m/nofp\libg.a(libc_a-findfp.o) (_fwalk_sglue)
c:/vsarm/armcc/125863~1.3re/bin/../lib/gcc/arm-none-eabi/12.3.1/thumb/v6-m/nofp\libg.a(libc_a-stdio.o)
[...]
Memory Configuration

Name             Origin             Length             Attributes
FLASH            0x10000000         0x00200000         xr
RAM              0x20000000         0x00040000         xrw
SCRATCH_X        0x20040000         0x00001000         xrw
SCRATCH_Y        0x20041000         0x00001000         xrw
*default*        0x00000000         0xffffffff

Linker script and memory map

LOAD c:/vsarm/armcc/125863~1.3re/bin/../lib/gcc/arm-none-eabi/12.3.1/thumb/v6-m/nofp/crti.o
LOAD c:/vsarm/armcc/125863~1.3re/bin/../lib/gcc/arm-none-eabi/12.3.1/thumb/v6-m/nofp/crtbegin.o
LOAD c:/vsarm/armcc/125863~1.3re/bin/../lib/gcc/arm-none-eabi/12.3.1/thumb/v6-m/nofp/crt0.o

.flash_begin    0x10000000        0x0
                0x10000000                        __flash_binary_start = .

.boot2          0x10000000      0x100
                0x10000000                        __boot2_start__ = .
 *(.boot2)
 .boot2         0x10000000      0x100 C:\Users\phuon\AppData\Local\Temp\cc4XxAh2.o
                0x10000100                        __boot2_end__ = .
                0x00000001                        ASSERT (((__boot2_end__ - __boot2_start__) == 0x100), ERROR: Pico second stage bootloader must be 256 bytes in size)

.text           0x10000100     0x7210
                0x10000100                        __logical_binary_start = .
 *(.vectors)
 .vectors       0x10000100       0xd4 CMakeFiles/AHT20.dir/C_/VSARM/sdk/pico/pico-sdk/src/rp2_common/pico_standard_link/crt0.S.obj
                0x10000100                __VECTOR_TABLE
                0x10000100                __vectors
                0x100001c0                isr_invalid
                0x100001c0                __default_isrs_start
                0x100001c2                isr_nmi
                0x100001c4                isr_hardfault
                0x100001c6                isr_svcall
                0x100001c8                isr_pendsv
                0x100001ca                isr_systick
                0x100001cc                isr_irq23
                0x100001cc                isr_irq18
                0x100001cc                isr_irq11
                0x100001cc                isr_irq28
                0x100001cc                isr_irq19
                0x100001cc                isr_irq0
                0x100001cc                isr_irq6
                0x100001cc                isr_irq5
                0x100001cc                isr_irq12
                0x100001cc                isr_irq22
                0x100001cc                isr_irq31
                0x100001cc                isr_irq17
                0x100001cc                isr_irq27
                0x100001cc                isr_irq30
                0x100001cc                isr_irq2
                0x100001cc                isr_irq10
                0x100001cc                isr_irq8
                0x100001cc                isr_irq24
                0x100001cc                isr_irq1
                0x100001cc                isr_irq7
                0x100001cc                isr_irq21
                0x100001cc                isr_irq20
                0x100001cc                isr_irq15
                0x100001cc                isr_irq25
                0x100001cc                isr_irq13
                0x100001cc                __unhandled_user_irq
                0x100001cc                isr_irq4
                0x100001cc                isr_irq16
                0x100001cc                isr_irq29
                0x100001cc                isr_irq26
                0x100001cc                __default_isrs_end
                0x100001cc                isr_irq3
                0x100001cc                isr_irq14
                0x100001cc                isr_irq9
                0x100001d2                unhandled_user_irq_num_in_r0
 *(.binary_info_header)
 .binary_info_header
                0x100001d4       0x14 CMakeFiles/AHT20.dir/C_/VSARM/sdk/pico/pico-sdk/src/rp2_common/pico_standard_link/crt0.S.obj
                0x100001e8                        __binary_info_header_end = .
 *(.reset)
 .reset         0x100001e8       0xa0 CMakeFiles/AHT20.dir/C_/VSARM/sdk/pico/pico-sdk/src/rp2_common/pico_standard_link/crt0.S.obj
                0x100001e8                _entry_point
 .reset         0x10000288       0x30 CMakeFiles/AHT20.dir/C_/VSARM/sdk/pico/pico-sdk/src/rp2_common/pico_standard_link/binary_info.c.obj
 *(.init)
 .init          0x100002b8        0x4 c:/vsarm/armcc/125863~1.3re/bin/../lib/gcc/arm-none-eabi/12.3.1/thumb/v6-m/nofp/crti.o
                0x100002b8                _init
 *(EXCLUDE_FILE(*libm.a: *libc.a:*lib_a-mem*.o *libgcc.a:) .text*)
 .text.register_tm_clones
                0x100002bc       0x28 c:/vsarm/armcc/125863~1.3re/bin/../lib/gcc/arm-none-eabi/12.3.1/thumb/v6-m/nofp/crtbegin.o
 .text.frame_dummy
                0x100002e4       0x24 c:/vsarm/armcc/125863~1.3re/bin/../lib/gcc/arm-none-eabi/12.3.1/thumb/v6-m/nofp/crtbegin.o
 .text.main     0x10000308       0x54 CMakeFiles/AHT20.dir/main.cpp.obj
                0x10000308                main
 .text._ZN5AHT20C2Eii
                0x1000035c       0x9c CMakeFiles/AHT20.dir/AHT20/AHT20.cpp.obj
                0x1000035c                AHT20::AHT20(int, int)
                0x1000035c                AHT20::AHT20(int, int)
 .text._ZN5AHT2018triggerMeasurementEv
                0x100003f8       0xec CMakeFiles/AHT20.dir/AHT20/AHT20.cpp.obj
                0x100003f8                AHT20::triggerMeasurement()
 .text._ZN5AHT2014getTemperatureEv
                0x100004e4        0x4 CMakeFiles/AHT20.dir/AHT20/AHT20.cpp.obj
                0x100004e4                AHT20::getTemperature()
 .text._ZN5AHT2011getHumidityEv
                0x100004e8        0x4 CMakeFiles/AHT20.dir/AHT20/AHT20.cpp.obj
                0x100004e8                AHT20::getHumidity()
 .text.gpio_set_function
                0x100004ec       0x30 CMakeFiles/AHT20.dir/C_/VSARM/sdk/pico/pico-sdk/src/rp2_common/hardware_gpio/gpio.c.obj
                0x100004ec                gpio_set_function
 .text.gpio_set_pulls
                0x1000051c       0x34 CMakeFiles/AHT20.dir/C_/VSARM/sdk/pico/pico-sdk/src/rp2_common/hardware_gpio/gpio.c.obj
                0x1000051c                gpio_set_pulls
 .text.running_on_fpga
                0x10000550       0x14 CMakeFiles/AHT20.dir/C_/VSARM/sdk/pico/pico-sdk/src/rp2_common/pico_platform/platform.c.obj
                0x10000550                running_on_fpga
 .text.hw_claim_lock
                0x10000564       0x18 CMakeFiles/AHT20.dir/C_/VSARM/sdk/pico/pico-sdk/src/rp2_common/hardware_claim/claim.c.obj
                0x10000564                hw_claim_lock
 .text.hw_claim_unlock
                0x1000057c       0x14 CMakeFiles/AHT20.dir/C_/VSARM/sdk/pico/pico-sdk/src/rp2_common/hardware_claim/claim.c.obj
                0x1000057c                hw_claim_unlock
 .text.hw_claim_or_assert
                0x10000590       0x32 CMakeFiles/AHT20.dir/C_/VSARM/sdk/pico/pico-sdk/src/rp2_common/hardware_claim/claim.c.obj
                0x10000590                hw_claim_or_assert
 .text.hw_claim_unused_from_range
                0x100005c2       0x50 CMakeFiles/AHT20.dir/C_/VSARM/sdk/pico/pico-sdk/src/rp2_common/hardware_claim/claim.c.obj
                0x100005c2                hw_claim_unused_from_range
 *fill*         0x10000612        0x2 
 .text.spin_locks_reset
                0x10000614       0x20 CMakeFiles/AHT20.dir/C_/VSARM/sdk/pico/pico-sdk/src/rp2_common/hardware_sync/sync.c.obj
                0x10000614                spin_locks_reset
 .text.next_striped_spin_lock_num
                0x10000634       0x1c CMakeFiles/AHT20.dir/C_/VSARM/sdk/pico/pico-sdk/src/rp2_common/hardware_sync/sync.c.obj
                0x10000634                next_striped_spin_lock_num
 .text.spin_lock_claim_unused
                0x10000650       0x24 CMakeFiles/AHT20.dir/C_/VSARM/sdk/pico/pico-sdk/src/rp2_common/hardware_sync/sync.c.obj
                0x10000650                spin_lock_claim_unused
 .text.set_raw_irq_handler_and_unlock
                0x10000674       0x28 CMakeFiles/AHT20.dir/C_/VSARM/sdk/pico/pico-sdk/src/rp2_common/hardware_irq/irq.c.obj
 .text.resolve_branch
                0x1000069c       0x30 CMakeFiles/AHT20.dir/C_/VSARM/sdk/pico/pico-sdk/src/rp2_common/hardware_irq/irq.c.obj
 .text.make_branch
                0x100006cc       0x48 CMakeFiles/AHT20.dir/C_/VSARM/sdk/pico/pico-sdk/src/rp2_common/hardware_irq/irq.c.obj
 .text.insert_branch_and_link
                0x10000714       0x40 CMakeFiles/AHT20.dir/C_/VSARM/sdk/pico/pico-sdk/src/rp2_common/hardware_irq/irq.c.obj
 .text.irq_is_enabled
                0x10000754       0x18 CMakeFiles/AHT20.dir/C_/VSARM/sdk/pico/pico-sdk/src/rp2_common/hardware_irq/irq.c.obj
                0x10000754                irq_is_enabled
 .text.irq_set_mask_enabled
                0x1000076c       0x20 CMakeFiles/AHT20.dir/C_/VSARM/sdk/pico/pico-sdk/src/rp2_common/hardware_irq/irq.c.obj
                0x1000076c                irq_set_mask_enabled
 .text.irq_set_enabled
                0x1000078c        0xe CMakeFiles/AHT20.dir/C_/VSARM/sdk/pico/pico-sdk/src/rp2_common/hardware_irq/irq.c.obj
                0x1000078c                irq_set_enabled
 *fill*         0x1000079a        0x2 
 .text.irq_set_pending
                0x1000079c       0x10 CMakeFiles/AHT20.dir/C_/VSARM/sdk/pico/pico-sdk/src/rp2_common/hardware_irq/irq.c.obj
                0x1000079c                irq_set_pending
 .text.irq_get_vtable_handler
                0x100007ac       0x10 CMakeFiles/AHT20.dir/C_/VSARM/sdk/pico/pico-sdk/src/rp2_common/hardware_irq/irq.c.obj
                0x100007ac                irq_get_vtable_handler
 .text.irq_has_shared_handler
                0x100007bc       0x24 CMakeFiles/AHT20.dir/C_/VSARM/sdk/pico/pico-sdk/src/rp2_common/hardware_irq/irq.c.obj
                0x100007bc                irq_has_shared_handler
 .text.irq_set_exclusive_handler
                0x100007e0       0x54 CMakeFiles/AHT20.dir/C_/VSARM/sdk/pico/pico-sdk/src/rp2_common/hardware_irq/irq.c.obj
                0x100007e0                irq_set_exclusive_handler
 .text.irq_add_shared_handler
                0x10000834      0x210 CMakeFiles/AHT20.dir/C_/VSARM/sdk/pico/pico-sdk/src/rp2_common/hardware_irq/irq.c.obj
                0x10000834                irq_add_shared_handler
 .text.irq_remove_handler
                0x10000a44      0x188 CMakeFiles/AHT20.dir/C_/VSARM/sdk/pico/pico-sdk/src/rp2_common/hardware_irq/irq.c.obj
                0x10000a44                irq_remove_handler
 .text.irq_add_tail_to_free_list
                0x10000bcc       0xf0 CMakeFiles/AHT20.dir/C_/VSARM/sdk/pico/pico-sdk/src/rp2_common/hardware_irq/irq.c.obj
                0x10000bcc                irq_add_tail_to_free_list
 .text.irq_init_priorities
                0x10000cbc       0x1c CMakeFiles/AHT20.dir/C_/VSARM/sdk/pico/pico-sdk/src/rp2_common/hardware_irq/irq.c.obj
                0x10000cbc                irq_init_priorities
 .text.user_irq_claim_unused
                0x10000cd8       0x2c CMakeFiles/AHT20.dir/C_/VSARM/sdk/pico/pico-sdk/src/rp2_common/hardware_irq/irq.c.obj
                0x10000cd8                user_irq_claim_unused
 .text.lock_init
                0x10000d04       0x10 CMakeFiles/AHT20.dir/C_/VSARM/sdk/pico/pico-sdk/src/common/pico_sync/lock_core.c.obj
                0x10000d04                lock_init
 .text.update_us_since_boot
                0x10000d14       0x24 CMakeFiles/AHT20.dir/C_/VSARM/sdk/pico/pico-sdk/src/common/pico_sync/mutex.c.obj
 .text.delayed_by_ms
                0x10000d38       0x44 CMakeFiles/AHT20.dir/C_/VSARM/sdk/pico/pico-sdk/src/common/pico_sync/mutex.c.obj
 .text.get_absolute_time
                0x10000d7c       0x22 CMakeFiles/AHT20.dir/C_/VSARM/sdk/pico/pico-sdk/src/common/pico_sync/mutex.c.obj
 .text.make_timeout_time_ms
                0x10000d9e       0x20 CMakeFiles/AHT20.dir/C_/VSARM/sdk/pico/pico-sdk/src/common/pico_sync/mutex.c.obj
 .text.mutex_init
                0x10000dbe       0x1a CMakeFiles/AHT20.dir/C_/VSARM/sdk/pico/pico-sdk/src/common/pico_sync/mutex.c.obj
                0x10000dbe                mutex_init
 .text.recursive_mutex_init
                0x10000dd8       0x1e CMakeFiles/AHT20.dir/C_/VSARM/sdk/pico/pico-sdk/src/common/pico_sync/mutex.c.obj
                0x10000dd8                recursive_mutex_init
 *fill*         0x10000df6        0x2 
 .text.critical_section_init_with_lock_num
                0x10000df8       0x14 CMakeFiles/AHT20.dir/C_/VSARM/sdk/pico/pico-sdk/src/common/pico_sync/critical_section.c.obj
                0x10000df8                critical_section_init_with_lock_num
 .text.critical_section_init
                0x10000e0c       0x14 CMakeFiles/AHT20.dir/C_/VSARM/sdk/pico/pico-sdk/src/common/pico_sync/critical_section.c.obj
                0x10000e0c                critical_section_init
 .text.time_reached
                0x10000e20       0x28 CMakeFiles/AHT20.dir/C_/VSARM/sdk/pico/pico-sdk/src/common/pico_time/time.c.obj
 .text.get_entry
                0x10000e48       0x38 CMakeFiles/AHT20.dir/C_/VSARM/sdk/pico/pico-sdk/src/common/pico_time/time.c.obj
 .text.timer_pool_entry_comparator
                0x10000e80       0x2e CMakeFiles/AHT20.dir/C_/VSARM/sdk/pico/pico-sdk/src/common/pico_time/time.c.obj
                0x10000e80                timer_pool_entry_comparator
 *fill*         0x10000eae        0x2 
 .text.update_us_since_boot
                0x10000eb0       0x24 CMakeFiles/AHT20.dir/C_/VSARM/sdk/pico/pico-sdk/src/common/pico_time/time.c.obj
 .text.delayed_by_us
                0x10000ed4       0x34 CMakeFiles/AHT20.dir/C_/VSARM/sdk/pico/pico-sdk/src/common/pico_time/time.c.obj
 .text.ph_get_node
                0x10000f08       0x30 CMakeFiles/AHT20.dir/C_/VSARM/sdk/pico/pico-sdk/src/common/pico_time/time.c.obj
 .text.ph_contains_node
                0x10000f38       0x1e CMakeFiles/AHT20.dir/C_/VSARM/sdk/pico/pico-sdk/src/common/pico_time/time.c.obj
 .text.ph_new_node
                0x10000f56       0x28 CMakeFiles/AHT20.dir/C_/VSARM/sdk/pico/pico-sdk/src/common/pico_time/time.c.obj
 *fill*         0x10000f7e        0x2 
 .text.ph_add_child_node
                0x10000f80       0x6c CMakeFiles/AHT20.dir/C_/VSARM/sdk/pico/pico-sdk/src/common/pico_time/time.c.obj
 .text.ph_merge_nodes
                0x10000fec       0x3e CMakeFiles/AHT20.dir/C_/VSARM/sdk/pico/pico-sdk/src/common/pico_time/time.c.obj
 *fill*         0x1000102a        0x2 
 .text.ph_insert_node
                0x1000102c       0x3c CMakeFiles/AHT20.dir/C_/VSARM/sdk/pico/pico-sdk/src/common/pico_time/time.c.obj
 .text.ph_free_node
                0x10001068       0x5c CMakeFiles/AHT20.dir/C_/VSARM/sdk/pico/pico-sdk/src/common/pico_time/time.c.obj
 .text.get_entry_id_high
                0x100010c4       0x30 CMakeFiles/AHT20.dir/C_/VSARM/sdk/pico/pico-sdk/src/common/pico_time/time.c.obj
 .text.alarm_pool_post_alloc_init
                0x100010f4       0x40 CMakeFiles/AHT20.dir/C_/VSARM/sdk/pico/pico-sdk/src/common/pico_time/time.c.obj
 .text.sleep_until_callback
                0x10001134       0x30 CMakeFiles/AHT20.dir/C_/VSARM/sdk/pico/pico-sdk/src/common/pico_time/time.c.obj
 .text.get_absolute_time
                0x10001164       0x22 CMakeFiles/AHT20.dir/C_/VSARM/sdk/pico/pico-sdk/src/common/pico_time/time.c.obj
 .text.make_timeout_time_us
                0x10001186       0x24 CMakeFiles/AHT20.dir/C_/VSARM/sdk/pico/pico-sdk/src/common/pico_time/time.c.obj
 *fill*         0x100011aa        0x2 
 .text.add_alarm_under_lock
                0x100011ac       0x94 CMakeFiles/AHT20.dir/C_/VSARM/sdk/pico/pico-sdk/src/common/pico_time/time.c.obj
 .text.alarm_pool_alarm_callback
                0x10001240      0x210 CMakeFiles/AHT20.dir/C_/VSARM/sdk/pico/pico-sdk/src/common/pico_time/time.c.obj
 .text.alarm_pool_init_default
                0x10001450       0x40 CMakeFiles/AHT20.dir/C_/VSARM/sdk/pico/pico-sdk/src/common/pico_time/time.c.obj
                0x10001450                alarm_pool_init_default
 .text.alarm_pool_get_default
                0x10001490       0x2c CMakeFiles/AHT20.dir/C_/VSARM/sdk/pico/pico-sdk/src/common/pico_time/time.c.obj
                0x10001490                alarm_pool_get_default
 .text.alarm_pool_add_alarm_at
                0x100014bc      0x10e CMakeFiles/AHT20.dir/C_/VSARM/sdk/pico/pico-sdk/src/common/pico_time/time.c.obj
                0x100014bc                alarm_pool_add_alarm_at
 .text.add_alarm_at
                0x100015ca       0x2e CMakeFiles/AHT20.dir/C_/VSARM/sdk/pico/pico-sdk/src/common/pico_time/time.c.obj
 .text.alarm_pool_cancel_alarm
                0x100015f8       0xa8 CMakeFiles/AHT20.dir/C_/VSARM/sdk/pico/pico-sdk/src/common/pico_time/time.c.obj
                0x100015f8                alarm_pool_cancel_alarm
 .text.cancel_alarm
                0x100016a0       0x10 CMakeFiles/AHT20.dir/C_/VSARM/sdk/pico/pico-sdk/src/common/pico_time/time.c.obj
 .text.alarm_pool_core_num
                0x100016b0        0x4 CMakeFiles/AHT20.dir/C_/VSARM/sdk/pico/pico-sdk/src/common/pico_time/time.c.obj
                0x100016b0                alarm_pool_core_num
 .text.sleep_until
                0x100016b4       0xb0 CMakeFiles/AHT20.dir/C_/VSARM/sdk/pico/pico-sdk/src/common/pico_time/time.c.obj
                0x100016b4                sleep_until
 .text.sleep_us
                0x10001764       0x1a CMakeFiles/AHT20.dir/C_/VSARM/sdk/pico/pico-sdk/src/common/pico_time/time.c.obj
                0x10001764                sleep_us
 .text.sleep_ms
                0x1000177e       0x14 CMakeFiles/AHT20.dir/C_/VSARM/sdk/pico/pico-sdk/src/common/pico_time/time.c.obj
                0x1000177e                sleep_ms
 *fill*         0x10001792        0x2 
 .text.best_effort_wfe_or_timeout
                0x10001794       0x44 CMakeFiles/AHT20.dir/C_/VSARM/sdk/pico/pico-sdk/src/common/pico_time/time.c.obj
                0x10001794                best_effort_wfe_or_timeout
 .text.hardware_alarm_irq_handler
                0x100017d8       0x8c CMakeFiles/AHT20.dir/C_/VSARM/sdk/pico/pico-sdk/src/rp2_common/hardware_timer/timer.c.obj
 .text.hardware_alarm_claim
                0x10001864       0x18 CMakeFiles/AHT20.dir/C_/VSARM/sdk/pico/pico-sdk/src/rp2_common/hardware_timer/timer.c.obj
                0x10001864                hardware_alarm_claim
 .text.time_us_64
                0x1000187c       0x18 CMakeFiles/AHT20.dir/C_/VSARM/sdk/pico/pico-sdk/src/rp2_common/hardware_timer/timer.c.obj
                0x1000187c                time_us_64
 .text.busy_wait_until
                0x10001894       0x28 CMakeFiles/AHT20.dir/C_/VSARM/sdk/pico/pico-sdk/src/rp2_common/hardware_timer/timer.c.obj
                0x10001894                busy_wait_until
 .text.hardware_alarm_set_callback
                0x100018bc       0x90 CMakeFiles/AHT20.dir/C_/VSARM/sdk/pico/pico-sdk/src/rp2_common/hardware_timer/timer.c.obj
                0x100018bc                hardware_alarm_set_callback
 .text.hardware_alarm_set_target
                0x1000194c       0xe8 CMakeFiles/AHT20.dir/C_/VSARM/sdk/pico/pico-sdk/src/rp2_common/hardware_timer/timer.c.obj
                0x1000194c                hardware_alarm_set_target
 .text.hardware_alarm_cancel
                0x10001a34       0x40 CMakeFiles/AHT20.dir/C_/VSARM/sdk/pico/pico-sdk/src/rp2_common/hardware_timer/timer.c.obj
                0x10001a34                hardware_alarm_cancel
 .text.ph_get_node
                0x10001a74       0x30 CMakeFiles/AHT20.dir/C_/VSARM/sdk/pico/pico-sdk/src/common/pico_util/pheap.c.obj
 .text.ph_add_child_node
                0x10001aa4       0x6c CMakeFiles/AHT20.dir/C_/VSARM/sdk/pico/pico-sdk/src/common/pico_util/pheap.c.obj
 .text.ph_merge_nodes
                0x10001b10       0x3e CMakeFiles/AHT20.dir/C_/VSARM/sdk/pico/pico-sdk/src/common/pico_util/pheap.c.obj
 .text.ph_clear
                0x10001b4e       0x34 CMakeFiles/AHT20.dir/C_/VSARM/sdk/pico/pico-sdk/src/common/pico_util/pheap.c.obj
                0x10001b4e                ph_clear
 .text.ph_post_alloc_init
                0x10001b82        0xe CMakeFiles/AHT20.dir/C_/VSARM/sdk/pico/pico-sdk/src/common/pico_util/pheap.c.obj
                0x10001b82                ph_post_alloc_init
 .text.ph_merge_two_pass
                0x10001b90       0x5c CMakeFiles/AHT20.dir/C_/VSARM/sdk/pico/pico-sdk/src/common/pico_util/pheap.c.obj
                0x10001b90                ph_merge_two_pass
 .text.ph_remove_any_head
                0x10001bec       0xc0 CMakeFiles/AHT20.dir/C_/VSARM/sdk/pico/pico-sdk/src/common/pico_util/pheap.c.obj
 .text.ph_remove_head
                0x10001cac       0x14 CMakeFiles/AHT20.dir/C_/VSARM/sdk/pico/pico-sdk/src/common/pico_util/pheap.c.obj
                0x10001cac                ph_remove_head
 .text.ph_remove_and_free_node
                0x10001cc0       0xa0 CMakeFiles/AHT20.dir/C_/VSARM/sdk/pico/pico-sdk/src/common/pico_util/pheap.c.obj
                0x10001cc0                ph_remove_and_free_node
 .text.clock_configure
                0x10001d60      0x108 CMakeFiles/AHT20.dir/C_/VSARM/sdk/pico/pico-sdk/src/rp2_common/hardware_clocks/clocks.c.obj
                0x10001d60                clock_configure
 .text.clocks_init
                0x10001e68      0x100 CMakeFiles/AHT20.dir/C_/VSARM/sdk/pico/pico-sdk/src/rp2_common/hardware_clocks/clocks.c.obj
                0x10001e68                clocks_init
 .text.clock_get_hz
                0x10001f68        0xc CMakeFiles/AHT20.dir/C_/VSARM/sdk/pico/pico-sdk/src/rp2_common/hardware_clocks/clocks.c.obj
                0x10001f68                clock_get_hz
 .text.pll_init
                0x10001f74      0x120 CMakeFiles/AHT20.dir/C_/VSARM/sdk/pico/pico-sdk/src/rp2_common/hardware_pll/pll.c.obj
                0x10001f74                pll_init
 .text.watchdog_start_tick
                0x10002094       0x10 CMakeFiles/AHT20.dir/C_/VSARM/sdk/pico/pico-sdk/src/rp2_common/hardware_watchdog/watchdog.c.obj
                0x10002094                watchdog_start_tick
 .text.watchdog_update
                0x100020a4       0x14 CMakeFiles/AHT20.dir/C_/VSARM/sdk/pico/pico-sdk/src/rp2_common/hardware_watchdog/watchdog.c.obj
                0x100020a4                watchdog_update
 .text._watchdog_enable
                0x100020b8       0x78 CMakeFiles/AHT20.dir/C_/VSARM/sdk/pico/pico-sdk/src/rp2_common/hardware_watchdog/watchdog.c.obj
                0x100020b8                _watchdog_enable
 .text.watchdog_reboot
                0x10002130       0x48 CMakeFiles/AHT20.dir/C_/VSARM/sdk/pico/pico-sdk/src/rp2_common/hardware_watchdog/watchdog.c.obj
                0x10002130                watchdog_reboot
 .text.xosc_init
                0x10002178       0x28 CMakeFiles/AHT20.dir/C_/VSARM/sdk/pico/pico-sdk/src/rp2_common/hardware_xosc/xosc.c.obj
                0x10002178                xosc_init
 .text._exit    0x100021a0        0x4 CMakeFiles/AHT20.dir/C_/VSARM/sdk/pico/pico-sdk/src/rp2_common/pico_runtime/runtime.c.obj
                0x100021a0                _exit
 .text.exit     0x100021a4        0x6 CMakeFiles/AHT20.dir/C_/VSARM/sdk/pico/pico-sdk/src/rp2_common/pico_runtime/runtime.c.obj
                0x100021a4                exit
 *fill*         0x100021aa        0x2 
 .text.__assert_func
                0x100021ac       0x38 CMakeFiles/AHT20.dir/C_/VSARM/sdk/pico/pico-sdk/src/rp2_common/pico_runtime/runtime.c.obj
                0x100021ac                __assert_func
 .text.runtime_init
                0x100021e4       0xf8 CMakeFiles/AHT20.dir/C_/VSARM/sdk/pico/pico-sdk/src/rp2_common/pico_runtime/runtime.c.obj
                0x100021e4                runtime_init
 .text.panic    0x100022dc       0x30 CMakeFiles/AHT20.dir/C_/VSARM/sdk/pico/pico-sdk/src/rp2_common/pico_runtime/runtime.c.obj
                0x100022dc                panic
 .text._out_null
                0x1000230c        0x2 CMakeFiles/AHT20.dir/C_/VSARM/sdk/pico/pico-sdk/src/rp2_common/pico_printf/printf.c.obj
 .text._out_fct
                0x1000230e        0xe CMakeFiles/AHT20.dir/C_/VSARM/sdk/pico/pico-sdk/src/rp2_common/pico_printf/printf.c.obj
 .text._atoi    0x1000231c       0x24 CMakeFiles/AHT20.dir/C_/VSARM/sdk/pico/pico-sdk/src/rp2_common/pico_printf/printf.c.obj
 .text._out_rev
                0x10002340       0xae CMakeFiles/AHT20.dir/C_/VSARM/sdk/pico/pico-sdk/src/rp2_common/pico_printf/printf.c.obj
 .text._ntoa_format
                0x100023ee      0x110 CMakeFiles/AHT20.dir/C_/VSARM/sdk/pico/pico-sdk/src/rp2_common/pico_printf/printf.c.obj
 .text._ntoa_long
                0x100024fe       0xbc CMakeFiles/AHT20.dir/C_/VSARM/sdk/pico/pico-sdk/src/rp2_common/pico_printf/printf.c.obj
 .text._ntoa_long_long
                0x100025ba      0x10e CMakeFiles/AHT20.dir/C_/VSARM/sdk/pico/pico-sdk/src/rp2_common/pico_printf/printf.c.obj
 .text._etoa    0x100026c8      0x420 CMakeFiles/AHT20.dir/C_/VSARM/sdk/pico/pico-sdk/src/rp2_common/pico_printf/printf.c.obj
 .text._ftoa    0x10002ae8      0x354 CMakeFiles/AHT20.dir/C_/VSARM/sdk/pico/pico-sdk/src/rp2_common/pico_printf/printf.c.obj
 .text._vsnprintf
                0x10002e3c      0x65c CMakeFiles/AHT20.dir/C_/VSARM/sdk/pico/pico-sdk/src/rp2_common/pico_printf/printf.c.obj
 .text.vfctprintf
                0x10003498       0x20 CMakeFiles/AHT20.dir/C_/VSARM/sdk/pico/pico-sdk/src/rp2_common/pico_printf/printf.c.obj
                0x10003498                vfctprintf
 .text          0x100034b8       0x10 CMakeFiles/AHT20.dir/C_/VSARM/sdk/pico/pico-sdk/src/rp2_common/pico_bit_ops/bit_ops_aeabi.S.obj
 .text.rom_func_lookup
                0x100034c8       0x10 CMakeFiles/AHT20.dir/C_/VSARM/sdk/pico/pico-sdk/src/rp2_common/pico_bootrom/bootrom.c.obj
                0x100034c8                rom_func_lookup
 .text.rom_data_lookup
                0x100034d8       0x10 CMakeFiles/AHT20.dir/C_/VSARM/sdk/pico/pico-sdk/src/rp2_common/pico_bootrom/bootrom.c.obj
                0x100034d8                rom_data_lookup
 .text.rom_funcs_lookup
                0x100034e8       0x36 CMakeFiles/AHT20.dir/C_/VSARM/sdk/pico/pico-sdk/src/rp2_common/pico_bootrom/bootrom.c.obj
                0x100034e8                rom_funcs_lookup
 *fill*         0x1000351e        0x2 
 .text.__wrap___aeabi_idiv
                0x10003520       0x50 CMakeFiles/AHT20.dir/C_/VSARM/sdk/pico/pico-sdk/src/rp2_common/pico_divider/divider.S.obj
                0x10003520                __wrap___aeabi_idivmod
                0x10003520                divmod_s32s32
                0x10003520                div_s32s32
                0x10003520                __wrap___aeabi_idiv
                0x10003528                divmod_s32s32_unsafe
                0x10003554                divmod_s32s32_savestate
 .text.__wrap___aeabi_uidiv
                0x10003570       0x4c CMakeFiles/AHT20.dir/C_/VSARM/sdk/pico/pico-sdk/src/rp2_common/pico_divider/divider.S.obj
                0x10003570                __wrap___aeabi_uidiv
                0x10003570                __wrap___aeabi_uidivmod
                0x10003570                div_u32u32
                0x10003570                divmod_u32u32
                0x10003578                divmod_u32u32_unsafe
                0x100035a0                divmod_u32u32_savestate
 .text.__wrap___aeabi_ldiv
                0x100035bc      0x424 CMakeFiles/AHT20.dir/C_/VSARM/sdk/pico/pico-sdk/src/rp2_common/pico_divider/divider.S.obj
                0x100035bc                div_s64s64
                0x100035bc                divmod_s64s64
                0x100035bc                __wrap___aeabi_ldivmod
                0x100035ec                divmod_u64u64
                0x100035ec                div_u64u64
                0x100035ec                __wrap___aeabi_uldivmod
                0x100035fc                divmod_u64u64_savestate
                0x1000361c                divmod_s64s64_unsafe
                0x100036a4                divmod_u64u64_unsafe
 .text.__wrap___aeabi_darithmetic
                0x100039e0       0x80 CMakeFiles/AHT20.dir/C_/VSARM/sdk/pico/pico-sdk/src/rp2_common/pico_double/double_aeabi.S.obj
                0x100039e0                __wrap___aeabi_drsub
                0x100039e6                __wrap___aeabi_dsub
                0x100039f8                __wrap___aeabi_dadd
                0x10003a0a                __wrap___aeabi_ddiv
                0x10003a46                __wrap___aeabi_dmul
 .text.__wrap___aeabi_cdcmple
                0x10003a60       0x6c CMakeFiles/AHT20.dir/C_/VSARM/sdk/pico/pico-sdk/src/rp2_common/pico_double/double_aeabi.S.obj
                0x10003a60                __wrap___aeabi_cdrcmple
                0x10003a70                __wrap___aeabi_cdcmpeq
                0x10003a70                __wrap___aeabi_cdcmple
 .text.__wrap___aeabi_dcmplt
                0x10003acc        0xc CMakeFiles/AHT20.dir/C_/VSARM/sdk/pico/pico-sdk/src/rp2_common/pico_double/double_aeabi.S.obj
                0x10003acc                __wrap___aeabi_dcmplt
 .text.__wrap___aeabi_dcmple
                0x10003ad8       0x10 CMakeFiles/AHT20.dir/C_/VSARM/sdk/pico/pico-sdk/src/rp2_common/pico_double/double_aeabi.S.obj
                0x10003ad8                __wrap___aeabi_dcmple
 .text.__wrap___aeabi_dcmpge
                0x10003ae8       0x10 CMakeFiles/AHT20.dir/C_/VSARM/sdk/pico/pico-sdk/src/rp2_common/pico_double/double_aeabi.S.obj
                0x10003ae8                __wrap___aeabi_dcmpge
 .text.__wrap___aeabi_dcmpgt
                0x10003af8        0xa CMakeFiles/AHT20.dir/C_/VSARM/sdk/pico/pico-sdk/src/rp2_common/pico_double/double_aeabi.S.obj
                0x10003af8                __wrap___aeabi_dcmpgt
 .text.__wrap___aeabi_dcmpun
                0x10003b02       0x1c CMakeFiles/AHT20.dir/C_/VSARM/sdk/pico/pico-sdk/src/rp2_common/pico_double/double_aeabi.S.obj
                0x10003b02                __wrap___aeabi_dcmpun
 *fill*         0x10003b1e        0x2 
 .text.__wrap___aeabi_i2d
                0x10003b20       0x38 CMakeFiles/AHT20.dir/C_/VSARM/sdk/pico/pico-sdk/src/rp2_common/pico_double/double_aeabi.S.obj
                0x10003b20                __wrap___aeabi_ui2d
                0x10003b28                __wrap___aeabi_i2d
 .text.__wrap___aeabi_d2iz
                0x10003b58       0x48 CMakeFiles/AHT20.dir/C_/VSARM/sdk/pico/pico-sdk/src/rp2_common/pico_double/double_aeabi.S.obj
                0x10003b58                double2int_z
                0x10003b58                __wrap___aeabi_d2iz
 .text.__wrap___aeabi_d2uiz
                0x10003ba0       0x18 CMakeFiles/AHT20.dir/C_/VSARM/sdk/pico/pico-sdk/src/rp2_common/pico_double/double_aeabi.S.obj
                0x10003ba0                __wrap___aeabi_d2uiz
                0x10003ba0                double2uint
 .text.__wrap___aeabi_d2f
                0x10003bb8       0x18 CMakeFiles/AHT20.dir/C_/VSARM/sdk/pico/pico-sdk/src/rp2_common/pico_double/double_aeabi.S.obj
                0x10003bb8                __wrap___aeabi_d2f
 .text.__aeabi_double_init
                0x10003bd0       0xcc CMakeFiles/AHT20.dir/C_/VSARM/sdk/pico/pico-sdk/src/rp2_common/pico_double/double_init_rom.c.obj
                0x10003bd0                __aeabi_double_init
 .text.double_table_shim_on_use_helper
                0x10003c9c       0x34 CMakeFiles/AHT20.dir/C_/VSARM/sdk/pico/pico-sdk/src/rp2_common/pico_double/double_v1_rom_shim.S.obj
                0x10003c9c                double_table_shim_on_use_helper
 .text.__wrap___aeabi_dsub
                0x10003cd0       0x10 CMakeFiles/AHT20.dir/C_/VSARM/sdk/pico/pico-sdk/src/rp2_common/pico_double/double_v1_rom_shim.S.obj
                0x10003cd0                drsub_shim
                0x10003cd6                dsub_shim
 .text.dadd_shim
                0x10003ce0      0x15c CMakeFiles/AHT20.dir/C_/VSARM/sdk/pico/pico-sdk/src/rp2_common/pico_double/double_v1_rom_shim.S.obj
                0x10003ce0                dadd_shim
 .text.dmul_shim
                0x10003e3c      0x15c CMakeFiles/AHT20.dir/C_/VSARM/sdk/pico/pico-sdk/src/rp2_common/pico_double/double_v1_rom_shim.S.obj
                0x10003e3c                dmul_shim
 .text.ddiv_shim
                0x10003f98      0x1b0 CMakeFiles/AHT20.dir/C_/VSARM/sdk/pico/pico-sdk/src/rp2_common/pico_double/double_v1_rom_shim.S.obj
                0x10003f98                ddiv_shim
 .text.double2uint_shim
                0x10004148        0xe CMakeFiles/AHT20.dir/C_/VSARM/sdk/pico/pico-sdk/src/rp2_common/pico_double/double_v1_rom_shim.S.obj
                0x10004148                double2uint_shim
                0x1000414a                double2ufix_shim
 *fill*         0x10004156        0x2 
 .text.double2uint64_shim
                0x10004158       0x70 CMakeFiles/AHT20.dir/C_/VSARM/sdk/pico/pico-sdk/src/rp2_common/pico_double/double_v1_rom_shim.S.obj
                0x10004158                double2uint64_shim
                0x1000415a                double2ufix64_shim
                0x1000417a                d2fix_a
 .text.double2float_shim
                0x100041c8       0x5c CMakeFiles/AHT20.dir/C_/VSARM/sdk/pico/pico-sdk/src/rp2_common/pico_double/double_v1_rom_shim.S.obj
                0x100041c8                double2float_shim
 .text.dunpacks
                0x10004224       0x3c CMakeFiles/AHT20.dir/C_/VSARM/sdk/pico/pico-sdk/src/rp2_common/pico_double/double_v1_rom_shim.S.obj
                0x10004224                dunpacks
 .text.__aeabi_lmul
                0x10004260       0x32 CMakeFiles/AHT20.dir/C_/VSARM/sdk/pico/pico-sdk/src/rp2_common/pico_int64_ops/pico_int64_ops_aeabi.S.obj
                0x10004260                __wrap___aeabi_lmul
 *fill*         0x10004292        0x2 
 .text.__wrap___aeabi_farithmetic
                0x10004294       0x58 CMakeFiles/AHT20.dir/C_/VSARM/sdk/pico/pico-sdk/src/rp2_common/pico_float/float_aeabi.S.obj
                0x10004294                __wrap___aeabi_frsub
                0x1000429a                __wrap___aeabi_fsub
                0x100042a4                __wrap___aeabi_fadd
                0x100042ae                __wrap___aeabi_fdiv
                0x100042da                __wrap___aeabi_fmul
 .text.__wrap___aeabi_ui2f
                0x100042ec        0xa CMakeFiles/AHT20.dir/C_/VSARM/sdk/pico/pico-sdk/src/rp2_common/pico_float/float_aeabi.S.obj
                0x100042ec                __wrap___aeabi_ui2f
 *fill*         0x100042f6        0x2 
 .text.__wrap___aeabi_i2f
                0x100042f8       0x44 CMakeFiles/AHT20.dir/C_/VSARM/sdk/pico/pico-sdk/src/rp2_common/pico_float/float_aeabi.S.obj
                0x100042f8                __wrap___aeabi_i2f
 .text.__wrap___aeabi_f2d
                0x1000433c       0x14 CMakeFiles/AHT20.dir/C_/VSARM/sdk/pico/pico-sdk/src/rp2_common/pico_float/float_aeabi.S.obj
                0x1000433c                __wrap___aeabi_f2d
 .text.__aeabi_float_init
                0x10004350       0xfc CMakeFiles/AHT20.dir/C_/VSARM/sdk/pico/pico-sdk/src/rp2_common/pico_float/float_init_rom.c.obj
                0x10004350                __aeabi_float_init
 .text.float_table_shim_on_use_helper
                0x1000444c       0x34 CMakeFiles/AHT20.dir/C_/VSARM/sdk/pico/pico-sdk/src/rp2_common/pico_float/float_v1_rom_shim.S.obj
                0x1000444c                float_table_shim_on_use_helper
 .text.float2double_shim
                0x10004480       0x30 CMakeFiles/AHT20.dir/C_/VSARM/sdk/pico/pico-sdk/src/rp2_common/pico_float/float_v1_rom_shim.S.obj
                0x10004480                float2double_shim
 .text          0x100044b0       0x10 CMakeFiles/AHT20.dir/C_/VSARM/sdk/pico/pico-sdk/src/rp2_common/pico_mem_ops/mem_ops_aeabi.S.obj
                0x100044b0                __aeabi_mem_init
 .text.memset   0x100044c0        0xc CMakeFiles/AHT20.dir/C_/VSARM/sdk/pico/pico-sdk/src/rp2_common/pico_mem_ops/mem_ops_aeabi.S.obj
                0x100044c0                __wrap_memset
 .text.memcpy   0x100044cc        0xc CMakeFiles/AHT20.dir/C_/VSARM/sdk/pico/pico-sdk/src/rp2_common/pico_mem_ops/mem_ops_aeabi.S.obj
                0x100044cc                __wrap_memcpy
                0x100044cc                __wrap___aeabi_memcpy
 .text.stdio_out_chars_no_crlf
                0x100044d8        0xe CMakeFiles/AHT20.dir/C_/VSARM/sdk/pico/pico-sdk/src/rp2_common/pico_stdio/stdio.c.obj
 *fill*         0x100044e6        0x2 
 .text.stdio_out_chars_crlf
                0x100044e8       0x80 CMakeFiles/AHT20.dir/C_/VSARM/sdk/pico/pico-sdk/src/rp2_common/pico_stdio/stdio.c.obj
 .text.stdio_stack_buffer_flush
                0x10004568       0x44 CMakeFiles/AHT20.dir/C_/VSARM/sdk/pico/pico-sdk/src/rp2_common/pico_stdio/stdio.c.obj
 .text.stdio_buffered_printer
                0x100045ac       0x20 CMakeFiles/AHT20.dir/C_/VSARM/sdk/pico/pico-sdk/src/rp2_common/pico_stdio/stdio.c.obj
 .text.update_us_since_boot
                0x100045cc       0x24 CMakeFiles/AHT20.dir/C_/VSARM/sdk/pico/pico-sdk/src/rp2_common/pico_stdio/stdio.c.obj
 .text.get_absolute_time
                0x100045f0       0x22 CMakeFiles/AHT20.dir/C_/VSARM/sdk/pico/pico-sdk/src/rp2_common/pico_stdio/stdio.c.obj
 *fill*         0x10004612        0x2 
 .text.delayed_by_ms
                0x10004614       0x44 CMakeFiles/AHT20.dir/C_/VSARM/sdk/pico/pico-sdk/src/rp2_common/pico_stdio/stdio.c.obj
 .text.make_timeout_time_ms
                0x10004658       0x20 CMakeFiles/AHT20.dir/C_/VSARM/sdk/pico/pico-sdk/src/rp2_common/pico_stdio/stdio.c.obj
 .text.stdout_serialize_begin
                0x10004678       0x20 CMakeFiles/AHT20.dir/C_/VSARM/sdk/pico/pico-sdk/src/rp2_common/pico_stdio/stdio.c.obj
                0x10004678                stdout_serialize_begin
 .text.stdout_serialize_end
                0x10004698       0x10 CMakeFiles/AHT20.dir/C_/VSARM/sdk/pico/pico-sdk/src/rp2_common/pico_stdio/stdio.c.obj
                0x10004698                stdout_serialize_end
 .text.stdio_put_string
                0x100046a8       0x98 CMakeFiles/AHT20.dir/C_/VSARM/sdk/pico/pico-sdk/src/rp2_common/pico_stdio/stdio.c.obj
 .text.stdio_set_driver_enabled
                0x10004740       0x2c CMakeFiles/AHT20.dir/C_/VSARM/sdk/pico/pico-sdk/src/rp2_common/pico_stdio/stdio.c.obj
                0x10004740                stdio_set_driver_enabled
 .text.stdio_flush
                0x1000476c       0x20 CMakeFiles/AHT20.dir/C_/VSARM/sdk/pico/pico-sdk/src/rp2_common/pico_stdio/stdio.c.obj
                0x1000476c                stdio_flush
 .text.__wrap_puts
                0x1000478c       0x1e CMakeFiles/AHT20.dir/C_/VSARM/sdk/pico/pico-sdk/src/rp2_common/pico_stdio/stdio.c.obj
                0x1000478c                __wrap_puts
 *fill*         0x100047aa        0x2 
 .text.__wrap_vprintf
                0x100047ac       0x40 CMakeFiles/AHT20.dir/C_/VSARM/sdk/pico/pico-sdk/src/rp2_common/pico_stdio/stdio.c.obj
                0x100047ac                __wrap_vprintf
 .text.__wrap_printf
                0x100047ec       0x18 CMakeFiles/AHT20.dir/C_/VSARM/sdk/pico/pico-sdk/src/rp2_common/pico_stdio/stdio.c.obj
                0x100047ec                __wrap_printf
 .text.stdio_init_all
                0x10004804        0x8 CMakeFiles/AHT20.dir/C_/VSARM/sdk/pico/pico-sdk/src/rp2_common/pico_stdio/stdio.c.obj
                0x10004804                stdio_init_all
 .text.resetd_init
                0x1000480c        0x2 CMakeFiles/AHT20.dir/C_/VSARM/sdk/pico/pico-sdk/src/rp2_common/pico_stdio_usb/reset_interface.c.obj
 *fill*         0x1000480e        0x2 
 .text.resetd_reset
                0x10004810        0xc CMakeFiles/AHT20.dir/C_/VSARM/sdk/pico/pico-sdk/src/rp2_common/pico_stdio_usb/reset_interface.c.obj
 .text.resetd_open
                0x1000481c       0x34 CMakeFiles/AHT20.dir/C_/VSARM/sdk/pico/pico-sdk/src/rp2_common/pico_stdio_usb/reset_interface.c.obj
 .text.resetd_xfer_cb
                0x10004850        0x4 CMakeFiles/AHT20.dir/C_/VSARM/sdk/pico/pico-sdk/src/rp2_common/pico_stdio_usb/reset_interface.c.obj
 .text.reset_usb_boot
                0x10004854       0x18 CMakeFiles/AHT20.dir/C_/VSARM/sdk/pico/pico-sdk/src/rp2_common/pico_stdio_usb/reset_interface.c.obj
 .text.resetd_control_xfer_cb
                0x1000486c       0x5c CMakeFiles/AHT20.dir/C_/VSARM/sdk/pico/pico-sdk/src/rp2_common/pico_stdio_usb/reset_interface.c.obj
 .text.usbd_app_driver_get_cb
                0x100048c8        0xc CMakeFiles/AHT20.dir/C_/VSARM/sdk/pico/pico-sdk/src/rp2_common/pico_stdio_usb/reset_interface.c.obj
                0x100048c8                usbd_app_driver_get_cb
 .text.tud_cdc_line_coding_cb
                0x100048d4       0x28 CMakeFiles/AHT20.dir/C_/VSARM/sdk/pico/pico-sdk/src/rp2_common/pico_stdio_usb/reset_interface.c.obj
                0x100048d4                tud_cdc_line_coding_cb
 .text.stdio_usb_set_chars_available_callback
                0x100048fc       0x14 CMakeFiles/AHT20.dir/C_/VSARM/sdk/pico/pico-sdk/src/rp2_common/pico_stdio_usb/stdio_usb.c.obj
                0x100048fc                stdio_usb_set_chars_available_callback
 .text.update_us_since_boot
                0x10004910       0x24 CMakeFiles/AHT20.dir/C_/VSARM/sdk/pico/pico-sdk/src/rp2_common/pico_stdio_usb/stdio_usb.c.obj
 .text.get_absolute_time
                0x10004934       0x22 CMakeFiles/AHT20.dir/C_/VSARM/sdk/pico/pico-sdk/src/rp2_common/pico_stdio_usb/stdio_usb.c.obj
 *fill*         0x10004956        0x2 
 .text.delayed_by_ms
                0x10004958       0x44 CMakeFiles/AHT20.dir/C_/VSARM/sdk/pico/pico-sdk/src/rp2_common/pico_stdio_usb/stdio_usb.c.obj
 .text.make_timeout_time_ms
                0x1000499c       0x20 CMakeFiles/AHT20.dir/C_/VSARM/sdk/pico/pico-sdk/src/rp2_common/pico_stdio_usb/stdio_usb.c.obj
 .text.delayed_by_us
                0x100049bc       0x34 CMakeFiles/AHT20.dir/C_/VSARM/sdk/pico/pico-sdk/src/rp2_common/pico_stdio_usb/stdio_usb.c.obj
 .text.usb_irq  0x100049f0       0x10 CMakeFiles/AHT20.dir/C_/VSARM/sdk/pico/pico-sdk/src/rp2_common/pico_stdio_usb/stdio_usb.c.obj
 .text.critical_section_enter_blocking
                0x10004a00       0x16 CMakeFiles/AHT20.dir/C_/VSARM/sdk/pico/pico-sdk/src/rp2_common/pico_stdio_usb/stdio_usb.c.obj
 *fill*         0x10004a16        0x2 
 .text.timer_task
                0x10004a18       0x4c CMakeFiles/AHT20.dir/C_/VSARM/sdk/pico/pico-sdk/src/rp2_common/pico_stdio_usb/stdio_usb.c.obj
 .text.alarm_pool_add_alarm_in_us
                0x10004a64       0x3a CMakeFiles/AHT20.dir/C_/VSARM/sdk/pico/pico-sdk/src/rp2_common/pico_stdio_usb/stdio_usb.c.obj
 .text.add_alarm_in_us
                0x10004a9e       0x2e CMakeFiles/AHT20.dir/C_/VSARM/sdk/pico/pico-sdk/src/rp2_common/pico_stdio_usb/stdio_usb.c.obj
 .text.low_priority_worker_irq
                0x10004acc       0x7c CMakeFiles/AHT20.dir/C_/VSARM/sdk/pico/pico-sdk/src/rp2_common/pico_stdio_usb/stdio_usb.c.obj
 .text.tud_cdc_rx_cb
                0x10004b48       0x20 CMakeFiles/AHT20.dir/C_/VSARM/sdk/pico/pico-sdk/src/rp2_common/pico_stdio_usb/stdio_usb.c.obj
                0x10004b48                tud_cdc_rx_cb
 .text.stdio_usb_init
                0x10004b68       0xd0 CMakeFiles/AHT20.dir/C_/VSARM/sdk/pico/pico-sdk/src/rp2_common/pico_stdio_usb/stdio_usb.c.obj
                0x10004b68                stdio_usb_init
 .text.stdio_usb_connected
                0x10004c38        0xa CMakeFiles/AHT20.dir/C_/VSARM/sdk/pico/pico-sdk/src/rp2_common/pico_stdio_usb/stdio_usb.c.obj
                0x10004c38                stdio_usb_connected
 *fill*         0x10004c42        0x2 
 .text.stdio_usb_in_chars
                0x10004c44       0x88 CMakeFiles/AHT20.dir/C_/VSARM/sdk/pico/pico-sdk/src/rp2_common/pico_stdio_usb/stdio_usb.c.obj
                0x10004c44                stdio_usb_in_chars
 .text.stdio_usb_out_chars
                0x10004ccc       0xd8 CMakeFiles/AHT20.dir/C_/VSARM/sdk/pico/pico-sdk/src/rp2_common/pico_stdio_usb/stdio_usb.c.obj
 .text.tud_descriptor_device_cb
                0x10004da4        0x8 CMakeFiles/AHT20.dir/C_/VSARM/sdk/pico/pico-sdk/src/rp2_common/pico_stdio_usb/stdio_usb_descriptors.c.obj
                0x10004da4                tud_descriptor_device_cb
 .text.tud_descriptor_configuration_cb
                0x10004dac        0x8 CMakeFiles/AHT20.dir/C_/VSARM/sdk/pico/pico-sdk/src/rp2_common/pico_stdio_usb/stdio_usb_descriptors.c.obj
                0x10004dac                tud_descriptor_configuration_cb
 .text.tud_descriptor_string_cb
                0x10004db4       0x6c CMakeFiles/AHT20.dir/C_/VSARM/sdk/pico/pico-sdk/src/rp2_common/pico_stdio_usb/stdio_usb_descriptors.c.obj
                0x10004db4                tud_descriptor_string_cb
 .text._retrieve_unique_id_on_boot
                0x10004e20       0x10 CMakeFiles/AHT20.dir/C_/VSARM/sdk/pico/pico-sdk/src/rp2_common/pico_unique_id/unique_id.c.obj
 .text.pico_get_unique_board_id_string
                0x10004e30       0x5c CMakeFiles/AHT20.dir/C_/VSARM/sdk/pico/pico-sdk/src/rp2_common/pico_unique_id/unique_id.c.obj
                0x10004e30                pico_get_unique_board_id_string
 .text.flash_get_unique_id
                0x10004e8c       0x46 CMakeFiles/AHT20.dir/C_/VSARM/sdk/pico/pico-sdk/src/rp2_common/hardware_flash/flash.c.obj
                0x10004e8c                flash_get_unique_id
 *fill*         0x10004ed2        0x2 
 .text.hw_endpoint_get_by_addr
                0x10004ed4       0x18 CMakeFiles/AHT20.dir/C_/VSARM/sdk/pico/pico-sdk/lib/tinyusb/src/portable/raspberrypi/rp2040/dcd_rp2040.c.obj
 .text._hw_endpoint_alloc
                0x10004eec       0x70 CMakeFiles/AHT20.dir/C_/VSARM/sdk/pico/pico-sdk/lib/tinyusb/src/portable/raspberrypi/rp2040/dcd_rp2040.c.obj
 .text.hw_endpoint_init
                0x10004f5c       0x88 CMakeFiles/AHT20.dir/C_/VSARM/sdk/pico/pico-sdk/lib/tinyusb/src/portable/raspberrypi/rp2040/dcd_rp2040.c.obj
 .text.dcd_event_sof
                0x10004fe4       0x2c CMakeFiles/AHT20.dir/C_/VSARM/sdk/pico/pico-sdk/lib/tinyusb/src/portable/raspberrypi/rp2040/dcd_rp2040.c.obj
 .text.hw_endpoint_xfer
                0x10005010       0x14 CMakeFiles/AHT20.dir/C_/VSARM/sdk/pico/pico-sdk/lib/tinyusb/src/portable/raspberrypi/rp2040/dcd_rp2040.c.obj
 .text.dcd_int_enable
                0x10005024       0x2c CMakeFiles/AHT20.dir/C_/VSARM/sdk/pico/pico-sdk/lib/tinyusb/src/portable/raspberrypi/rp2040/dcd_rp2040.c.obj
                0x10005024                dcd_int_enable
 .text.dcd_set_address
                0x10005050       0x2c CMakeFiles/AHT20.dir/C_/VSARM/sdk/pico/pico-sdk/lib/tinyusb/src/portable/raspberrypi/rp2040/dcd_rp2040.c.obj
                0x10005050                dcd_set_address
 .text.dcd_connect
                0x1000507c       0x10 CMakeFiles/AHT20.dir/C_/VSARM/sdk/pico/pico-sdk/lib/tinyusb/src/portable/raspberrypi/rp2040/dcd_rp2040.c.obj
                0x1000507c                dcd_connect
 .text.dcd_init
                0x1000508c       0x80 CMakeFiles/AHT20.dir/C_/VSARM/sdk/pico/pico-sdk/lib/tinyusb/src/portable/raspberrypi/rp2040/dcd_rp2040.c.obj
                0x1000508c                dcd_init
 .text.dcd_edpt0_status_complete
                0x1000510c       0x1c CMakeFiles/AHT20.dir/C_/VSARM/sdk/pico/pico-sdk/lib/tinyusb/src/portable/raspberrypi/rp2040/dcd_rp2040.c.obj
                0x1000510c                dcd_edpt0_status_complete
 .text.dcd_edpt_open
                0x10005128       0x40 CMakeFiles/AHT20.dir/C_/VSARM/sdk/pico/pico-sdk/lib/tinyusb/src/portable/raspberrypi/rp2040/dcd_rp2040.c.obj
                0x10005128                dcd_edpt_open
 .text.dcd_edpt_close_all
                0x10005168        0x8 CMakeFiles/AHT20.dir/C_/VSARM/sdk/pico/pico-sdk/lib/tinyusb/src/portable/raspberrypi/rp2040/dcd_rp2040.c.obj
                0x10005168                dcd_edpt_close_all
 .text.dcd_edpt_xfer
                0x10005170       0x34 CMakeFiles/AHT20.dir/C_/VSARM/sdk/pico/pico-sdk/lib/tinyusb/src/portable/raspberrypi/rp2040/dcd_rp2040.c.obj
                0x10005170                dcd_edpt_xfer
 .text.dcd_edpt_stall
                0x100051a4       0x2c CMakeFiles/AHT20.dir/C_/VSARM/sdk/pico/pico-sdk/lib/tinyusb/src/portable/raspberrypi/rp2040/dcd_rp2040.c.obj
                0x100051a4                dcd_edpt_stall
 .text.dcd_edpt_clear_stall
                0x100051d0       0x20 CMakeFiles/AHT20.dir/C_/VSARM/sdk/pico/pico-sdk/lib/tinyusb/src/portable/raspberrypi/rp2040/dcd_rp2040.c.obj
                0x100051d0                dcd_edpt_clear_stall
 .text.rp2040_usb_init
                0x100051f0       0x4c CMakeFiles/AHT20.dir/C_/VSARM/sdk/pico/pico-sdk/lib/tinyusb/src/portable/raspberrypi/rp2040/rp2040_usb.c.obj
                0x100051f0                rp2040_usb_init
 .text.hw_endpoint_xfer_start
                0x1000523c       0x50 CMakeFiles/AHT20.dir/C_/VSARM/sdk/pico/pico-sdk/lib/tinyusb/src/portable/raspberrypi/rp2040/rp2040_usb.c.obj
                0x1000523c                hw_endpoint_xfer_start
 .text.configuration_reset
                0x1000528c       0x84 CMakeFiles/AHT20.dir/C_/VSARM/sdk/pico/pico-sdk/lib/tinyusb/src/device/usbd.c.obj
 .text.critical_section_enter_blocking
                0x10005310       0x16 CMakeFiles/AHT20.dir/C_/VSARM/sdk/pico/pico-sdk/lib/tinyusb/src/device/usbd.c.obj
 .text.usbd_reset
                0x10005326        0xc CMakeFiles/AHT20.dir/C_/VSARM/sdk/pico/pico-sdk/lib/tinyusb/src/device/usbd.c.obj
 .text.invoke_class_control
                0x10005332       0x1a CMakeFiles/AHT20.dir/C_/VSARM/sdk/pico/pico-sdk/lib/tinyusb/src/device/usbd.c.obj
 .text.process_set_config
                0x1000534c      0x178 CMakeFiles/AHT20.dir/C_/VSARM/sdk/pico/pico-sdk/lib/tinyusb/src/device/usbd.c.obj
 .text.process_get_descriptor
                0x100054c4       0xdc CMakeFiles/AHT20.dir/C_/VSARM/sdk/pico/pico-sdk/lib/tinyusb/src/device/usbd.c.obj
 .text.tud_mounted
                0x100055a0       0x10 CMakeFiles/AHT20.dir/C_/VSARM/sdk/pico/pico-sdk/lib/tinyusb/src/device/usbd.c.obj
                0x100055a0                tud_mounted
 .text.tud_suspended
                0x100055b0       0x10 CMakeFiles/AHT20.dir/C_/VSARM/sdk/pico/pico-sdk/lib/tinyusb/src/device/usbd.c.obj
                0x100055b0                tud_suspended
 .text.tud_inited
                0x100055c0       0x14 CMakeFiles/AHT20.dir/C_/VSARM/sdk/pico/pico-sdk/lib/tinyusb/src/device/usbd.c.obj
                0x100055c0                tud_inited
 .text.tud_init
                0x100055d4       0xcc CMakeFiles/AHT20.dir/C_/VSARM/sdk/pico/pico-sdk/lib/tinyusb/src/device/usbd.c.obj
                0x100055d4                tud_init
 .text.usbd_defer_func
                0x100056a0       0x2a CMakeFiles/AHT20.dir/C_/VSARM/sdk/pico/pico-sdk/lib/tinyusb/src/device/usbd.c.obj
                0x100056a0                usbd_defer_func
 *fill*         0x100056ca        0x2 
 .text.usbd_edpt_open
                0x100056cc       0x34 CMakeFiles/AHT20.dir/C_/VSARM/sdk/pico/pico-sdk/lib/tinyusb/src/device/usbd.c.obj
                0x100056cc                usbd_edpt_open
 .text.usbd_open_edpt_pair
                0x10005700       0x62 CMakeFiles/AHT20.dir/C_/VSARM/sdk/pico/pico-sdk/lib/tinyusb/src/device/usbd.c.obj
                0x10005700                usbd_open_edpt_pair
 *fill*         0x10005762        0x2 
 .text.usbd_edpt_claim
                0x10005764       0x28 CMakeFiles/AHT20.dir/C_/VSARM/sdk/pico/pico-sdk/lib/tinyusb/src/device/usbd.c.obj
                0x10005764                usbd_edpt_claim
 .text.usbd_edpt_release
                0x1000578c       0x28 CMakeFiles/AHT20.dir/C_/VSARM/sdk/pico/pico-sdk/lib/tinyusb/src/device/usbd.c.obj
                0x1000578c                usbd_edpt_release
 .text.usbd_edpt_xfer
                0x100057b4       0x78 CMakeFiles/AHT20.dir/C_/VSARM/sdk/pico/pico-sdk/lib/tinyusb/src/device/usbd.c.obj
                0x100057b4                usbd_edpt_xfer
 .text.usbd_edpt_stall
                0x1000582c       0x48 CMakeFiles/AHT20.dir/C_/VSARM/sdk/pico/pico-sdk/lib/tinyusb/src/device/usbd.c.obj
                0x1000582c                usbd_edpt_stall
 .text.usbd_edpt_clear_stall
                0x10005874       0x48 CMakeFiles/AHT20.dir/C_/VSARM/sdk/pico/pico-sdk/lib/tinyusb/src/device/usbd.c.obj
                0x10005874                usbd_edpt_clear_stall
 .text.usbd_edpt_stalled
                0x100058bc       0x1c CMakeFiles/AHT20.dir/C_/VSARM/sdk/pico/pico-sdk/lib/tinyusb/src/device/usbd.c.obj
                0x100058bc                usbd_edpt_stalled
 .text.process_control_request
                0x100058d8      0x374 CMakeFiles/AHT20.dir/C_/VSARM/sdk/pico/pico-sdk/lib/tinyusb/src/device/usbd.c.obj
 .text.tud_task_ext
                0x10005c4c      0x1a8 CMakeFiles/AHT20.dir/C_/VSARM/sdk/pico/pico-sdk/lib/tinyusb/src/device/usbd.c.obj
                0x10005c4c                tud_task_ext
 .text._status_stage_xact
                0x10005df4       0x1a CMakeFiles/AHT20.dir/C_/VSARM/sdk/pico/pico-sdk/lib/tinyusb/src/device/usbd_control.c.obj
 *fill*         0x10005e0e        0x2 
 .text._data_stage_xact
                0x10005e10       0x58 CMakeFiles/AHT20.dir/C_/VSARM/sdk/pico/pico-sdk/lib/tinyusb/src/device/usbd_control.c.obj
 .text.tud_control_status
                0x10005e68       0x28 CMakeFiles/AHT20.dir/C_/VSARM/sdk/pico/pico-sdk/lib/tinyusb/src/device/usbd_control.c.obj
                0x10005e68                tud_control_status
 .text.tud_control_xfer
                0x10005e90       0x68 CMakeFiles/AHT20.dir/C_/VSARM/sdk/pico/pico-sdk/lib/tinyusb/src/device/usbd_control.c.obj
                0x10005e90                tud_control_xfer
 .text.usbd_control_reset
                0x10005ef8       0x14 CMakeFiles/AHT20.dir/C_/VSARM/sdk/pico/pico-sdk/lib/tinyusb/src/device/usbd_control.c.obj
                0x10005ef8                usbd_control_reset
 .text.usbd_control_set_complete_callback
                0x10005f0c        0xc CMakeFiles/AHT20.dir/C_/VSARM/sdk/pico/pico-sdk/lib/tinyusb/src/device/usbd_control.c.obj
                0x10005f0c                usbd_control_set_complete_callback
 .text.usbd_control_set_request
                0x10005f18       0x1c CMakeFiles/AHT20.dir/C_/VSARM/sdk/pico/pico-sdk/lib/tinyusb/src/device/usbd_control.c.obj
                0x10005f18                usbd_control_set_request
 .text.usbd_control_xfer_cb
                0x10005f34       0xbc CMakeFiles/AHT20.dir/C_/VSARM/sdk/pico/pico-sdk/lib/tinyusb/src/device/usbd_control.c.obj
                0x10005f34                usbd_control_xfer_cb
 .text._prep_out_transaction
                0x10005ff0       0x4a CMakeFiles/AHT20.dir/C_/VSARM/sdk/pico/pico-sdk/lib/tinyusb/src/class/cdc/cdc_device.c.obj
 *fill*         0x1000603a        0x2 
 .text.tud_cdc_n_connected
                0x1000603c       0x38 CMakeFiles/AHT20.dir/C_/VSARM/sdk/pico/pico-sdk/lib/tinyusb/src/class/cdc/cdc_device.c.obj
                0x1000603c                tud_cdc_n_connected
 .text.tud_cdc_n_available
                0x10006074       0x18 CMakeFiles/AHT20.dir/C_/VSARM/sdk/pico/pico-sdk/lib/tinyusb/src/class/cdc/cdc_device.c.obj
                0x10006074                tud_cdc_n_available
 .text.tud_cdc_n_read
                0x1000608c       0x28 CMakeFiles/AHT20.dir/C_/VSARM/sdk/pico/pico-sdk/lib/tinyusb/src/class/cdc/cdc_device.c.obj
                0x1000608c                tud_cdc_n_read
 .text.tud_cdc_n_write_flush
                0x100060b4       0xb8 CMakeFiles/AHT20.dir/C_/VSARM/sdk/pico/pico-sdk/lib/tinyusb/src/class/cdc/cdc_device.c.obj
                0x100060b4                tud_cdc_n_write_flush
 .text.tud_cdc_n_write
                0x1000616c       0x38 CMakeFiles/AHT20.dir/C_/VSARM/sdk/pico/pico-sdk/lib/tinyusb/src/class/cdc/cdc_device.c.obj
                0x1000616c                tud_cdc_n_write
 .text.tud_cdc_n_write_available
                0x100061a4       0x1c CMakeFiles/AHT20.dir/C_/VSARM/sdk/pico/pico-sdk/lib/tinyusb/src/class/cdc/cdc_device.c.obj
                0x100061a4                tud_cdc_n_write_available
 .text.cdcd_init
                0x100061c0       0xbc CMakeFiles/AHT20.dir/C_/VSARM/sdk/pico/pico-sdk/lib/tinyusb/src/class/cdc/cdc_device.c.obj
                0x100061c0                cdcd_init
 .text.cdcd_reset
                0x1000627c       0x44 CMakeFiles/AHT20.dir/C_/VSARM/sdk/pico/pico-sdk/lib/tinyusb/src/class/cdc/cdc_device.c.obj
                0x1000627c                cdcd_reset
 .text.cdcd_open
                0x100062c0       0xc4 CMakeFiles/AHT20.dir/C_/VSARM/sdk/pico/pico-sdk/lib/tinyusb/src/class/cdc/cdc_device.c.obj
                0x100062c0                cdcd_open
 .text.cdcd_control_xfer_cb
                0x10006384      0x134 CMakeFiles/AHT20.dir/C_/VSARM/sdk/pico/pico-sdk/lib/tinyusb/src/class/cdc/cdc_device.c.obj
                0x10006384                cdcd_control_xfer_cb
 .text.cdcd_xfer_cb
                0x100064b8      0x130 CMakeFiles/AHT20.dir/C_/VSARM/sdk/pico/pico-sdk/lib/tinyusb/src/class/cdc/cdc_device.c.obj
                0x100064b8                cdcd_xfer_cb
 .text.tusb_init
                0x100065e8        0xa CMakeFiles/AHT20.dir/C_/VSARM/sdk/pico/pico-sdk/lib/tinyusb/src/tusb.c.obj
                0x100065e8                tusb_init
 .text.tusb_inited
                0x100065f2        0xe CMakeFiles/AHT20.dir/C_/VSARM/sdk/pico/pico-sdk/lib/tinyusb/src/tusb.c.obj
                0x100065f2                tusb_inited
 .text.tu_edpt_claim
                0x10006600       0x50 CMakeFiles/AHT20.dir/C_/VSARM/sdk/pico/pico-sdk/lib/tinyusb/src/tusb.c.obj
                0x10006600                tu_edpt_claim
 .text.tu_edpt_release
                0x10006650       0x38 CMakeFiles/AHT20.dir/C_/VSARM/sdk/pico/pico-sdk/lib/tinyusb/src/tusb.c.obj
                0x10006650                tu_edpt_release
 .text.tu_edpt_validate
                0x10006688       0x78 CMakeFiles/AHT20.dir/C_/VSARM/sdk/pico/pico-sdk/lib/tinyusb/src/tusb.c.obj
                0x10006688                tu_edpt_validate
 .text.tu_edpt_bind_driver
                0x10006700       0x26 CMakeFiles/AHT20.dir/C_/VSARM/sdk/pico/pico-sdk/lib/tinyusb/src/tusb.c.obj
                0x10006700                tu_edpt_bind_driver
 .text.advance_index
                0x10006726       0x1a CMakeFiles/AHT20.dir/C_/VSARM/sdk/pico/pico-sdk/lib/tinyusb/src/common/tusb_fifo.c.obj
 .text._tu_fifo_peek
                0x10006740       0x56 CMakeFiles/AHT20.dir/C_/VSARM/sdk/pico/pico-sdk/lib/tinyusb/src/common/tusb_fifo.c.obj
 .text._ff_pull_const_addr
                0x10006796       0x4c CMakeFiles/AHT20.dir/C_/VSARM/sdk/pico/pico-sdk/lib/tinyusb/src/common/tusb_fifo.c.obj
 .text._ff_pull_n
                0x100067e2      0x110 CMakeFiles/AHT20.dir/C_/VSARM/sdk/pico/pico-sdk/lib/tinyusb/src/common/tusb_fifo.c.obj
 .text._tu_fifo_peek_n
                0x100068f2       0x6a CMakeFiles/AHT20.dir/C_/VSARM/sdk/pico/pico-sdk/lib/tinyusb/src/common/tusb_fifo.c.obj
 .text._tu_fifo_read_n
                0x1000695c       0x4e CMakeFiles/AHT20.dir/C_/VSARM/sdk/pico/pico-sdk/lib/tinyusb/src/common/tusb_fifo.c.obj
 .text._ff_push_const_addr
                0x100069aa       0x40 CMakeFiles/AHT20.dir/C_/VSARM/sdk/pico/pico-sdk/lib/tinyusb/src/common/tusb_fifo.c.obj
 .text._ff_push_n
                0x100069ea      0x10c CMakeFiles/AHT20.dir/C_/VSARM/sdk/pico/pico-sdk/lib/tinyusb/src/common/tusb_fifo.c.obj
 .text._tu_fifo_write_n
                0x10006af6       0xf0 CMakeFiles/AHT20.dir/C_/VSARM/sdk/pico/pico-sdk/lib/tinyusb/src/common/tusb_fifo.c.obj
 .text.tu_fifo_config
                0x10006be6       0x7c CMakeFiles/AHT20.dir/C_/VSARM/sdk/pico/pico-sdk/lib/tinyusb/src/common/tusb_fifo.c.obj
                0x10006be6                tu_fifo_config
 .text.tu_fifo_count
                0x10006c62       0x2a CMakeFiles/AHT20.dir/C_/VSARM/sdk/pico/pico-sdk/lib/tinyusb/src/common/tusb_fifo.c.obj
                0x10006c62                tu_fifo_count
 .text.tu_fifo_empty
                0x10006c8c        0xe CMakeFiles/AHT20.dir/C_/VSARM/sdk/pico/pico-sdk/lib/tinyusb/src/common/tusb_fifo.c.obj
                0x10006c8c                tu_fifo_empty
 .text.tu_fifo_full
                0x10006c9a       0x28 CMakeFiles/AHT20.dir/C_/VSARM/sdk/pico/pico-sdk/lib/tinyusb/src/common/tusb_fifo.c.obj
                0x10006c9a                tu_fifo_full
 .text.tu_fifo_remaining
                0x10006cc2       0x2c CMakeFiles/AHT20.dir/C_/VSARM/sdk/pico/pico-sdk/lib/tinyusb/src/common/tusb_fifo.c.obj
                0x10006cc2                tu_fifo_remaining
 .text.tu_fifo_read
                0x10006cee       0x42 CMakeFiles/AHT20.dir/C_/VSARM/sdk/pico/pico-sdk/lib/tinyusb/src/common/tusb_fifo.c.obj
                0x10006cee                tu_fifo_read
 .text.tu_fifo_read_n
                0x10006d30        0xa CMakeFiles/AHT20.dir/C_/VSARM/sdk/pico/pico-sdk/lib/tinyusb/src/common/tusb_fifo.c.obj
                0x10006d30                tu_fifo_read_n
 .text.tu_fifo_write
                0x10006d3a       0x64 CMakeFiles/AHT20.dir/C_/VSARM/sdk/pico/pico-sdk/lib/tinyusb/src/common/tusb_fifo.c.obj
                0x10006d3a                tu_fifo_write
 .text.tu_fifo_write_n
                0x10006d9e        0xa CMakeFiles/AHT20.dir/C_/VSARM/sdk/pico/pico-sdk/lib/tinyusb/src/common/tusb_fifo.c.obj
                0x10006d9e                tu_fifo_write_n
 .text.tu_fifo_clear
                0x10006da8       0x3e CMakeFiles/AHT20.dir/C_/VSARM/sdk/pico/pico-sdk/lib/tinyusb/src/common/tusb_fifo.c.obj
                0x10006da8                tu_fifo_clear
 .text.tu_fifo_set_overwritable
                0x10006de6       0x46 CMakeFiles/AHT20.dir/C_/VSARM/sdk/pico/pico-sdk/lib/tinyusb/src/common/tusb_fifo.c.obj
                0x10006de6                tu_fifo_set_overwritable
 .text.i2c_write_blocking_internal
                0x10006e2c      0x146 CMakeFiles/AHT20.dir/C_/VSARM/sdk/pico/pico-sdk/src/rp2_common/hardware_i2c/i2c.c.obj
 .text.i2c_read_blocking_internal
                0x10006f72       0xe6 CMakeFiles/AHT20.dir/C_/VSARM/sdk/pico/pico-sdk/src/rp2_common/hardware_i2c/i2c.c.obj
 .text.i2c_set_baudrate
                0x10007058       0xf0 CMakeFiles/AHT20.dir/C_/VSARM/sdk/pico/pico-sdk/src/rp2_common/hardware_i2c/i2c.c.obj
                0x10007058                i2c_set_baudrate
 .text.i2c_init
                0x10007148       0x58 CMakeFiles/AHT20.dir/C_/VSARM/sdk/pico/pico-sdk/src/rp2_common/hardware_i2c/i2c.c.obj
                0x10007148                i2c_init
 .text.i2c_write_blocking
                0x100071a0       0x18 CMakeFiles/AHT20.dir/C_/VSARM/sdk/pico/pico-sdk/src/rp2_common/hardware_i2c/i2c.c.obj
                0x100071a0                i2c_write_blocking
 .text.i2c_read_blocking
                0x100071b8       0x18 CMakeFiles/AHT20.dir/C_/VSARM/sdk/pico/pico-sdk/src/rp2_common/hardware_i2c/i2c.c.obj
                0x100071b8                i2c_read_blocking
 .text.strlen   0x100071d0       0x5c c:/vsarm/armcc/125863~1.3re/bin/../lib/gcc/arm-none-eabi/12.3.1/thumb/v6-m/nofp\libg.a(libc_a-strlen-stub.o)
                0x100071d0                strlen
 *(.fini)
 .fini          0x1000722c        0x4 c:/vsarm/armcc/125863~1.3re/bin/../lib/gcc/arm-none-eabi/12.3.1/thumb/v6-m/nofp/crti.o
                0x1000722c                _fini
 .fini.__stub   0x10007230       0xe0 linker stubs
 *crtbegin.o(.ctors)
 *crtbegin?.o(.ctors)
 *(EXCLUDE_FILE(*crtend.o *crtend?.o) .ctors)
 *(SORT_BY_NAME(.ctors.*))
 *(.ctors)
 *crtbegin.o(.dtors)
 *crtbegin?.o(.dtors)
 *(EXCLUDE_FILE(*crtend.o *crtend?.o) .dtors)
 *(SORT_BY_NAME(.dtors.*))
 *(.dtors)
 *(.eh_frame*)
 .eh_frame      0x10007310        0x0 c:/vsarm/armcc/125863~1.3re/bin/../lib/gcc/arm-none-eabi/12.3.1/thumb/v6-m/nofp/crtbegin.o
                0x10007310                        . = ALIGN (0x4)

.glue_7         0x10007310        0x0
 .glue_7        0x10007310        0x0 linker stubs

.glue_7t        0x10007310        0x0
 .glue_7t       0x10007310        0x0 linker stubs

.vfp11_veneer   0x10007310        0x0
 .vfp11_veneer  0x10007310        0x0 linker stubs

.v4_bx          0x10007310        0x0
 .v4_bx         0x10007310        0x0 linker stubs

.iplt           0x10007310        0x0
 .iplt          0x10007310        0x0 c:/vsarm/armcc/125863~1.3re/bin/../lib/gcc/arm-none-eabi/12.3.1/thumb/v6-m/nofp/crtbegin.o

.rodata         0x10007310     0x15c4
 *(EXCLUDE_FILE(*libm.a: *libc.a:*lib_a-mem*.o *libgcc.a:) .rodata*)
 .rodata.main.str1.4
                0x10007310       0x27 CMakeFiles/AHT20.dir/main.cpp.obj
 *fill*         0x10007337        0x1 
 .rodata._ZN5AHT20C2Eii.str1.4
                0x10007338        0x7 CMakeFiles/AHT20.dir/AHT20/AHT20.cpp.obj
 *fill*         0x1000733f        0x1 
 .rodata._ZN5AHT2018triggerMeasurementEv.str1.4
                0x10007340       0x23 CMakeFiles/AHT20.dir/AHT20/AHT20.cpp.obj
 *fill*         0x10007363        0x1 
 .rodata.spin_lock_claim_unused.str1.4
                0x10007364       0x1b CMakeFiles/AHT20.dir/C_/VSARM/sdk/pico/pico-sdk/src/rp2_common/hardware_sync/sync.c.obj
 *fill*         0x1000737f        0x1 
 .rodata.resolve_branch.str1.4
                0x10007380       0x55 CMakeFiles/AHT20.dir/C_/VSARM/sdk/pico/pico-sdk/src/rp2_common/hardware_irq/irq.c.obj
 *fill*         0x100073d5        0x3 
 .rodata.make_branch.str1.4
                0x100073d8       0x30 CMakeFiles/AHT20.dir/C_/VSARM/sdk/pico/pico-sdk/src/rp2_common/hardware_irq/irq.c.obj
 .rodata.insert_branch_and_link.str1.4
                0x10007408       0x10 CMakeFiles/AHT20.dir/C_/VSARM/sdk/pico/pico-sdk/src/rp2_common/hardware_irq/irq.c.obj
 .rodata.irq_set_exclusive_handler.str1.4
                0x10007418       0x36 CMakeFiles/AHT20.dir/C_/VSARM/sdk/pico/pico-sdk/src/rp2_common/hardware_irq/irq.c.obj
 *fill*         0x1000744e        0x2 
 .rodata.irq_add_shared_handler.str1.4
                0x10007450       0xc2 CMakeFiles/AHT20.dir/C_/VSARM/sdk/pico/pico-sdk/src/rp2_common/hardware_irq/irq.c.obj
 *fill*         0x10007512        0x2 
 .rodata.irq_remove_handler.str1.4
                0x10007514       0x3a CMakeFiles/AHT20.dir/C_/VSARM/sdk/pico/pico-sdk/src/rp2_common/hardware_irq/irq.c.obj
 *fill*         0x1000754e        0x2 
 .rodata.irq_add_tail_to_free_list.str1.4
                0x10007550       0x3a CMakeFiles/AHT20.dir/C_/VSARM/sdk/pico/pico-sdk/src/rp2_common/hardware_irq/irq.c.obj
 *fill*         0x1000758a        0x2 
 .rodata.user_irq_claim_unused.str1.4
                0x1000758c       0x1b CMakeFiles/AHT20.dir/C_/VSARM/sdk/pico/pico-sdk/src/rp2_common/hardware_irq/irq.c.obj
 *fill*         0x100075a7        0x1 
 .rodata.__func__.0
                0x100075a8       0x1a CMakeFiles/AHT20.dir/C_/VSARM/sdk/pico/pico-sdk/src/rp2_common/hardware_irq/irq.c.obj
 *fill*         0x100075c2        0x2 
 .rodata.__func__.1
                0x100075c4       0x17 CMakeFiles/AHT20.dir/C_/VSARM/sdk/pico/pico-sdk/src/rp2_common/hardware_irq/irq.c.obj
 *fill*         0x100075db        0x1 
 .rodata.__func__.2
                0x100075dc       0x13 CMakeFiles/AHT20.dir/C_/VSARM/sdk/pico/pico-sdk/src/rp2_common/hardware_irq/irq.c.obj
 *fill*         0x100075ef        0x1 
 .rodata.__func__.3
                0x100075f0        0xc CMakeFiles/AHT20.dir/C_/VSARM/sdk/pico/pico-sdk/src/rp2_common/hardware_irq/irq.c.obj
 .rodata.__func__.4
                0x100075fc        0xf CMakeFiles/AHT20.dir/C_/VSARM/sdk/pico/pico-sdk/src/rp2_common/hardware_irq/irq.c.obj
 *fill*         0x1000760b        0x1 
 .rodata.__func__.5
                0x1000760c       0x17 CMakeFiles/AHT20.dir/C_/VSARM/sdk/pico/pico-sdk/src/rp2_common/hardware_irq/irq.c.obj
 *fill*         0x10007623        0x1 
 .rodata.__func__.6
                0x10007624       0x1a CMakeFiles/AHT20.dir/C_/VSARM/sdk/pico/pico-sdk/src/rp2_common/hardware_irq/irq.c.obj
 *fill*         0x1000763e        0x2 
 .rodata.update_us_since_boot.str1.4
                0x10007640       0x61 CMakeFiles/AHT20.dir/C_/VSARM/sdk/pico/pico-sdk/src/common/pico_sync/mutex.c.obj
 *fill*         0x100076a1        0x3 
 .rodata.str1.4
                0x100076a4       0x89 CMakeFiles/AHT20.dir/C_/VSARM/sdk/pico/pico-sdk/src/common/pico_sync/mutex.c.obj
 *fill*         0x1000772d        0x3 
 .rodata.__func__.1
                0x10007730        0xb CMakeFiles/AHT20.dir/C_/VSARM/sdk/pico/pico-sdk/src/common/pico_sync/mutex.c.obj
 *fill*         0x1000773b        0x1 
 .rodata.__func__.3
                0x1000773c       0x18 CMakeFiles/AHT20.dir/C_/VSARM/sdk/pico/pico-sdk/src/common/pico_sync/mutex.c.obj
 .rodata.__func__.4
                0x10007754       0x15 CMakeFiles/AHT20.dir/C_/VSARM/sdk/pico/pico-sdk/src/common/pico_sync/mutex.c.obj
 *fill*         0x10007769        0x3 
 .rodata.get_entry.str1.4
                0x1000776c       0x5b CMakeFiles/AHT20.dir/C_/VSARM/sdk/pico/pico-sdk/src/common/pico_time/time.c.obj
 .rodata.update_us_since_boot.str1.4
                0x100077c7       0x61 CMakeFiles/AHT20.dir/C_/VSARM/sdk/pico/pico-sdk/src/common/pico_time/time.c.obj
 *fill*         0x100077c7        0x1 
 .rodata.ph_get_node.str1.4
                0x100077c8       0x66 CMakeFiles/AHT20.dir/C_/VSARM/sdk/pico/pico-sdk/src/common/pico_time/time.c.obj
 *fill*         0x1000782e        0x2 
 .rodata.ph_add_child_node.str1.4
                0x10007830       0x2e CMakeFiles/AHT20.dir/C_/VSARM/sdk/pico/pico-sdk/src/common/pico_time/time.c.obj
 *fill*         0x1000785e        0x2 
 .rodata.ph_insert_node.str1.4
                0x10007860        0x3 CMakeFiles/AHT20.dir/C_/VSARM/sdk/pico/pico-sdk/src/common/pico_time/time.c.obj
 *fill*         0x10007863        0x1 
 .rodata.ph_free_node.str1.4
                0x10007864       0x38 CMakeFiles/AHT20.dir/C_/VSARM/sdk/pico/pico-sdk/src/common/pico_time/time.c.obj
 .rodata.add_alarm_under_lock.str1.4
                0x1000789c       0x28 CMakeFiles/AHT20.dir/C_/VSARM/sdk/pico/pico-sdk/src/common/pico_time/time.c.obj
 .rodata.alarm_pool_alarm_callback.str1.4
                0x100078c4       0x60 CMakeFiles/AHT20.dir/C_/VSARM/sdk/pico/pico-sdk/src/common/pico_time/time.c.obj
 .rodata.alarm_pool_get_default.str1.4
                0x10007924       0x21 CMakeFiles/AHT20.dir/C_/VSARM/sdk/pico/pico-sdk/src/common/pico_time/time.c.obj
 *fill*         0x10007945        0x3 
 .rodata.alarm_pool_cancel_alarm.str1.4
                0x10007948       0x27 CMakeFiles/AHT20.dir/C_/VSARM/sdk/pico/pico-sdk/src/common/pico_time/time.c.obj
 *fill*         0x1000796f        0x1 
 .rodata.sleep_until.str1.4
                0x10007970       0x4d CMakeFiles/AHT20.dir/C_/VSARM/sdk/pico/pico-sdk/src/common/pico_time/time.c.obj
 *fill*         0x100079bd        0x3 
 .rodata.__func__.1
                0x100079c0       0x18 CMakeFiles/AHT20.dir/C_/VSARM/sdk/pico/pico-sdk/src/common/pico_time/time.c.obj
 .rodata.__func__.3
                0x100079d8       0x17 CMakeFiles/AHT20.dir/C_/VSARM/sdk/pico/pico-sdk/src/common/pico_time/time.c.obj
 *fill*         0x100079ef        0x1 
 .rodata.__func__.4
                0x100079f0       0x12 CMakeFiles/AHT20.dir/C_/VSARM/sdk/pico/pico-sdk/src/common/pico_time/time.c.obj
 *fill*         0x10007a02        0x2 
 .rodata.__func__.5
                0x10007a04        0xd CMakeFiles/AHT20.dir/C_/VSARM/sdk/pico/pico-sdk/src/common/pico_time/time.c.obj
 *fill*         0x10007a11        0x3 
 .rodata.__func__.6
                0x10007a14       0x12 CMakeFiles/AHT20.dir/C_/VSARM/sdk/pico/pico-sdk/src/common/pico_time/time.c.obj
 *fill*         0x10007a26        0x2 
 .rodata.__func__.7
                0x10007a28        0xf CMakeFiles/AHT20.dir/C_/VSARM/sdk/pico/pico-sdk/src/common/pico_time/time.c.obj
 *fill*         0x10007a37        0x1 
 .rodata.__func__.8
                0x10007a38        0xc CMakeFiles/AHT20.dir/C_/VSARM/sdk/pico/pico-sdk/src/common/pico_time/time.c.obj
 .rodata.__func__.9
                0x10007a44       0x15 CMakeFiles/AHT20.dir/C_/VSARM/sdk/pico/pico-sdk/src/common/pico_time/time.c.obj
 *fill*         0x10007a59        0x3 
 .rodata.__func__.10
                0x10007a5c       0x15 CMakeFiles/AHT20.dir/C_/VSARM/sdk/pico/pico-sdk/src/common/pico_time/time.c.obj
 *fill*         0x10007a71        0x3 
 .rodata.__func__.11
                0x10007a74       0x1a CMakeFiles/AHT20.dir/C_/VSARM/sdk/pico/pico-sdk/src/common/pico_time/time.c.obj
 *fill*         0x10007a8e        0x2 
 .rodata.__func__.12
                0x10007a90        0xa CMakeFiles/AHT20.dir/C_/VSARM/sdk/pico/pico-sdk/src/common/pico_time/time.c.obj
 *fill*         0x10007a9a        0x2 
 .rodata.hardware_alarm_claim.str1.4
                0x10007a9c       0x22 CMakeFiles/AHT20.dir/C_/VSARM/sdk/pico/pico-sdk/src/rp2_common/hardware_timer/timer.c.obj
 *fill*         0x10007abe        0x2 
 .rodata.hardware_alarm_set_target.str1.4
                0x10007ac0       0x65 CMakeFiles/AHT20.dir/C_/VSARM/sdk/pico/pico-sdk/src/rp2_common/hardware_timer/timer.c.obj
 *fill*         0x10007b25        0x3 
 .rodata.__func__.0
                0x10007b28       0x1a CMakeFiles/AHT20.dir/C_/VSARM/sdk/pico/pico-sdk/src/rp2_common/hardware_timer/timer.c.obj
 .rodata.ph_get_node.str1.4
                0x10007b42       0x66 CMakeFiles/AHT20.dir/C_/VSARM/sdk/pico/pico-sdk/src/common/pico_util/pheap.c.obj
 .rodata.ph_add_child_node.str1.4
                0x10007b42       0x2e CMakeFiles/AHT20.dir/C_/VSARM/sdk/pico/pico-sdk/src/common/pico_util/pheap.c.obj
 *fill*         0x10007b42        0x2 
 .rodata.ph_remove_any_head.str1.4
                0x10007b44       0x8c CMakeFiles/AHT20.dir/C_/VSARM/sdk/pico/pico-sdk/src/common/pico_util/pheap.c.obj
                                 0xa0 (size before relaxing)
 .rodata.ph_remove_and_free_node.str1.4
                0x10007bd0       0x1e CMakeFiles/AHT20.dir/C_/VSARM/sdk/pico/pico-sdk/src/common/pico_util/pheap.c.obj
                                 0x26 (size before relaxing)
 *fill*         0x10007bee        0x2 
 .rodata.__func__.0
                0x10007bf0       0x18 CMakeFiles/AHT20.dir/C_/VSARM/sdk/pico/pico-sdk/src/common/pico_util/pheap.c.obj
 .rodata.__func__.1
                0x10007c08       0x13 CMakeFiles/AHT20.dir/C_/VSARM/sdk/pico/pico-sdk/src/common/pico_util/pheap.c.obj
 *fill*         0x10007c1b        0x1 
 .rodata.__func__.2
                0x10007c1c       0x12 CMakeFiles/AHT20.dir/C_/VSARM/sdk/pico/pico-sdk/src/common/pico_util/pheap.c.obj
 *fill*         0x10007c2e        0x2 
 .rodata.__func__.3
                0x10007c30        0xc CMakeFiles/AHT20.dir/C_/VSARM/sdk/pico/pico-sdk/src/common/pico_util/pheap.c.obj
 .rodata.clock_configure.str1.4
                0x10007c3c       0x57 CMakeFiles/AHT20.dir/C_/VSARM/sdk/pico/pico-sdk/src/rp2_common/hardware_clocks/clocks.c.obj
 *fill*         0x10007c93        0x1 
 .rodata.__func__.1
                0x10007c94       0x10 CMakeFiles/AHT20.dir/C_/VSARM/sdk/pico/pico-sdk/src/rp2_common/hardware_clocks/clocks.c.obj
 .rodata.pll_init.str1.4
                0x10007ca4      0x124 CMakeFiles/AHT20.dir/C_/VSARM/sdk/pico/pico-sdk/src/rp2_common/hardware_pll/pll.c.obj
 .rodata.__func__.0
                0x10007dc8        0x9 CMakeFiles/AHT20.dir/C_/VSARM/sdk/pico/pico-sdk/src/rp2_common/hardware_pll/pll.c.obj
 *fill*         0x10007dd1        0x3 
 .rodata.__assert_func.str1.4
                0x10007dd4       0x3f CMakeFiles/AHT20.dir/C_/VSARM/sdk/pico/pico-sdk/src/rp2_common/pico_runtime/runtime.c.obj
                                 0x43 (size before relaxing)
 *fill*         0x10007e13        0x1 
 .rodata.runtime_init.str1.4
                0x10007e14       0x61 CMakeFiles/AHT20.dir/C_/VSARM/sdk/pico/pico-sdk/src/rp2_common/pico_runtime/runtime.c.obj
 *fill*         0x10007e75        0x3 
 .rodata.panic.str1.4
                0x10007e78       0x10 CMakeFiles/AHT20.dir/C_/VSARM/sdk/pico/pico-sdk/src/rp2_common/pico_runtime/runtime.c.obj
                                 0x12 (size before relaxing)
 .rodata.__func__.2
                0x10007e88        0xd CMakeFiles/AHT20.dir/C_/VSARM/sdk/pico/pico-sdk/src/rp2_common/pico_runtime/runtime.c.obj
 *fill*         0x10007e95        0x3 
 .rodata._ftoa.str1.4
                0x10007e98       0x15 CMakeFiles/AHT20.dir/C_/VSARM/sdk/pico/pico-sdk/src/rp2_common/pico_printf/printf.c.obj
 *fill*         0x10007ead        0x3 
 .rodata._vsnprintf
                0x10007eb0      0x19c CMakeFiles/AHT20.dir/C_/VSARM/sdk/pico/pico-sdk/src/rp2_common/pico_printf/printf.c.obj
 *fill*         0x1000804c        0x4 
 .rodata.pow10.0
                0x10008050       0x50 CMakeFiles/AHT20.dir/C_/VSARM/sdk/pico/pico-sdk/src/rp2_common/pico_printf/printf.c.obj
 .rodata.__aeabi_double_init.str1.4
                0x100080a0       0x9c CMakeFiles/AHT20.dir/C_/VSARM/sdk/pico/pico-sdk/src/rp2_common/pico_double/double_init_rom.c.obj
 .rodata.__func__.0
                0x1000813c       0x14 CMakeFiles/AHT20.dir/C_/VSARM/sdk/pico/pico-sdk/src/rp2_common/pico_double/double_init_rom.c.obj
 .rodata.__aeabi_float_init.str1.4
                0x10008150       0x7a CMakeFiles/AHT20.dir/C_/VSARM/sdk/pico/pico-sdk/src/rp2_common/pico_float/float_init_rom.c.obj
                                 0x7e (size before relaxing)
 *fill*         0x100081ca        0x2 
 .rodata.__func__.0
                0x100081cc       0x13 CMakeFiles/AHT20.dir/C_/VSARM/sdk/pico/pico-sdk/src/rp2_common/pico_float/float_init_rom.c.obj
 *fill*         0x100081df        0x1 
 .rodata.str1.4
                0x100081e0       0x3c CMakeFiles/AHT20.dir/C_/VSARM/sdk/pico/pico-sdk/src/rp2_common/pico_standard_link/binary_info.c.obj
 .rodata.__bi_81
                0x1000821c        0xc CMakeFiles/AHT20.dir/C_/VSARM/sdk/pico/pico-sdk/src/rp2_common/pico_standard_link/binary_info.c.obj
 .rodata.__bi_75
                0x10008228        0xc CMakeFiles/AHT20.dir/C_/VSARM/sdk/pico/pico-sdk/src/rp2_common/pico_standard_link/binary_info.c.obj
 .rodata.__bi_44
                0x10008234        0xc CMakeFiles/AHT20.dir/C_/VSARM/sdk/pico/pico-sdk/src/rp2_common/pico_standard_link/binary_info.c.obj
 .rodata.update_us_since_boot.str1.4
                0x10008240       0x61 CMakeFiles/AHT20.dir/C_/VSARM/sdk/pico/pico-sdk/src/rp2_common/pico_stdio/stdio.c.obj
 .rodata.crlf_str.2
                0x10008240        0x2 CMakeFiles/AHT20.dir/C_/VSARM/sdk/pico/pico-sdk/src/rp2_common/pico_stdio/stdio.c.obj
 *fill*         0x10008242        0x2 
 .rodata.__func__.3
                0x10008244       0x15 CMakeFiles/AHT20.dir/C_/VSARM/sdk/pico/pico-sdk/src/rp2_common/pico_stdio/stdio.c.obj
 *fill*         0x10008259        0x3 
 .rodata._resetd_driver
                0x1000825c       0x18 CMakeFiles/AHT20.dir/C_/VSARM/sdk/pico/pico-sdk/src/rp2_common/pico_stdio_usb/reset_interface.c.obj
 .rodata.update_us_since_boot.str1.4
                0x10008274       0x61 CMakeFiles/AHT20.dir/C_/VSARM/sdk/pico/pico-sdk/src/rp2_common/pico_stdio_usb/stdio_usb.c.obj
 .rodata.stdio_usb_init.str1.4
                0x10008274       0x45 CMakeFiles/AHT20.dir/C_/VSARM/sdk/pico/pico-sdk/src/rp2_common/pico_stdio_usb/stdio_usb.c.obj
                                 0x4d (size before relaxing)
 *fill*         0x100082b9        0x3 
 .rodata.str1.4
                0x100082bc       0x13 CMakeFiles/AHT20.dir/C_/VSARM/sdk/pico/pico-sdk/src/rp2_common/pico_stdio_usb/stdio_usb.c.obj
 *fill*         0x100082cf        0x1 
 .rodata.__bi_182.0
                0x100082d0        0xc CMakeFiles/AHT20.dir/C_/VSARM/sdk/pico/pico-sdk/src/rp2_common/pico_stdio_usb/stdio_usb.c.obj
 .rodata.__func__.1
                0x100082dc        0xf CMakeFiles/AHT20.dir/C_/VSARM/sdk/pico/pico-sdk/src/rp2_common/pico_stdio_usb/stdio_usb.c.obj
 *fill*         0x100082eb        0x1 
 .rodata.__func__.3
                0x100082ec       0x15 CMakeFiles/AHT20.dir/C_/VSARM/sdk/pico/pico-sdk/src/rp2_common/pico_stdio_usb/stdio_usb.c.obj
 *fill*         0x10008301        0x3 
 .rodata.str1.4
                0x10008304       0x2a CMakeFiles/AHT20.dir/C_/VSARM/sdk/pico/pico-sdk/src/rp2_common/pico_stdio_usb/stdio_usb_descriptors.c.obj
 *fill*         0x1000832e        0x2 
 .rodata.usbd_desc_str
                0x10008330       0x18 CMakeFiles/AHT20.dir/C_/VSARM/sdk/pico/pico-sdk/src/rp2_common/pico_stdio_usb/stdio_usb_descriptors.c.obj
 .rodata.usbd_desc_cfg
                0x10008348       0x54 CMakeFiles/AHT20.dir/C_/VSARM/sdk/pico/pico-sdk/src/rp2_common/pico_stdio_usb/stdio_usb_descriptors.c.obj
 .rodata.usbd_desc_device
                0x1000839c       0x12 CMakeFiles/AHT20.dir/C_/VSARM/sdk/pico/pico-sdk/src/rp2_common/pico_stdio_usb/stdio_usb_descriptors.c.obj
 *fill*         0x100083ae        0x2 
 .rodata.pico_get_unique_board_id_string.str1.4
                0x100083b0       0x4d CMakeFiles/AHT20.dir/C_/VSARM/sdk/pico/pico-sdk/src/rp2_common/pico_unique_id/unique_id.c.obj
 *fill*         0x100083fd        0x3 
 .rodata.__func__.0
                0x10008400       0x20 CMakeFiles/AHT20.dir/C_/VSARM/sdk/pico/pico-sdk/src/rp2_common/pico_unique_id/unique_id.c.obj
 .rodata.str1.4
                0x10008420      0x15a CMakeFiles/AHT20.dir/C_/VSARM/sdk/pico/pico-sdk/src/rp2_common/hardware_flash/flash.c.obj
 *fill*         0x1000857a        0x2 
 .rodata.__func__.0
                0x1000857c        0xd CMakeFiles/AHT20.dir/C_/VSARM/sdk/pico/pico-sdk/src/rp2_common/hardware_flash/flash.c.obj
 *fill*         0x10008589        0x3 
 .rodata._hw_endpoint_alloc.str1.4
                0x1000858c       0xb5 CMakeFiles/AHT20.dir/C_/VSARM/sdk/pico/pico-sdk/lib/tinyusb/src/portable/raspberrypi/rp2040/dcd_rp2040.c.obj
 *fill*         0x10008641        0x3 
 .rodata.str1.4
                0x10008644       0x14 CMakeFiles/AHT20.dir/C_/VSARM/sdk/pico/pico-sdk/lib/tinyusb/src/portable/raspberrypi/rp2040/dcd_rp2040.c.obj
 .rodata.dcd_int_enable.str1.4
                0x10008658        0xc CMakeFiles/AHT20.dir/C_/VSARM/sdk/pico/pico-sdk/lib/tinyusb/src/portable/raspberrypi/rp2040/dcd_rp2040.c.obj
 .rodata.__func__.0
                0x10008664        0xe CMakeFiles/AHT20.dir/C_/VSARM/sdk/pico/pico-sdk/lib/tinyusb/src/portable/raspberrypi/rp2040/dcd_rp2040.c.obj
 *fill*         0x10008672        0x2 
 .rodata.__func__.1
                0x10008674        0xe CMakeFiles/AHT20.dir/C_/VSARM/sdk/pico/pico-sdk/lib/tinyusb/src/portable/raspberrypi/rp2040/dcd_rp2040.c.obj
 *fill*         0x10008682        0x2 
 .rodata.__func__.3
                0x10008684       0x10 CMakeFiles/AHT20.dir/C_/VSARM/sdk/pico/pico-sdk/lib/tinyusb/src/portable/raspberrypi/rp2040/dcd_rp2040.c.obj
 .rodata.__func__.5
                0x10008694        0xf CMakeFiles/AHT20.dir/C_/VSARM/sdk/pico/pico-sdk/lib/tinyusb/src/portable/raspberrypi/rp2040/dcd_rp2040.c.obj
 *fill*         0x100086a3        0x1 
 .rodata.__func__.6
                0x100086a4       0x13 CMakeFiles/AHT20.dir/C_/VSARM/sdk/pico/pico-sdk/lib/tinyusb/src/portable/raspberrypi/rp2040/dcd_rp2040.c.obj
 *fill*         0x100086b7        0x1 
 .rodata.__func__.7
                0x100086b8        0x9 CMakeFiles/AHT20.dir/C_/VSARM/sdk/pico/pico-sdk/lib/tinyusb/src/portable/raspberrypi/rp2040/dcd_rp2040.c.obj
 *fill*         0x100086c1        0x3 
 .rodata.str1.4
                0x100086c4       0xe7 CMakeFiles/AHT20.dir/C_/VSARM/sdk/pico/pico-sdk/lib/tinyusb/src/portable/raspberrypi/rp2040/rp2040_usb.c.obj
 *fill*         0x100087ab        0x1 
 .rodata.__func__.0
                0x100087ac        0xf CMakeFiles/AHT20.dir/C_/VSARM/sdk/pico/pico-sdk/lib/tinyusb/src/portable/raspberrypi/rp2040/rp2040_usb.c.obj
 *fill*         0x100087bb        0x1 
 .rodata.process_get_descriptor
                0x100087bc       0x40 CMakeFiles/AHT20.dir/C_/VSARM/sdk/pico/pico-sdk/lib/tinyusb/src/device/usbd.c.obj
 .rodata.process_control_request
                0x100087fc       0x28 CMakeFiles/AHT20.dir/C_/VSARM/sdk/pico/pico-sdk/lib/tinyusb/src/device/usbd.c.obj
 .rodata.tud_task_ext
                0x10008824       0x24 CMakeFiles/AHT20.dir/C_/VSARM/sdk/pico/pico-sdk/lib/tinyusb/src/device/usbd.c.obj
 .rodata._usbd_driver
                0x10008848       0x18 CMakeFiles/AHT20.dir/C_/VSARM/sdk/pico/pico-sdk/lib/tinyusb/src/device/usbd.c.obj
 .rodata.i2c_set_baudrate.str1.4
                0x10008860       0x5d CMakeFiles/AHT20.dir/C_/VSARM/sdk/pico/pico-sdk/src/rp2_common/hardware_i2c/i2c.c.obj
 *fill*         0x100088bd        0x3 
 .rodata.__func__.0
                0x100088c0       0x11 CMakeFiles/AHT20.dir/C_/VSARM/sdk/pico/pico-sdk/src/rp2_common/hardware_i2c/i2c.c.obj
                0x100088d4                        . = ALIGN (0x4)
 *fill*         0x100088d1        0x3 
 *(SORT_BY_ALIGNMENT(SORT_BY_NAME(.flashdata*)))
                0x100088d4                        . = ALIGN (0x4)

.ARM.extab
 *(.ARM.extab* .gnu.linkonce.armextab.*)
                0x100088d4                        __exidx_start = .

.ARM.exidx
 *(.ARM.exidx* .gnu.linkonce.armexidx.*)
                0x100088d4                        __exidx_end = .
                0x100088d4                        . = ALIGN (0x4)
                0x100088d4                        __binary_info_start = .

.binary_info    0x100088d4       0x20
 *(.binary_info.keep.*)
 .binary_info.keep.__bi_ptr81
                0x100088d4        0x4 CMakeFiles/AHT20.dir/C_/VSARM/sdk/pico/pico-sdk/src/rp2_common/pico_standard_link/binary_info.c.obj
 .binary_info.keep.__bi_ptr75
                0x100088d8        0x4 CMakeFiles/AHT20.dir/C_/VSARM/sdk/pico/pico-sdk/src/rp2_common/pico_standard_link/binary_info.c.obj
 .binary_info.keep.__bi_ptr50
                0x100088dc        0x4 CMakeFiles/AHT20.dir/C_/VSARM/sdk/pico/pico-sdk/src/rp2_common/pico_standard_link/binary_info.c.obj
 .binary_info.keep.__bi_ptr44
                0x100088e0        0x4 CMakeFiles/AHT20.dir/C_/VSARM/sdk/pico/pico-sdk/src/rp2_common/pico_standard_link/binary_info.c.obj
 .binary_info.keep.__bi_ptr38
                0x100088e4        0x4 CMakeFiles/AHT20.dir/C_/VSARM/sdk/pico/pico-sdk/src/rp2_common/pico_standard_link/binary_info.c.obj
 .binary_info.keep.__bi_ptr30
                0x100088e8        0x4 CMakeFiles/AHT20.dir/C_/VSARM/sdk/pico/pico-sdk/src/rp2_common/pico_standard_link/binary_info.c.obj
 .binary_info.keep.__bi_ptr22
                0x100088ec        0x4 CMakeFiles/AHT20.dir/C_/VSARM/sdk/pico/pico-sdk/src/rp2_common/pico_standard_link/binary_info.c.obj
 *(.binary_info.*)
 .binary_info.__bi_ptr182
                0x100088f0        0x4 CMakeFiles/AHT20.dir/C_/VSARM/sdk/pico/pico-sdk/src/rp2_common/pico_stdio_usb/stdio_usb.c.obj
                0x100088f4                        __binary_info_end = .

.rel.dyn        0x100088f4        0x0
 .rel.iplt      0x100088f4        0x0 c:/vsarm/armcc/125863~1.3re/bin/../lib/gcc/arm-none-eabi/12.3.1/thumb/v6-m/nofp/crtbegin.o
                0x100088f4                        . = ALIGN (0x4)

.ram_vector_table
                0x20000000       0xc0
 *(.ram_vector_table)
 .ram_vector_table
                0x20000000       0xc0 CMakeFiles/AHT20.dir/C_/VSARM/sdk/pico/pico-sdk/src/rp2_common/pico_runtime/runtime.c.obj
                0x20000000                ram_vector_table

.data           0x200000c0      0xb38 load address 0x100088f4
                0x200000c0                        __data_start__ = .
 *(vtable)
 *(.time_critical*)
 .time_critical.mutex_try_enter
                0x200000c0       0x46 CMakeFiles/AHT20.dir/C_/VSARM/sdk/pico/pico-sdk/src/common/pico_sync/mutex.c.obj
                0x200000c0                mutex_try_enter
 *fill*         0x20000106        0x2 
 .time_critical.mutex_enter_block_until
                0x20000108       0x8c CMakeFiles/AHT20.dir/C_/VSARM/sdk/pico/pico-sdk/src/common/pico_sync/mutex.c.obj
                0x20000108                mutex_enter_block_until
 .time_critical.mutex_try_enter_block_until
                0x20000194       0x34 CMakeFiles/AHT20.dir/C_/VSARM/sdk/pico/pico-sdk/src/common/pico_sync/mutex.c.obj
                0x20000194                mutex_try_enter_block_until
 .time_critical.mutex_enter_timeout_ms
                0x200001c8       0x1a CMakeFiles/AHT20.dir/C_/VSARM/sdk/pico/pico-sdk/src/common/pico_sync/mutex.c.obj
                0x200001c8                mutex_enter_timeout_ms
 *fill*         0x200001e2        0x2 
 .time_critical.mutex_exit
                0x200001e4       0x4c CMakeFiles/AHT20.dir/C_/VSARM/sdk/pico/pico-sdk/src/common/pico_sync/mutex.c.obj
                0x200001e4                mutex_exit
 .time_critical.flash_init_boot2_copyout
                0x20000230       0x30 CMakeFiles/AHT20.dir/C_/VSARM/sdk/pico/pico-sdk/src/rp2_common/hardware_flash/flash.c.obj
 .time_critical.flash_enable_xip_via_boot2
                0x20000260        0xc CMakeFiles/AHT20.dir/C_/VSARM/sdk/pico/pico-sdk/src/rp2_common/hardware_flash/flash.c.obj
 .time_critical.flash_cs_force
                0x2000026c       0x28 CMakeFiles/AHT20.dir/C_/VSARM/sdk/pico/pico-sdk/src/rp2_common/hardware_flash/flash.c.obj
 .time_critical.flash_do_cmd
                0x20000294       0xd8 CMakeFiles/AHT20.dir/C_/VSARM/sdk/pico/pico-sdk/src/rp2_common/hardware_flash/flash.c.obj
                0x20000294                flash_do_cmd
 .time_critical.reset_non_control_endpoints
                0x2000036c       0x40 CMakeFiles/AHT20.dir/C_/VSARM/sdk/pico/pico-sdk/lib/tinyusb/src/portable/raspberrypi/rp2040/dcd_rp2040.c.obj
 .time_critical.hw_handle_buff_status
                0x200003ac       0xa4 CMakeFiles/AHT20.dir/C_/VSARM/sdk/pico/pico-sdk/lib/tinyusb/src/portable/raspberrypi/rp2040/dcd_rp2040.c.obj
 .time_critical.dcd_rp2040_irq
                0x20000450      0x1b8 CMakeFiles/AHT20.dir/C_/VSARM/sdk/pico/pico-sdk/lib/tinyusb/src/portable/raspberrypi/rp2040/dcd_rp2040.c.obj
 .time_critical.e15_is_bulkin_ep
                0x20000608       0x2c CMakeFiles/AHT20.dir/C_/VSARM/sdk/pico/pico-sdk/lib/tinyusb/src/portable/raspberrypi/rp2040/rp2040_usb.c.obj
 .time_critical.e15_is_critical_frame_period
                0x20000634       0x30 CMakeFiles/AHT20.dir/C_/VSARM/sdk/pico/pico-sdk/lib/tinyusb/src/portable/raspberrypi/rp2040/rp2040_usb.c.obj
 .time_critical.prepare_ep_buffer
                0x20000664       0x6c CMakeFiles/AHT20.dir/C_/VSARM/sdk/pico/pico-sdk/lib/tinyusb/src/portable/raspberrypi/rp2040/rp2040_usb.c.obj
 .time_critical.sync_ep_buffer
                0x200006d0       0x7c CMakeFiles/AHT20.dir/C_/VSARM/sdk/pico/pico-sdk/lib/tinyusb/src/portable/raspberrypi/rp2040/rp2040_usb.c.obj
 .time_critical._hw_endpoint_xfer_sync
                0x2000074c       0x28 CMakeFiles/AHT20.dir/C_/VSARM/sdk/pico/pico-sdk/lib/tinyusb/src/portable/raspberrypi/rp2040/rp2040_usb.c.obj
 .time_critical.hw_endpoint_reset_transfer
                0x20000774        0xc CMakeFiles/AHT20.dir/C_/VSARM/sdk/pico/pico-sdk/lib/tinyusb/src/portable/raspberrypi/rp2040/rp2040_usb.c.obj
                0x20000774                hw_endpoint_reset_transfer
 .time_critical._hw_endpoint_buffer_control_update32
                0x20000780       0x58 CMakeFiles/AHT20.dir/C_/VSARM/sdk/pico/pico-sdk/lib/tinyusb/src/portable/raspberrypi/rp2040/rp2040_usb.c.obj
                0x20000780                _hw_endpoint_buffer_control_update32
 .time_critical.hw_endpoint_start_next_buffer
                0x200007d8       0x7c CMakeFiles/AHT20.dir/C_/VSARM/sdk/pico/pico-sdk/lib/tinyusb/src/portable/raspberrypi/rp2040/rp2040_usb.c.obj
                0x200007d8                hw_endpoint_start_next_buffer
 .time_critical.hw_endpoint_xfer_continue
                0x20000854       0x50 CMakeFiles/AHT20.dir/C_/VSARM/sdk/pico/pico-sdk/lib/tinyusb/src/portable/raspberrypi/rp2040/rp2040_usb.c.obj
                0x20000854                hw_endpoint_xfer_continue
 .time_critical.tinyusb
                0x200008a4      0x1ac CMakeFiles/AHT20.dir/C_/VSARM/sdk/pico/pico-sdk/lib/tinyusb/src/device/usbd.c.obj
                0x200008a4                dcd_event_handler
 *(.text*)
 .text          0x20000a50        0x4 c:/vsarm/armcc/125863~1.3re/bin/../lib/gcc/arm-none-eabi/12.3.1/thumb/v6-m/nofp\libgcc.a(_dvmd_tls.o)
                0x20000a50                __aeabi_idiv0
                0x20000a50                __aeabi_ldiv0
 *fill*         0x20000a54        0x4 
 .text.__stub   0x20000a58       0xa0 linker stubs
                0x20000af8                        . = ALIGN (0x4)
 *(.rodata*)
                0x20000af8                        . = ALIGN (0x4)
 *(.data*)
 .data.striped_spin_lock_num
                0x20000af8        0x1 CMakeFiles/AHT20.dir/C_/VSARM/sdk/pico/pico-sdk/src/rp2_common/hardware_sync/sync.c.obj
 *fill*         0x20000af9        0x3 
 .data          0x20000afc       0x48 CMakeFiles/AHT20.dir/C_/VSARM/sdk/pico/pico-sdk/src/rp2_common/hardware_irq/irq_handler_chain.S.obj
                0x20000afc                irq_handler_chain_slots
                0x20000b2c                irq_handler_chain_first_slot
                0x20000b36                irq_handler_chain_remove_tail
 .data.default_alarm_pool
                0x20000b44       0x18 CMakeFiles/AHT20.dir/C_/VSARM/sdk/pico/pico-sdk/src/common/pico_time/time.c.obj
 .data.default_alarm_pool_heap
                0x20000b5c       0x10 CMakeFiles/AHT20.dir/C_/VSARM/sdk/pico/pico-sdk/src/common/pico_time/time.c.obj
 *fill*         0x20000b6c        0x4 
 .data.aeabi_bits_funcs
                0x20000b70       0x10 CMakeFiles/AHT20.dir/C_/VSARM/sdk/pico/pico-sdk/src/rp2_common/pico_bit_ops/bit_ops_aeabi.S.obj
                0x20000b70                aeabi_bits_funcs
                0x20000b80                aeabi_bits_funcs_end
 .data.aeabi_mem_funcs
                0x20000b80       0x10 CMakeFiles/AHT20.dir/C_/VSARM/sdk/pico/pico-sdk/src/rp2_common/pico_mem_ops/mem_ops_aeabi.S.obj
                0x20000b80                aeabi_mem_funcs
                0x20000b90                aeabi_mem_funcs_end
 .data.stdio_usb
                0x20000b90       0x18 CMakeFiles/AHT20.dir/C_/VSARM/sdk/pico/pico-sdk/src/rp2_common/pico_stdio_usb/stdio_usb.c.obj
                0x20000b90                stdio_usb
 .data.ep_dir_string
                0x20000ba8        0x8 CMakeFiles/AHT20.dir/C_/VSARM/sdk/pico/pico-sdk/lib/tinyusb/src/portable/raspberrypi/rp2040/rp2040_usb.c.obj
                0x20000ba8                ep_dir_string
 .data._usbd_qdef
                0x20000bb0       0x1c CMakeFiles/AHT20.dir/C_/VSARM/sdk/pico/pico-sdk/lib/tinyusb/src/device/usbd.c.obj
                0x20000bb0                _usbd_qdef
 .data._usbd_rhport
                0x20000bcc        0x1 CMakeFiles/AHT20.dir/C_/VSARM/sdk/pico/pico-sdk/lib/tinyusb/src/device/usbd.c.obj
 *fill*         0x20000bcd        0x3 
 .data.i2c0_inst
                0x20000bd0        0x8 CMakeFiles/AHT20.dir/C_/VSARM/sdk/pico/pico-sdk/src/rp2_common/hardware_i2c/i2c.c.obj
                0x20000bd0                i2c0_inst
                0x20000bd8                        . = ALIGN (0x4)
 *(.after_data.*)