Archive member included to satisfy reference by file (symbol)

c:/vsarm/armcc/125863~1.3re/bin/../lib/gcc/arm-none-eabi/12.3.1/thumb/v6-m/nofp\libgcc.a(_dvmd_tls.o)
                              CMakeFiles/AHT20.dir/C_/VSARM/sdk/pico/pico-sdk/src/rp2_common/pico_divider/divider.S.obj (__aeabi_idiv0)
c:/vsarm/armcc/125863~1.3re/bin/../lib/gcc/arm-none-eabi/12.3.1/thumb/v6-m/nofp\libg.a(libc_a-calloc.o)
                              CMakeFiles/AHT20.dir/C_/VSARM/sdk/pico/pico-sdk/src/rp2_common/pico_malloc/pico_malloc.c.obj (calloc)
c:/vsarm/armcc/125863~1.3re/bin/../lib/gcc/arm-none-eabi/12.3.1/thumb/v6-m/nofp\libg.a(libc_a-callocr.o)
                              c:/vsarm/armcc/125863~1.3re/bin/../lib/gcc/arm-none-eabi/12.3.1/thumb/v6-m/nofp\libg.a(libc_a-calloc.o) (_calloc_r)
c:/vsarm/armcc/125863~1.3re/bin/../lib/gcc/arm-none-eabi/12.3.1/thumb/v6-m/nofp\libg.a(libc_a-malloc.o)
                              CMakeFiles/AHT20.dir/C_/VSARM/sdk/pico/pico-sdk/src/rp2_common/pico_malloc/pico_malloc.c.obj (malloc)
c:/vsarm/armcc/125863~1.3re/bin/../lib/gcc/arm-none-eabi/12.3.1/thumb/v6-m/nofp\libg.a(libc_a-mallocr.o)
                              c:/vsarm/armcc/125863~1.3re/bin/../lib/gcc/arm-none-eabi/12.3.1/thumb/v6-m/nofp\libg.a(libc_a-callocr.o) (_malloc_r)
c:/vsarm/armcc/125863~1.3re/bin/../lib/gcc/arm-none-eabi/12.3.1/thumb/v6-m/nofp\libg.a(libc_a-mlock.o)
                              c:/vsarm/armcc/125863~1.3re/bin/../lib/gcc/arm-none-eabi/12.3.1/thumb/v6-m/nofp\libg.a(libc_a-mallocr.o) (__malloc_lock)
c:/vsarm/armcc/125863~1.3re/bin/../lib/gcc/arm-none-eabi/12.3.1/thumb/v6-m/nofp\libg.a(libc_a-realloc.o)
                              CMakeFiles/AHT20.dir/C_/VSARM/sdk/pico/pico-sdk/src/rp2_common/pico_malloc/pico_malloc.c.obj (realloc)
c:/vsarm/armcc/125863~1.3re/bin/../lib/gcc/arm-none-eabi/12.3.1/thumb/v6-m/nofp\libg.a(libc_a-reallocr.o)
                              c:/vsarm/armcc/125863~1.3re/bin/../lib/gcc/arm-none-eabi/12.3.1/thumb/v6-m/nofp\libg.a(libc_a-realloc.o) (_realloc_r)
c:/vsarm/armcc/125863~1.3re/bin/../lib/gcc/arm-none-eabi/12.3.1/thumb/v6-m/nofp\libg.a(libc_a-memmove.o)
                              c:/vsarm/armcc/125863~1.3re/bin/../lib/gcc/arm-none-eabi/12.3.1/thumb/v6-m/nofp\libg.a(libc_a-reallocr.o) (memmove)
c:/vsarm/armcc/125863~1.3re/bin/../lib/gcc/arm-none-eabi/12.3.1/thumb/v6-m/nofp\libg.a(libc_a-impure.o)
                              c:/vsarm/armcc/125863~1.3re/bin/../lib/gcc/arm-none-eabi/12.3.1/thumb/v6-m/nofp\libg.a(libc_a-calloc.o) (_impure_ptr)
c:/vsarm/armcc/125863~1.3re/bin/../lib/gcc/arm-none-eabi/12.3.1/thumb/v6-m/nofp\libg.a(libc_a-sbrkr.o)
                              c:/vsarm/armcc/125863~1.3re/bin/../lib/gcc/arm-none-eabi/12.3.1/thumb/v6-m/nofp\libg.a(libc_a-mallocr.o) (_sbrk_r)
c:/vsarm/armcc/125863~1.3re/bin/../lib/gcc/arm-none-eabi/12.3.1/thumb/v6-m/nofp\libg.a(libc_a-errno.o)
                              c:/vsarm/armcc/125863~1.3re/bin/../lib/gcc/arm-none-eabi/12.3.1/thumb/v6-m/nofp\libg.a(libc_a-callocr.o) (__errno)
c:/vsarm/armcc/125863~1.3re/bin/../lib/gcc/arm-none-eabi/12.3.1/thumb/v6-m/nofp\libg.a(libc_a-init.o)
                              c:/vsarm/armcc/125863~1.3re/bin/../lib/gcc/arm-none-eabi/12.3.1/thumb/v6-m/nofp/crt0.o (__libc_init_array)
c:/vsarm/armcc/125863~1.3re/bin/../lib/gcc/arm-none-eabi/12.3.1/thumb/v6-m/nofp\libg.a(libc_a-lock.o)
                              c:/vsarm/armcc/125863~1.3re/bin/../lib/gcc/arm-none-eabi/12.3.1/thumb/v6-m/nofp\libg.a(libc_a-mlock.o) (__retarget_lock_acquire_recursive)
c:/vsarm/armcc/125863~1.3re/bin/../lib/gcc/arm-none-eabi/12.3.1/thumb/v6-m/nofp\libg.a(libc_a-sysconf.o)
                              c:/vsarm/armcc/125863~1.3re/bin/../lib/gcc/arm-none-eabi/12.3.1/thumb/v6-m/nofp\libg.a(libc_a-mallocr.o) (sysconf)
c:/vsarm/armcc/125863~1.3re/bin/../lib/gcc/arm-none-eabi/12.3.1/thumb/v6-m/nofp\libg.a(libc_a-strlen-stub.o)
                              CMakeFiles/AHT20.dir/C_/VSARM/sdk/pico/pico-sdk/src/rp2_common/pico_stdio/stdio.c.obj (strlen)
c:/vsarm/armcc/125863~1.3re/bin/../lib/gcc/arm-none-eabi/12.3.1/thumb/v6-m/nofp\libg.a(libc_a-freer.o)
                              c:/vsarm/armcc/125863~1.3re/bin/../lib/gcc/arm-none-eabi/12.3.1/thumb/v6-m/nofp\libg.a(libc_a-malloc.o) (_free_r)
c:/vsarm/armcc/125863~1.3re/bin/../lib/gcc/arm-none-eabi/12.3.1/thumb/v6-m/nofp\libg.a(libc_a-findfp.o)
                              c:/vsarm/armcc/125863~1.3re/bin/../lib/gcc/arm-none-eabi/12.3.1/thumb/v6-m/nofp\libg.a(libc_a-impure.o) (__sf)
c:/vsarm/armcc/125863~1.3re/bin/../lib/gcc/arm-none-eabi/12.3.1/thumb/v6-m/nofp\libg.a(libc_a-fwalk.o)
                              c:/vsarm/armcc/125863~1.3re/bin/../lib/gcc/arm-none-eabi/12.3.1/thumb/v6-m/nofp\libg.a(libc_a-findfp.o) (_fwalk_sglue)
c:/vsarm/armcc/125863~1.3re/bin/../lib/gcc/arm-none-eabi/12.3.1/thumb/v6-m/nofp\libg.a(libc_a-stdio.o)
[...]
Memory Configuration

Name             Origin             Length             Attributes
FLASH            0x10000000         0x00200000         xr
RAM              0x20000000         0x00040000         xrw
SCRATCH_X        0x20040000         0x00001000         xrw
SCRATCH_Y        0x20041000         0x00001000         xrw
*default*        0x00000000         0xffffffff

Linker script and memory map

LOAD c:/vsarm/armcc/125863~1.3re/bin/../lib/gcc/arm-none-eabi/12.3.1/thumb/v6-m/nofp/crti.o
LOAD c:/vsarm/armcc/125863~1.3re/bin/../lib/gcc/arm-none-eabi/12.3.1/thumb/v6-m/nofp/crtbegin.o
LOAD c:/vsarm/armcc/125863~1.3re/bin/../lib/gcc/arm-none-eabi/12.3.1/thumb/v6-m/nofp/crt0.o

.flash_begin    0x10000000        0x0
                0x10000000                        __flash_binary_start = .

.boot2          0x10000000      0x100
                0x10000000                        __boot2_start__ = .
 *(.boot2)
 .boot2         0x10000000      0x100 C:\Users\phuon\AppData\Local\Temp\ccmr62vs.o
                0x10000100                        __boot2_end__ = .
                0x00000001                        ASSERT (((__boot2_end__ - __boot2_start__) == 0x100), ERROR: Pico second stage bootloader must be 256 bytes in size)

.text           0x10000100     0x72c8
                0x10000100                        __logical_binary_start = .
 *(.vectors)
 .vectors       0x10000100       0xd4 CMakeFiles/AHT20.dir/C_/VSARM/sdk/pico/pico-sdk/src/rp2_common/pico_standard_link/crt0.S.obj
                0x10000100                __VECTOR_TABLE
                0x10000100                __vectors
                0x100001c0                isr_invalid
                0x100001c0                __default_isrs_start
                0x100001c2                isr_nmi
                0x100001c4                isr_hardfault
                0x100001c6                isr_svcall
                0x100001c8                isr_pendsv
                0x100001ca                isr_systick
                0x100001cc                isr_irq23
                0x100001cc                isr_irq18
                0x100001cc                isr_irq11
                0x100001cc                isr_irq28
                0x100001cc                isr_irq19
                0x100001cc                isr_irq0
                0x100001cc                isr_irq6
                0x100001cc                isr_irq5
                0x100001cc                isr_irq12
                0x100001cc                isr_irq22
                0x100001cc                isr_irq31
                0x100001cc                isr_irq17
                0x100001cc                isr_irq27
                0x100001cc                isr_irq30
                0x100001cc                isr_irq2
                0x100001cc                isr_irq10
                0x100001cc                isr_irq8
                0x100001cc                isr_irq24
                0x100001cc                isr_irq1
                0x100001cc                isr_irq7
                0x100001cc                isr_irq21
                0x100001cc                isr_irq20
                0x100001cc                isr_irq15
                0x100001cc                isr_irq25
                0x100001cc                isr_irq13
                0x100001cc                __unhandled_user_irq
                0x100001cc                isr_irq4
                0x100001cc                isr_irq16
                0x100001cc                isr_irq29
                0x100001cc                isr_irq26
                0x100001cc                __default_isrs_end
                0x100001cc                isr_irq3
                0x100001cc                isr_irq14
                0x100001cc                isr_irq9
                0x100001d2                unhandled_user_irq_num_in_r0
 *(.binary_info_header)
 .binary_info_header
                0x100001d4       0x14 CMakeFiles/AHT20.dir/C_/VSARM/sdk/pico/pico-sdk/src/rp2_common/pico_standard_link/crt0.S.obj
                0x100001e8                        __binary_info_header_end = .
 *(.reset)
 .reset         0x100001e8       0xa0 CMakeFiles/AHT20.dir/C_/VSARM/sdk/pico/pico-sdk/src/rp2_common/pico_standard_link/crt0.S.obj
                0x100001e8                _entry_point
 .reset         0x10000288       0x30 CMakeFiles/AHT20.dir/C_/VSARM/sdk/pico/pico-sdk/src/rp2_common/pico_standard_link/binary_info.c.obj
 *(.init)
 .init          0x100002b8        0x4 c:/vsarm/armcc/125863~1.3re/bin/../lib/gcc/arm-none-eabi/12.3.1/thumb/v6-m/nofp/crti.o
                0x100002b8                _init
 *(EXCLUDE_FILE(*libm.a: *libc.a:*lib_a-mem*.o *libgcc.a:) .text*)
 .text.register_tm_clones
                0x100002bc       0x28 c:/vsarm/armcc/125863~1.3re/bin/../lib/gcc/arm-none-eabi/12.3.1/thumb/v6-m/nofp/crtbegin.o
 .text.frame_dummy
                0x100002e4       0x24 c:/vsarm/armcc/125863~1.3re/bin/../lib/gcc/arm-none-eabi/12.3.1/thumb/v6-m/nofp/crtbegin.o
 .text.main     0x10000308       0x94 CMakeFiles/AHT20.dir/main.cpp.obj
                0x10000308                main
 .text._ZN5AHT20C2Eii
                0x1000039c       0x9c CMakeFiles/AHT20.dir/AHT20/AHT20.cpp.obj
                0x1000039c                AHT20::AHT20(int, int)
                0x1000039c                AHT20::AHT20(int, int)
 .text._ZN5AHT2018triggerMeasurementEv
                0x10000438       0xec CMakeFiles/AHT20.dir/AHT20/AHT20.cpp.obj
                0x10000438                AHT20::triggerMeasurement()
 .text._ZN5AHT2014getTemperatureEv
                0x10000524        0x4 CMakeFiles/AHT20.dir/AHT20/AHT20.cpp.obj
                0x10000524                AHT20::getTemperature()
 .text._ZN5AHT2011getHumidityEv
                0x10000528        0x4 CMakeFiles/AHT20.dir/AHT20/AHT20.cpp.obj
                0x10000528                AHT20::getHumidity()
 .text._ZN3BTNC2Ei
                0x1000052c       0x2a CMakeFiles/AHT20.dir/BTN/BTN.cpp.obj
                0x1000052c                BTN::BTN(int)
                0x1000052c                BTN::BTN(int)
 *fill*         0x10000556        0x2 
 .text._ZN3BTN10is_clickedEv
                0x10000558       0x34 CMakeFiles/AHT20.dir/BTN/BTN.cpp.obj
                0x10000558                BTN::is_clicked()
 .text.gpio_set_function
                0x1000058c       0x30 CMakeFiles/AHT20.dir/C_/VSARM/sdk/pico/pico-sdk/src/rp2_common/hardware_gpio/gpio.c.obj
                0x1000058c                gpio_set_function
 .text.gpio_set_pulls
                0x100005bc       0x34 CMakeFiles/AHT20.dir/C_/VSARM/sdk/pico/pico-sdk/src/rp2_common/hardware_gpio/gpio.c.obj
                0x100005bc                gpio_set_pulls
 .text.gpio_init
                0x100005f0       0x16 CMakeFiles/AHT20.dir/C_/VSARM/sdk/pico/pico-sdk/src/rp2_common/hardware_gpio/gpio.c.obj
                0x100005f0                gpio_init
 *fill*         0x10000606        0x2 
 .text.running_on_fpga
                0x10000608       0x14 CMakeFiles/AHT20.dir/C_/VSARM/sdk/pico/pico-sdk/src/rp2_common/pico_platform/platform.c.obj
                0x10000608                running_on_fpga
 .text.hw_claim_lock
                0x1000061c       0x18 CMakeFiles/AHT20.dir/C_/VSARM/sdk/pico/pico-sdk/src/rp2_common/hardware_claim/claim.c.obj
                0x1000061c                hw_claim_lock
 .text.hw_claim_unlock
                0x10000634       0x14 CMakeFiles/AHT20.dir/C_/VSARM/sdk/pico/pico-sdk/src/rp2_common/hardware_claim/claim.c.obj
                0x10000634                hw_claim_unlock
 .text.hw_claim_or_assert
                0x10000648       0x32 CMakeFiles/AHT20.dir/C_/VSARM/sdk/pico/pico-sdk/src/rp2_common/hardware_claim/claim.c.obj
                0x10000648                hw_claim_or_assert
 .text.hw_claim_unused_from_range
                0x1000067a       0x50 CMakeFiles/AHT20.dir/C_/VSARM/sdk/pico/pico-sdk/src/rp2_common/hardware_claim/claim.c.obj
                0x1000067a                hw_claim_unused_from_range
 *fill*         0x100006ca        0x2 
 .text.spin_locks_reset
                0x100006cc       0x20 CMakeFiles/AHT20.dir/C_/VSARM/sdk/pico/pico-sdk/src/rp2_common/hardware_sync/sync.c.obj
                0x100006cc                spin_locks_reset
 .text.next_striped_spin_lock_num
                0x100006ec       0x1c CMakeFiles/AHT20.dir/C_/VSARM/sdk/pico/pico-sdk/src/rp2_common/hardware_sync/sync.c.obj
                0x100006ec                next_striped_spin_lock_num
 .text.spin_lock_claim_unused
                0x10000708       0x24 CMakeFiles/AHT20.dir/C_/VSARM/sdk/pico/pico-sdk/src/rp2_common/hardware_sync/sync.c.obj
                0x10000708                spin_lock_claim_unused
 .text.set_raw_irq_handler_and_unlock
                0x1000072c       0x28 CMakeFiles/AHT20.dir/C_/VSARM/sdk/pico/pico-sdk/src/rp2_common/hardware_irq/irq.c.obj
 .text.resolve_branch
                0x10000754       0x30 CMakeFiles/AHT20.dir/C_/VSARM/sdk/pico/pico-sdk/src/rp2_common/hardware_irq/irq.c.obj
 .text.make_branch
                0x10000784       0x48 CMakeFiles/AHT20.dir/C_/VSARM/sdk/pico/pico-sdk/src/rp2_common/hardware_irq/irq.c.obj
 .text.insert_branch_and_link
                0x100007cc       0x40 CMakeFiles/AHT20.dir/C_/VSARM/sdk/pico/pico-sdk/src/rp2_common/hardware_irq/irq.c.obj
 .text.irq_is_enabled
                0x1000080c       0x18 CMakeFiles/AHT20.dir/C_/VSARM/sdk/pico/pico-sdk/src/rp2_common/hardware_irq/irq.c.obj
                0x1000080c                irq_is_enabled
 .text.irq_set_mask_enabled
                0x10000824       0x20 CMakeFiles/AHT20.dir/C_/VSARM/sdk/pico/pico-sdk/src/rp2_common/hardware_irq/irq.c.obj
                0x10000824                irq_set_mask_enabled
 .text.irq_set_enabled
                0x10000844        0xe CMakeFiles/AHT20.dir/C_/VSARM/sdk/pico/pico-sdk/src/rp2_common/hardware_irq/irq.c.obj
                0x10000844                irq_set_enabled
 *fill*         0x10000852        0x2 
 .text.irq_set_pending
                0x10000854       0x10 CMakeFiles/AHT20.dir/C_/VSARM/sdk/pico/pico-sdk/src/rp2_common/hardware_irq/irq.c.obj
                0x10000854                irq_set_pending
 .text.irq_get_vtable_handler
                0x10000864       0x10 CMakeFiles/AHT20.dir/C_/VSARM/sdk/pico/pico-sdk/src/rp2_common/hardware_irq/irq.c.obj
                0x10000864                irq_get_vtable_handler
 .text.irq_has_shared_handler
                0x10000874       0x24 CMakeFiles/AHT20.dir/C_/VSARM/sdk/pico/pico-sdk/src/rp2_common/hardware_irq/irq.c.obj
                0x10000874                irq_has_shared_handler
 .text.irq_set_exclusive_handler
                0x10000898       0x54 CMakeFiles/AHT20.dir/C_/VSARM/sdk/pico/pico-sdk/src/rp2_common/hardware_irq/irq.c.obj
                0x10000898                irq_set_exclusive_handler
 .text.irq_add_shared_handler
                0x100008ec      0x210 CMakeFiles/AHT20.dir/C_/VSARM/sdk/pico/pico-sdk/src/rp2_common/hardware_irq/irq.c.obj
                0x100008ec                irq_add_shared_handler
 .text.irq_remove_handler
                0x10000afc      0x188 CMakeFiles/AHT20.dir/C_/VSARM/sdk/pico/pico-sdk/src/rp2_common/hardware_irq/irq.c.obj
                0x10000afc                irq_remove_handler
 .text.irq_add_tail_to_free_list
                0x10000c84       0xf0 CMakeFiles/AHT20.dir/C_/VSARM/sdk/pico/pico-sdk/src/rp2_common/hardware_irq/irq.c.obj
                0x10000c84                irq_add_tail_to_free_list
 .text.irq_init_priorities
                0x10000d74       0x1c CMakeFiles/AHT20.dir/C_/VSARM/sdk/pico/pico-sdk/src/rp2_common/hardware_irq/irq.c.obj
                0x10000d74                irq_init_priorities
 .text.user_irq_claim_unused
                0x10000d90       0x2c CMakeFiles/AHT20.dir/C_/VSARM/sdk/pico/pico-sdk/src/rp2_common/hardware_irq/irq.c.obj
                0x10000d90                user_irq_claim_unused
 .text.lock_init
                0x10000dbc       0x10 CMakeFiles/AHT20.dir/C_/VSARM/sdk/pico/pico-sdk/src/common/pico_sync/lock_core.c.obj
                0x10000dbc                lock_init
 .text.update_us_since_boot
                0x10000dcc       0x24 CMakeFiles/AHT20.dir/C_/VSARM/sdk/pico/pico-sdk/src/common/pico_sync/mutex.c.obj
 .text.delayed_by_ms
                0x10000df0       0x44 CMakeFiles/AHT20.dir/C_/VSARM/sdk/pico/pico-sdk/src/common/pico_sync/mutex.c.obj
 .text.get_absolute_time
                0x10000e34       0x22 CMakeFiles/AHT20.dir/C_/VSARM/sdk/pico/pico-sdk/src/common/pico_sync/mutex.c.obj
 .text.make_timeout_time_ms
                0x10000e56       0x20 CMakeFiles/AHT20.dir/C_/VSARM/sdk/pico/pico-sdk/src/common/pico_sync/mutex.c.obj
 .text.mutex_init
                0x10000e76       0x1a CMakeFiles/AHT20.dir/C_/VSARM/sdk/pico/pico-sdk/src/common/pico_sync/mutex.c.obj
                0x10000e76                mutex_init
 .text.recursive_mutex_init
                0x10000e90       0x1e CMakeFiles/AHT20.dir/C_/VSARM/sdk/pico/pico-sdk/src/common/pico_sync/mutex.c.obj
                0x10000e90                recursive_mutex_init
 *fill*         0x10000eae        0x2 
 .text.critical_section_init_with_lock_num
                0x10000eb0       0x14 CMakeFiles/AHT20.dir/C_/VSARM/sdk/pico/pico-sdk/src/common/pico_sync/critical_section.c.obj
                0x10000eb0                critical_section_init_with_lock_num
 .text.critical_section_init
                0x10000ec4       0x14 CMakeFiles/AHT20.dir/C_/VSARM/sdk/pico/pico-sdk/src/common/pico_sync/critical_section.c.obj
                0x10000ec4                critical_section_init
 .text.time_reached
                0x10000ed8       0x28 CMakeFiles/AHT20.dir/C_/VSARM/sdk/pico/pico-sdk/src/common/pico_time/time.c.obj
 .text.get_entry
                0x10000f00       0x38 CMakeFiles/AHT20.dir/C_/VSARM/sdk/pico/pico-sdk/src/common/pico_time/time.c.obj
 .text.timer_pool_entry_comparator
                0x10000f38       0x2e CMakeFiles/AHT20.dir/C_/VSARM/sdk/pico/pico-sdk/src/common/pico_time/time.c.obj
                0x10000f38                timer_pool_entry_comparator
 *fill*         0x10000f66        0x2 
 .text.update_us_since_boot
                0x10000f68       0x24 CMakeFiles/AHT20.dir/C_/VSARM/sdk/pico/pico-sdk/src/common/pico_time/time.c.obj
 .text.delayed_by_us
                0x10000f8c       0x34 CMakeFiles/AHT20.dir/C_/VSARM/sdk/pico/pico-sdk/src/common/pico_time/time.c.obj
 .text.ph_get_node
                0x10000fc0       0x30 CMakeFiles/AHT20.dir/C_/VSARM/sdk/pico/pico-sdk/src/common/pico_time/time.c.obj
 .text.ph_contains_node
                0x10000ff0       0x1e CMakeFiles/AHT20.dir/C_/VSARM/sdk/pico/pico-sdk/src/common/pico_time/time.c.obj
 .text.ph_new_node
                0x1000100e       0x28 CMakeFiles/AHT20.dir/C_/VSARM/sdk/pico/pico-sdk/src/common/pico_time/time.c.obj
 *fill*         0x10001036        0x2 
 .text.ph_add_child_node
                0x10001038       0x6c CMakeFiles/AHT20.dir/C_/VSARM/sdk/pico/pico-sdk/src/common/pico_time/time.c.obj
 .text.ph_merge_nodes
                0x100010a4       0x3e CMakeFiles/AHT20.dir/C_/VSARM/sdk/pico/pico-sdk/src/common/pico_time/time.c.obj
 *fill*         0x100010e2        0x2 
 .text.ph_insert_node
                0x100010e4       0x3c CMakeFiles/AHT20.dir/C_/VSARM/sdk/pico/pico-sdk/src/common/pico_time/time.c.obj
 .text.ph_free_node
                0x10001120       0x5c CMakeFiles/AHT20.dir/C_/VSARM/sdk/pico/pico-sdk/src/common/pico_time/time.c.obj
 .text.get_entry_id_high
                0x1000117c       0x30 CMakeFiles/AHT20.dir/C_/VSARM/sdk/pico/pico-sdk/src/common/pico_time/time.c.obj
 .text.alarm_pool_post_alloc_init
                0x100011ac       0x40 CMakeFiles/AHT20.dir/C_/VSARM/sdk/pico/pico-sdk/src/common/pico_time/time.c.obj
 .text.sleep_until_callback
                0x100011ec       0x30 CMakeFiles/AHT20.dir/C_/VSARM/sdk/pico/pico-sdk/src/common/pico_time/time.c.obj
 .text.get_absolute_time
                0x1000121c       0x22 CMakeFiles/AHT20.dir/C_/VSARM/sdk/pico/pico-sdk/src/common/pico_time/time.c.obj
 .text.make_timeout_time_us
                0x1000123e       0x24 CMakeFiles/AHT20.dir/C_/VSARM/sdk/pico/pico-sdk/src/common/pico_time/time.c.obj
 *fill*         0x10001262        0x2 
 .text.add_alarm_under_lock
                0x10001264       0x94 CMakeFiles/AHT20.dir/C_/VSARM/sdk/pico/pico-sdk/src/common/pico_time/time.c.obj
 .text.alarm_pool_alarm_callback
                0x100012f8      0x210 CMakeFiles/AHT20.dir/C_/VSARM/sdk/pico/pico-sdk/src/common/pico_time/time.c.obj
 .text.alarm_pool_init_default
                0x10001508       0x40 CMakeFiles/AHT20.dir/C_/VSARM/sdk/pico/pico-sdk/src/common/pico_time/time.c.obj
                0x10001508                alarm_pool_init_default
 .text.alarm_pool_get_default
                0x10001548       0x2c CMakeFiles/AHT20.dir/C_/VSARM/sdk/pico/pico-sdk/src/common/pico_time/time.c.obj
                0x10001548                alarm_pool_get_default
 .text.alarm_pool_add_alarm_at
                0x10001574      0x10e CMakeFiles/AHT20.dir/C_/VSARM/sdk/pico/pico-sdk/src/common/pico_time/time.c.obj
                0x10001574                alarm_pool_add_alarm_at
 .text.add_alarm_at
                0x10001682       0x2e CMakeFiles/AHT20.dir/C_/VSARM/sdk/pico/pico-sdk/src/common/pico_time/time.c.obj
 .text.alarm_pool_cancel_alarm
                0x100016b0       0xa8 CMakeFiles/AHT20.dir/C_/VSARM/sdk/pico/pico-sdk/src/common/pico_time/time.c.obj
                0x100016b0                alarm_pool_cancel_alarm
 .text.cancel_alarm
                0x10001758       0x10 CMakeFiles/AHT20.dir/C_/VSARM/sdk/pico/pico-sdk/src/common/pico_time/time.c.obj
 .text.alarm_pool_core_num
                0x10001768        0x4 CMakeFiles/AHT20.dir/C_/VSARM/sdk/pico/pico-sdk/src/common/pico_time/time.c.obj
                0x10001768                alarm_pool_core_num
 .text.sleep_until
                0x1000176c       0xb0 CMakeFiles/AHT20.dir/C_/VSARM/sdk/pico/pico-sdk/src/common/pico_time/time.c.obj
                0x1000176c                sleep_until
 .text.sleep_us
                0x1000181c       0x1a CMakeFiles/AHT20.dir/C_/VSARM/sdk/pico/pico-sdk/src/common/pico_time/time.c.obj
                0x1000181c                sleep_us
 .text.sleep_ms
                0x10001836       0x14 CMakeFiles/AHT20.dir/C_/VSARM/sdk/pico/pico-sdk/src/common/pico_time/time.c.obj
                0x10001836                sleep_ms
 *fill*         0x1000184a        0x2 
 .text.best_effort_wfe_or_timeout
                0x1000184c       0x44 CMakeFiles/AHT20.dir/C_/VSARM/sdk/pico/pico-sdk/src/common/pico_time/time.c.obj
                0x1000184c                best_effort_wfe_or_timeout
 .text.hardware_alarm_irq_handler
                0x10001890       0x8c CMakeFiles/AHT20.dir/C_/VSARM/sdk/pico/pico-sdk/src/rp2_common/hardware_timer/timer.c.obj
 .text.hardware_alarm_claim
                0x1000191c       0x18 CMakeFiles/AHT20.dir/C_/VSARM/sdk/pico/pico-sdk/src/rp2_common/hardware_timer/timer.c.obj
                0x1000191c                hardware_alarm_claim
 .text.time_us_64
                0x10001934       0x18 CMakeFiles/AHT20.dir/C_/VSARM/sdk/pico/pico-sdk/src/rp2_common/hardware_timer/timer.c.obj
                0x10001934                time_us_64
 .text.busy_wait_until
                0x1000194c       0x28 CMakeFiles/AHT20.dir/C_/VSARM/sdk/pico/pico-sdk/src/rp2_common/hardware_timer/timer.c.obj
                0x1000194c                busy_wait_until
 .text.hardware_alarm_set_callback
                0x10001974       0x90 CMakeFiles/AHT20.dir/C_/VSARM/sdk/pico/pico-sdk/src/rp2_common/hardware_timer/timer.c.obj
                0x10001974                hardware_alarm_set_callback
 .text.hardware_alarm_set_target
                0x10001a04       0xe8 CMakeFiles/AHT20.dir/C_/VSARM/sdk/pico/pico-sdk/src/rp2_common/hardware_timer/timer.c.obj
                0x10001a04                hardware_alarm_set_target
 .text.hardware_alarm_cancel
                0x10001aec       0x40 CMakeFiles/AHT20.dir/C_/VSARM/sdk/pico/pico-sdk/src/rp2_common/hardware_timer/timer.c.obj
                0x10001aec                hardware_alarm_cancel
 .text.ph_get_node
                0x10001b2c       0x30 CMakeFiles/AHT20.dir/C_/VSARM/sdk/pico/pico-sdk/src/common/pico_util/pheap.c.obj
 .text.ph_add_child_node
                0x10001b5c       0x6c CMakeFiles/AHT20.dir/C_/VSARM/sdk/pico/pico-sdk/src/common/pico_util/pheap.c.obj
 .text.ph_merge_nodes
                0x10001bc8       0x3e CMakeFiles/AHT20.dir/C_/VSARM/sdk/pico/pico-sdk/src/common/pico_util/pheap.c.obj
 .text.ph_clear
                0x10001c06       0x34 CMakeFiles/AHT20.dir/C_/VSARM/sdk/pico/pico-sdk/src/common/pico_util/pheap.c.obj
                0x10001c06                ph_clear
 .text.ph_post_alloc_init
                0x10001c3a        0xe CMakeFiles/AHT20.dir/C_/VSARM/sdk/pico/pico-sdk/src/common/pico_util/pheap.c.obj
                0x10001c3a                ph_post_alloc_init
 .text.ph_merge_two_pass
                0x10001c48       0x5c CMakeFiles/AHT20.dir/C_/VSARM/sdk/pico/pico-sdk/src/common/pico_util/pheap.c.obj
                0x10001c48                ph_merge_two_pass
 .text.ph_remove_any_head
                0x10001ca4       0xc0 CMakeFiles/AHT20.dir/C_/VSARM/sdk/pico/pico-sdk/src/common/pico_util/pheap.c.obj
 .text.ph_remove_head
                0x10001d64       0x14 CMakeFiles/AHT20.dir/C_/VSARM/sdk/pico/pico-sdk/src/common/pico_util/pheap.c.obj
                0x10001d64                ph_remove_head
 .text.ph_remove_and_free_node
                0x10001d78       0xa0 CMakeFiles/AHT20.dir/C_/VSARM/sdk/pico/pico-sdk/src/common/pico_util/pheap.c.obj
                0x10001d78                ph_remove_and_free_node
 .text.clock_configure
                0x10001e18      0x108 CMakeFiles/AHT20.dir/C_/VSARM/sdk/pico/pico-sdk/src/rp2_common/hardware_clocks/clocks.c.obj
                0x10001e18                clock_configure
 .text.clocks_init
                0x10001f20      0x100 CMakeFiles/AHT20.dir/C_/VSARM/sdk/pico/pico-sdk/src/rp2_common/hardware_clocks/clocks.c.obj
                0x10001f20                clocks_init
 .text.clock_get_hz
                0x10002020        0xc CMakeFiles/AHT20.dir/C_/VSARM/sdk/pico/pico-sdk/src/rp2_common/hardware_clocks/clocks.c.obj
                0x10002020                clock_get_hz
 .text.pll_init
                0x1000202c      0x120 CMakeFiles/AHT20.dir/C_/VSARM/sdk/pico/pico-sdk/src/rp2_common/hardware_pll/pll.c.obj
                0x1000202c                pll_init
 .text.watchdog_start_tick
                0x1000214c       0x10 CMakeFiles/AHT20.dir/C_/VSARM/sdk/pico/pico-sdk/src/rp2_common/hardware_watchdog/watchdog.c.obj
                0x1000214c                watchdog_start_tick
 .text.watchdog_update
                0x1000215c       0x14 CMakeFiles/AHT20.dir/C_/VSARM/sdk/pico/pico-sdk/src/rp2_common/hardware_watchdog/watchdog.c.obj
                0x1000215c                watchdog_update
 .text._watchdog_enable
                0x10002170       0x78 CMakeFiles/AHT20.dir/C_/VSARM/sdk/pico/pico-sdk/src/rp2_common/hardware_watchdog/watchdog.c.obj
                0x10002170                _watchdog_enable
 .text.watchdog_reboot
                0x100021e8       0x48 CMakeFiles/AHT20.dir/C_/VSARM/sdk/pico/pico-sdk/src/rp2_common/hardware_watchdog/watchdog.c.obj
                0x100021e8                watchdog_reboot
 .text.xosc_init
                0x10002230       0x28 CMakeFiles/AHT20.dir/C_/VSARM/sdk/pico/pico-sdk/src/rp2_common/hardware_xosc/xosc.c.obj
                0x10002230                xosc_init
 .text._exit    0x10002258        0x4 CMakeFiles/AHT20.dir/C_/VSARM/sdk/pico/pico-sdk/src/rp2_common/pico_runtime/runtime.c.obj
                0x10002258                _exit
 .text.exit     0x1000225c        0x6 CMakeFiles/AHT20.dir/C_/VSARM/sdk/pico/pico-sdk/src/rp2_common/pico_runtime/runtime.c.obj
                0x1000225c                exit
 *fill*         0x10002262        0x2 
 .text.__assert_func
                0x10002264       0x38 CMakeFiles/AHT20.dir/C_/VSARM/sdk/pico/pico-sdk/src/rp2_common/pico_runtime/runtime.c.obj
                0x10002264                __assert_func
 .text.runtime_init
                0x1000229c       0xf8 CMakeFiles/AHT20.dir/C_/VSARM/sdk/pico/pico-sdk/src/rp2_common/pico_runtime/runtime.c.obj
                0x1000229c                runtime_init
 .text.panic    0x10002394       0x30 CMakeFiles/AHT20.dir/C_/VSARM/sdk/pico/pico-sdk/src/rp2_common/pico_runtime/runtime.c.obj
                0x10002394                panic
 .text._out_null
                0x100023c4        0x2 CMakeFiles/AHT20.dir/C_/VSARM/sdk/pico/pico-sdk/src/rp2_common/pico_printf/printf.c.obj
 .text._out_fct
                0x100023c6        0xe CMakeFiles/AHT20.dir/C_/VSARM/sdk/pico/pico-sdk/src/rp2_common/pico_printf/printf.c.obj
 .text._atoi    0x100023d4       0x24 CMakeFiles/AHT20.dir/C_/VSARM/sdk/pico/pico-sdk/src/rp2_common/pico_printf/printf.c.obj
 .text._out_rev
                0x100023f8       0xae CMakeFiles/AHT20.dir/C_/VSARM/sdk/pico/pico-sdk/src/rp2_common/pico_printf/printf.c.obj
 .text._ntoa_format
                0x100024a6      0x110 CMakeFiles/AHT20.dir/C_/VSARM/sdk/pico/pico-sdk/src/rp2_common/pico_printf/printf.c.obj
 .text._ntoa_long
                0x100025b6       0xbc CMakeFiles/AHT20.dir/C_/VSARM/sdk/pico/pico-sdk/src/rp2_common/pico_printf/printf.c.obj
 .text._ntoa_long_long
                0x10002672      0x10e CMakeFiles/AHT20.dir/C_/VSARM/sdk/pico/pico-sdk/src/rp2_common/pico_printf/printf.c.obj
 .text._etoa    0x10002780      0x420 CMakeFiles/AHT20.dir/C_/VSARM/sdk/pico/pico-sdk/src/rp2_common/pico_printf/printf.c.obj
 .text._ftoa    0x10002ba0      0x354 CMakeFiles/AHT20.dir/C_/VSARM/sdk/pico/pico-sdk/src/rp2_common/pico_printf/printf.c.obj
 .text._vsnprintf
                0x10002ef4      0x65c CMakeFiles/AHT20.dir/C_/VSARM/sdk/pico/pico-sdk/src/rp2_common/pico_printf/printf.c.obj
 .text.vfctprintf
                0x10003550       0x20 CMakeFiles/AHT20.dir/C_/VSARM/sdk/pico/pico-sdk/src/rp2_common/pico_printf/printf.c.obj
                0x10003550                vfctprintf
 .text          0x10003570       0x10 CMakeFiles/AHT20.dir/C_/VSARM/sdk/pico/pico-sdk/src/rp2_common/pico_bit_ops/bit_ops_aeabi.S.obj
 .text.rom_func_lookup
                0x10003580       0x10 CMakeFiles/AHT20.dir/C_/VSARM/sdk/pico/pico-sdk/src/rp2_common/pico_bootrom/bootrom.c.obj
                0x10003580                rom_func_lookup
 .text.rom_data_lookup
                0x10003590       0x10 CMakeFiles/AHT20.dir/C_/VSARM/sdk/pico/pico-sdk/src/rp2_common/pico_bootrom/bootrom.c.obj
                0x10003590                rom_data_lookup
 .text.rom_funcs_lookup
                0x100035a0       0x36 CMakeFiles/AHT20.dir/C_/VSARM/sdk/pico/pico-sdk/src/rp2_common/pico_bootrom/bootrom.c.obj
                0x100035a0                rom_funcs_lookup
 *fill*         0x100035d6        0x2 
 .text.__wrap___aeabi_idiv
                0x100035d8       0x50 CMakeFiles/AHT20.dir/C_/VSARM/sdk/pico/pico-sdk/src/rp2_common/pico_divider/divider.S.obj
                0x100035d8                __wrap___aeabi_idivmod
                0x100035d8                divmod_s32s32
                0x100035d8                div_s32s32
                0x100035d8                __wrap___aeabi_idiv
                0x100035e0                divmod_s32s32_unsafe
                0x1000360c                divmod_s32s32_savestate
 .text.__wrap___aeabi_uidiv
                0x10003628       0x4c CMakeFiles/AHT20.dir/C_/VSARM/sdk/pico/pico-sdk/src/rp2_common/pico_divider/divider.S.obj
                0x10003628                __wrap___aeabi_uidiv
                0x10003628                __wrap___aeabi_uidivmod
                0x10003628                div_u32u32
                0x10003628                divmod_u32u32
                0x10003630                divmod_u32u32_unsafe
                0x10003658                divmod_u32u32_savestate
 .text.__wrap___aeabi_ldiv
                0x10003674      0x424 CMakeFiles/AHT20.dir/C_/VSARM/sdk/pico/pico-sdk/src/rp2_common/pico_divider/divider.S.obj
                0x10003674                div_s64s64
                0x10003674                divmod_s64s64
                0x10003674                __wrap___aeabi_ldivmod
                0x100036a4                divmod_u64u64
                0x100036a4                div_u64u64
                0x100036a4                __wrap___aeabi_uldivmod
                0x100036b4                divmod_u64u64_savestate
                0x100036d4                divmod_s64s64_unsafe
                0x1000375c                divmod_u64u64_unsafe
 .text.__wrap___aeabi_darithmetic
                0x10003a98       0x80 CMakeFiles/AHT20.dir/C_/VSARM/sdk/pico/pico-sdk/src/rp2_common/pico_double/double_aeabi.S.obj
                0x10003a98                __wrap___aeabi_drsub
                0x10003a9e                __wrap___aeabi_dsub
                0x10003ab0                __wrap___aeabi_dadd
                0x10003ac2                __wrap___aeabi_ddiv
                0x10003afe                __wrap___aeabi_dmul
 .text.__wrap___aeabi_cdcmple
                0x10003b18       0x6c CMakeFiles/AHT20.dir/C_/VSARM/sdk/pico/pico-sdk/src/rp2_common/pico_double/double_aeabi.S.obj
                0x10003b18                __wrap___aeabi_cdrcmple
                0x10003b28                __wrap___aeabi_cdcmpeq
                0x10003b28                __wrap___aeabi_cdcmple
 .text.__wrap___aeabi_dcmplt
                0x10003b84        0xc CMakeFiles/AHT20.dir/C_/VSARM/sdk/pico/pico-sdk/src/rp2_common/pico_double/double_aeabi.S.obj
                0x10003b84                __wrap___aeabi_dcmplt
 .text.__wrap___aeabi_dcmple
                0x10003b90       0x10 CMakeFiles/AHT20.dir/C_/VSARM/sdk/pico/pico-sdk/src/rp2_common/pico_double/double_aeabi.S.obj
                0x10003b90                __wrap___aeabi_dcmple
 .text.__wrap___aeabi_dcmpge
                0x10003ba0       0x10 CMakeFiles/AHT20.dir/C_/VSARM/sdk/pico/pico-sdk/src/rp2_common/pico_double/double_aeabi.S.obj
                0x10003ba0                __wrap___aeabi_dcmpge
 .text.__wrap___aeabi_dcmpgt
                0x10003bb0        0xa CMakeFiles/AHT20.dir/C_/VSARM/sdk/pico/pico-sdk/src/rp2_common/pico_double/double_aeabi.S.obj
                0x10003bb0                __wrap___aeabi_dcmpgt
 .text.__wrap___aeabi_dcmpun
                0x10003bba       0x1c CMakeFiles/AHT20.dir/C_/VSARM/sdk/pico/pico-sdk/src/rp2_common/pico_double/double_aeabi.S.obj
                0x10003bba                __wrap___aeabi_dcmpun
 *fill*         0x10003bd6        0x2 
 .text.__wrap___aeabi_i2d
                0x10003bd8       0x38 CMakeFiles/AHT20.dir/C_/VSARM/sdk/pico/pico-sdk/src/rp2_common/pico_double/double_aeabi.S.obj
                0x10003bd8                __wrap___aeabi_ui2d
                0x10003be0                __wrap___aeabi_i2d
 .text.__wrap___aeabi_d2iz
                0x10003c10       0x48 CMakeFiles/AHT20.dir/C_/VSARM/sdk/pico/pico-sdk/src/rp2_common/pico_double/double_aeabi.S.obj
                0x10003c10                double2int_z
                0x10003c10                __wrap___aeabi_d2iz
 .text.__wrap___aeabi_d2uiz
                0x10003c58       0x18 CMakeFiles/AHT20.dir/C_/VSARM/sdk/pico/pico-sdk/src/rp2_common/pico_double/double_aeabi.S.obj
                0x10003c58                __wrap___aeabi_d2uiz
                0x10003c58                double2uint
 .text.__wrap___aeabi_d2f
                0x10003c70       0x18 CMakeFiles/AHT20.dir/C_/VSARM/sdk/pico/pico-sdk/src/rp2_common/pico_double/double_aeabi.S.obj
                0x10003c70                __wrap___aeabi_d2f
 .text.__aeabi_double_init
                0x10003c88       0xcc CMakeFiles/AHT20.dir/C_/VSARM/sdk/pico/pico-sdk/src/rp2_common/pico_double/double_init_rom.c.obj
                0x10003c88                __aeabi_double_init
 .text.double_table_shim_on_use_helper
                0x10003d54       0x34 CMakeFiles/AHT20.dir/C_/VSARM/sdk/pico/pico-sdk/src/rp2_common/pico_double/double_v1_rom_shim.S.obj
                0x10003d54                double_table_shim_on_use_helper
 .text.__wrap___aeabi_dsub
                0x10003d88       0x10 CMakeFiles/AHT20.dir/C_/VSARM/sdk/pico/pico-sdk/src/rp2_common/pico_double/double_v1_rom_shim.S.obj
                0x10003d88                drsub_shim
                0x10003d8e                dsub_shim
 .text.dadd_shim
                0x10003d98      0x15c CMakeFiles/AHT20.dir/C_/VSARM/sdk/pico/pico-sdk/src/rp2_common/pico_double/double_v1_rom_shim.S.obj
                0x10003d98                dadd_shim
 .text.dmul_shim
                0x10003ef4      0x15c CMakeFiles/AHT20.dir/C_/VSARM/sdk/pico/pico-sdk/src/rp2_common/pico_double/double_v1_rom_shim.S.obj
                0x10003ef4                dmul_shim
 .text.ddiv_shim
                0x10004050      0x1b0 CMakeFiles/AHT20.dir/C_/VSARM/sdk/pico/pico-sdk/src/rp2_common/pico_double/double_v1_rom_shim.S.obj
                0x10004050                ddiv_shim
 .text.double2uint_shim
                0x10004200        0xe CMakeFiles/AHT20.dir/C_/VSARM/sdk/pico/pico-sdk/src/rp2_common/pico_double/double_v1_rom_shim.S.obj
                0x10004200                double2uint_shim
                0x10004202                double2ufix_shim
 *fill*         0x1000420e        0x2 
 .text.double2uint64_shim
                0x10004210       0x70 CMakeFiles/AHT20.dir/C_/VSARM/sdk/pico/pico-sdk/src/rp2_common/pico_double/double_v1_rom_shim.S.obj
                0x10004210                double2uint64_shim
                0x10004212                double2ufix64_shim
                0x10004232                d2fix_a
 .text.double2float_shim
                0x10004280       0x5c CMakeFiles/AHT20.dir/C_/VSARM/sdk/pico/pico-sdk/src/rp2_common/pico_double/double_v1_rom_shim.S.obj
                0x10004280                double2float_shim
 .text.dunpacks
                0x100042dc       0x3c CMakeFiles/AHT20.dir/C_/VSARM/sdk/pico/pico-sdk/src/rp2_common/pico_double/double_v1_rom_shim.S.obj
                0x100042dc                dunpacks
 .text.__aeabi_lmul
                0x10004318       0x32 CMakeFiles/AHT20.dir/C_/VSARM/sdk/pico/pico-sdk/src/rp2_common/pico_int64_ops/pico_int64_ops_aeabi.S.obj
                0x10004318                __wrap___aeabi_lmul
 *fill*         0x1000434a        0x2 
 .text.__wrap___aeabi_farithmetic
                0x1000434c       0x58 CMakeFiles/AHT20.dir/C_/VSARM/sdk/pico/pico-sdk/src/rp2_common/pico_float/float_aeabi.S.obj
                0x1000434c                __wrap___aeabi_frsub
                0x10004352                __wrap___aeabi_fsub
                0x1000435c                __wrap___aeabi_fadd
                0x10004366                __wrap___aeabi_fdiv
                0x10004392                __wrap___aeabi_fmul
 .text.__wrap___aeabi_ui2f
                0x100043a4        0xa CMakeFiles/AHT20.dir/C_/VSARM/sdk/pico/pico-sdk/src/rp2_common/pico_float/float_aeabi.S.obj
                0x100043a4                __wrap___aeabi_ui2f
 *fill*         0x100043ae        0x2 
 .text.__wrap___aeabi_i2f
                0x100043b0       0x44 CMakeFiles/AHT20.dir/C_/VSARM/sdk/pico/pico-sdk/src/rp2_common/pico_float/float_aeabi.S.obj
                0x100043b0                __wrap___aeabi_i2f
 .text.__wrap___aeabi_f2d
                0x100043f4       0x14 CMakeFiles/AHT20.dir/C_/VSARM/sdk/pico/pico-sdk/src/rp2_common/pico_float/float_aeabi.S.obj
                0x100043f4                __wrap___aeabi_f2d
 .text.__aeabi_float_init
                0x10004408       0xfc CMakeFiles/AHT20.dir/C_/VSARM/sdk/pico/pico-sdk/src/rp2_common/pico_float/float_init_rom.c.obj
                0x10004408                __aeabi_float_init
 .text.float_table_shim_on_use_helper
                0x10004504       0x34 CMakeFiles/AHT20.dir/C_/VSARM/sdk/pico/pico-sdk/src/rp2_common/pico_float/float_v1_rom_shim.S.obj
                0x10004504                float_table_shim_on_use_helper
 .text.float2double_shim
                0x10004538       0x30 CMakeFiles/AHT20.dir/C_/VSARM/sdk/pico/pico-sdk/src/rp2_common/pico_float/float_v1_rom_shim.S.obj
                0x10004538                float2double_shim
 .text          0x10004568       0x10 CMakeFiles/AHT20.dir/C_/VSARM/sdk/pico/pico-sdk/src/rp2_common/pico_mem_ops/mem_ops_aeabi.S.obj
                0x10004568                __aeabi_mem_init
 .text.memset   0x10004578        0xc CMakeFiles/AHT20.dir/C_/VSARM/sdk/pico/pico-sdk/src/rp2_common/pico_mem_ops/mem_ops_aeabi.S.obj
                0x10004578                __wrap_memset
 .text.memcpy   0x10004584        0xc CMakeFiles/AHT20.dir/C_/VSARM/sdk/pico/pico-sdk/src/rp2_common/pico_mem_ops/mem_ops_aeabi.S.obj
                0x10004584                __wrap_memcpy
                0x10004584                __wrap___aeabi_memcpy
 .text.stdio_out_chars_no_crlf
                0x10004590        0xe CMakeFiles/AHT20.dir/C_/VSARM/sdk/pico/pico-sdk/src/rp2_common/pico_stdio/stdio.c.obj
 *fill*         0x1000459e        0x2 
 .text.stdio_out_chars_crlf
                0x100045a0       0x80 CMakeFiles/AHT20.dir/C_/VSARM/sdk/pico/pico-sdk/src/rp2_common/pico_stdio/stdio.c.obj
 .text.stdio_stack_buffer_flush
                0x10004620       0x44 CMakeFiles/AHT20.dir/C_/VSARM/sdk/pico/pico-sdk/src/rp2_common/pico_stdio/stdio.c.obj
 .text.stdio_buffered_printer
                0x10004664       0x20 CMakeFiles/AHT20.dir/C_/VSARM/sdk/pico/pico-sdk/src/rp2_common/pico_stdio/stdio.c.obj
 .text.update_us_since_boot
                0x10004684       0x24 CMakeFiles/AHT20.dir/C_/VSARM/sdk/pico/pico-sdk/src/rp2_common/pico_stdio/stdio.c.obj
 .text.get_absolute_time
                0x100046a8       0x22 CMakeFiles/AHT20.dir/C_/VSARM/sdk/pico/pico-sdk/src/rp2_common/pico_stdio/stdio.c.obj
 *fill*         0x100046ca        0x2 
 .text.delayed_by_ms
                0x100046cc       0x44 CMakeFiles/AHT20.dir/C_/VSARM/sdk/pico/pico-sdk/src/rp2_common/pico_stdio/stdio.c.obj
 .text.make_timeout_time_ms
                0x10004710       0x20 CMakeFiles/AHT20.dir/C_/VSARM/sdk/pico/pico-sdk/src/rp2_common/pico_stdio/stdio.c.obj
 .text.stdout_serialize_begin
                0x10004730       0x20 CMakeFiles/AHT20.dir/C_/VSARM/sdk/pico/pico-sdk/src/rp2_common/pico_stdio/stdio.c.obj
                0x10004730                stdout_serialize_begin
 .text.stdout_serialize_end
                0x10004750       0x10 CMakeFiles/AHT20.dir/C_/VSARM/sdk/pico/pico-sdk/src/rp2_common/pico_stdio/stdio.c.obj
                0x10004750                stdout_serialize_end
 .text.stdio_put_string
                0x10004760       0x98 CMakeFiles/AHT20.dir/C_/VSARM/sdk/pico/pico-sdk/src/rp2_common/pico_stdio/stdio.c.obj
 .text.stdio_set_driver_enabled
                0x100047f8       0x2c CMakeFiles/AHT20.dir/C_/VSARM/sdk/pico/pico-sdk/src/rp2_common/pico_stdio/stdio.c.obj
                0x100047f8                stdio_set_driver_enabled
 .text.stdio_flush
                0x10004824       0x20 CMakeFiles/AHT20.dir/C_/VSARM/sdk/pico/pico-sdk/src/rp2_common/pico_stdio/stdio.c.obj
                0x10004824                stdio_flush
 .text.__wrap_puts
                0x10004844       0x1e CMakeFiles/AHT20.dir/C_/VSARM/sdk/pico/pico-sdk/src/rp2_common/pico_stdio/stdio.c.obj
                0x10004844                __wrap_puts
 *fill*         0x10004862        0x2 
 .text.__wrap_vprintf
                0x10004864       0x40 CMakeFiles/AHT20.dir/C_/VSARM/sdk/pico/pico-sdk/src/rp2_common/pico_stdio/stdio.c.obj
                0x10004864                __wrap_vprintf
 .text.__wrap_printf
                0x100048a4       0x18 CMakeFiles/AHT20.dir/C_/VSARM/sdk/pico/pico-sdk/src/rp2_common/pico_stdio/stdio.c.obj
                0x100048a4                __wrap_printf
 .text.stdio_init_all
                0x100048bc        0x8 CMakeFiles/AHT20.dir/C_/VSARM/sdk/pico/pico-sdk/src/rp2_common/pico_stdio/stdio.c.obj
                0x100048bc                stdio_init_all
 .text.resetd_init
                0x100048c4        0x2 CMakeFiles/AHT20.dir/C_/VSARM/sdk/pico/pico-sdk/src/rp2_common/pico_stdio_usb/reset_interface.c.obj
 *fill*         0x100048c6        0x2 
 .text.resetd_reset
                0x100048c8        0xc CMakeFiles/AHT20.dir/C_/VSARM/sdk/pico/pico-sdk/src/rp2_common/pico_stdio_usb/reset_interface.c.obj
 .text.resetd_open
                0x100048d4       0x34 CMakeFiles/AHT20.dir/C_/VSARM/sdk/pico/pico-sdk/src/rp2_common/pico_stdio_usb/reset_interface.c.obj
 .text.resetd_xfer_cb
                0x10004908        0x4 CMakeFiles/AHT20.dir/C_/VSARM/sdk/pico/pico-sdk/src/rp2_common/pico_stdio_usb/reset_interface.c.obj
 .text.reset_usb_boot
                0x1000490c       0x18 CMakeFiles/AHT20.dir/C_/VSARM/sdk/pico/pico-sdk/src/rp2_common/pico_stdio_usb/reset_interface.c.obj
 .text.resetd_control_xfer_cb
                0x10004924       0x5c CMakeFiles/AHT20.dir/C_/VSARM/sdk/pico/pico-sdk/src/rp2_common/pico_stdio_usb/reset_interface.c.obj
 .text.usbd_app_driver_get_cb
                0x10004980        0xc CMakeFiles/AHT20.dir/C_/VSARM/sdk/pico/pico-sdk/src/rp2_common/pico_stdio_usb/reset_interface.c.obj
                0x10004980                usbd_app_driver_get_cb
 .text.tud_cdc_line_coding_cb
                0x1000498c       0x28 CMakeFiles/AHT20.dir/C_/VSARM/sdk/pico/pico-sdk/src/rp2_common/pico_stdio_usb/reset_interface.c.obj
                0x1000498c                tud_cdc_line_coding_cb
 .text.stdio_usb_set_chars_available_callback
                0x100049b4       0x14 CMakeFiles/AHT20.dir/C_/VSARM/sdk/pico/pico-sdk/src/rp2_common/pico_stdio_usb/stdio_usb.c.obj
                0x100049b4                stdio_usb_set_chars_available_callback
 .text.update_us_since_boot
                0x100049c8       0x24 CMakeFiles/AHT20.dir/C_/VSARM/sdk/pico/pico-sdk/src/rp2_common/pico_stdio_usb/stdio_usb.c.obj
 .text.get_absolute_time
                0x100049ec       0x22 CMakeFiles/AHT20.dir/C_/VSARM/sdk/pico/pico-sdk/src/rp2_common/pico_stdio_usb/stdio_usb.c.obj
 *fill*         0x10004a0e        0x2 
 .text.delayed_by_ms
                0x10004a10       0x44 CMakeFiles/AHT20.dir/C_/VSARM/sdk/pico/pico-sdk/src/rp2_common/pico_stdio_usb/stdio_usb.c.obj
 .text.make_timeout_time_ms
                0x10004a54       0x20 CMakeFiles/AHT20.dir/C_/VSARM/sdk/pico/pico-sdk/src/rp2_common/pico_stdio_usb/stdio_usb.c.obj
 .text.delayed_by_us
                0x10004a74       0x34 CMakeFiles/AHT20.dir/C_/VSARM/sdk/pico/pico-sdk/src/rp2_common/pico_stdio_usb/stdio_usb.c.obj
 .text.usb_irq  0x10004aa8       0x10 CMakeFiles/AHT20.dir/C_/VSARM/sdk/pico/pico-sdk/src/rp2_common/pico_stdio_usb/stdio_usb.c.obj
 .text.critical_section_enter_blocking
                0x10004ab8       0x16 CMakeFiles/AHT20.dir/C_/VSARM/sdk/pico/pico-sdk/src/rp2_common/pico_stdio_usb/stdio_usb.c.obj
 *fill*         0x10004ace        0x2 
 .text.timer_task
                0x10004ad0       0x4c CMakeFiles/AHT20.dir/C_/VSARM/sdk/pico/pico-sdk/src/rp2_common/pico_stdio_usb/stdio_usb.c.obj
 .text.alarm_pool_add_alarm_in_us
                0x10004b1c       0x3a CMakeFiles/AHT20.dir/C_/VSARM/sdk/pico/pico-sdk/src/rp2_common/pico_stdio_usb/stdio_usb.c.obj
 .text.add_alarm_in_us
                0x10004b56       0x2e CMakeFiles/AHT20.dir/C_/VSARM/sdk/pico/pico-sdk/src/rp2_common/pico_stdio_usb/stdio_usb.c.obj
 .text.low_priority_worker_irq
                0x10004b84       0x7c CMakeFiles/AHT20.dir/C_/VSARM/sdk/pico/pico-sdk/src/rp2_common/pico_stdio_usb/stdio_usb.c.obj
 .text.tud_cdc_rx_cb
                0x10004c00       0x20 CMakeFiles/AHT20.dir/C_/VSARM/sdk/pico/pico-sdk/src/rp2_common/pico_stdio_usb/stdio_usb.c.obj
                0x10004c00                tud_cdc_rx_cb
 .text.stdio_usb_init
                0x10004c20       0xd0 CMakeFiles/AHT20.dir/C_/VSARM/sdk/pico/pico-sdk/src/rp2_common/pico_stdio_usb/stdio_usb.c.obj
                0x10004c20                stdio_usb_init
 .text.stdio_usb_connected
                0x10004cf0        0xa CMakeFiles/AHT20.dir/C_/VSARM/sdk/pico/pico-sdk/src/rp2_common/pico_stdio_usb/stdio_usb.c.obj
                0x10004cf0                stdio_usb_connected
 *fill*         0x10004cfa        0x2 
 .text.stdio_usb_in_chars
                0x10004cfc       0x88 CMakeFiles/AHT20.dir/C_/VSARM/sdk/pico/pico-sdk/src/rp2_common/pico_stdio_usb/stdio_usb.c.obj
                0x10004cfc                stdio_usb_in_chars
 .text.stdio_usb_out_chars
                0x10004d84       0xd8 CMakeFiles/AHT20.dir/C_/VSARM/sdk/pico/pico-sdk/src/rp2_common/pico_stdio_usb/stdio_usb.c.obj
 .text.tud_descriptor_device_cb
                0x10004e5c        0x8 CMakeFiles/AHT20.dir/C_/VSARM/sdk/pico/pico-sdk/src/rp2_common/pico_stdio_usb/stdio_usb_descriptors.c.obj
                0x10004e5c                tud_descriptor_device_cb
 .text.tud_descriptor_configuration_cb
                0x10004e64        0x8 CMakeFiles/AHT20.dir/C_/VSARM/sdk/pico/pico-sdk/src/rp2_common/pico_stdio_usb/stdio_usb_descriptors.c.obj
                0x10004e64                tud_descriptor_configuration_cb
 .text.tud_descriptor_string_cb
                0x10004e6c       0x6c CMakeFiles/AHT20.dir/C_/VSARM/sdk/pico/pico-sdk/src/rp2_common/pico_stdio_usb/stdio_usb_descriptors.c.obj
                0x10004e6c                tud_descriptor_string_cb
 .text._retrieve_unique_id_on_boot
                0x10004ed8       0x10 CMakeFiles/AHT20.dir/C_/VSARM/sdk/pico/pico-sdk/src/rp2_common/pico_unique_id/unique_id.c.obj
 .text.pico_get_unique_board_id_string
                0x10004ee8       0x5c CMakeFiles/AHT20.dir/C_/VSARM/sdk/pico/pico-sdk/src/rp2_common/pico_unique_id/unique_id.c.obj
                0x10004ee8                pico_get_unique_board_id_string
 .text.flash_get_unique_id
                0x10004f44       0x46 CMakeFiles/AHT20.dir/C_/VSARM/sdk/pico/pico-sdk/src/rp2_common/hardware_flash/flash.c.obj
                0x10004f44                flash_get_unique_id
 *fill*         0x10004f8a        0x2 
 .text.hw_endpoint_get_by_addr
                0x10004f8c       0x18 CMakeFiles/AHT20.dir/C_/VSARM/sdk/pico/pico-sdk/lib/tinyusb/src/portable/raspberrypi/rp2040/dcd_rp2040.c.obj
 .text._hw_endpoint_alloc
                0x10004fa4       0x70 CMakeFiles/AHT20.dir/C_/VSARM/sdk/pico/pico-sdk/lib/tinyusb/src/portable/raspberrypi/rp2040/dcd_rp2040.c.obj
 .text.hw_endpoint_init
                0x10005014       0x88 CMakeFiles/AHT20.dir/C_/VSARM/sdk/pico/pico-sdk/lib/tinyusb/src/portable/raspberrypi/rp2040/dcd_rp2040.c.obj
 .text.dcd_event_sof
                0x1000509c       0x2c CMakeFiles/AHT20.dir/C_/VSARM/sdk/pico/pico-sdk/lib/tinyusb/src/portable/raspberrypi/rp2040/dcd_rp2040.c.obj
 .text.hw_endpoint_xfer
                0x100050c8       0x14 CMakeFiles/AHT20.dir/C_/VSARM/sdk/pico/pico-sdk/lib/tinyusb/src/portable/raspberrypi/rp2040/dcd_rp2040.c.obj
 .text.dcd_int_enable
                0x100050dc       0x2c CMakeFiles/AHT20.dir/C_/VSARM/sdk/pico/pico-sdk/lib/tinyusb/src/portable/raspberrypi/rp2040/dcd_rp2040.c.obj
                0x100050dc                dcd_int_enable
 .text.dcd_set_address
                0x10005108       0x2c CMakeFiles/AHT20.dir/C_/VSARM/sdk/pico/pico-sdk/lib/tinyusb/src/portable/raspberrypi/rp2040/dcd_rp2040.c.obj
                0x10005108                dcd_set_address
 .text.dcd_connect
                0x10005134       0x10 CMakeFiles/AHT20.dir/C_/VSARM/sdk/pico/pico-sdk/lib/tinyusb/src/portable/raspberrypi/rp2040/dcd_rp2040.c.obj
                0x10005134                dcd_connect
 .text.dcd_init
                0x10005144       0x80 CMakeFiles/AHT20.dir/C_/VSARM/sdk/pico/pico-sdk/lib/tinyusb/src/portable/raspberrypi/rp2040/dcd_rp2040.c.obj
                0x10005144                dcd_init
 .text.dcd_edpt0_status_complete
                0x100051c4       0x1c CMakeFiles/AHT20.dir/C_/VSARM/sdk/pico/pico-sdk/lib/tinyusb/src/portable/raspberrypi/rp2040/dcd_rp2040.c.obj
                0x100051c4                dcd_edpt0_status_complete
 .text.dcd_edpt_open
                0x100051e0       0x40 CMakeFiles/AHT20.dir/C_/VSARM/sdk/pico/pico-sdk/lib/tinyusb/src/portable/raspberrypi/rp2040/dcd_rp2040.c.obj
                0x100051e0                dcd_edpt_open
 .text.dcd_edpt_close_all
                0x10005220        0x8 CMakeFiles/AHT20.dir/C_/VSARM/sdk/pico/pico-sdk/lib/tinyusb/src/portable/raspberrypi/rp2040/dcd_rp2040.c.obj
                0x10005220                dcd_edpt_close_all
 .text.dcd_edpt_xfer
                0x10005228       0x34 CMakeFiles/AHT20.dir/C_/VSARM/sdk/pico/pico-sdk/lib/tinyusb/src/portable/raspberrypi/rp2040/dcd_rp2040.c.obj
                0x10005228                dcd_edpt_xfer
 .text.dcd_edpt_stall
                0x1000525c       0x2c CMakeFiles/AHT20.dir/C_/VSARM/sdk/pico/pico-sdk/lib/tinyusb/src/portable/raspberrypi/rp2040/dcd_rp2040.c.obj
                0x1000525c                dcd_edpt_stall
 .text.dcd_edpt_clear_stall
                0x10005288       0x20 CMakeFiles/AHT20.dir/C_/VSARM/sdk/pico/pico-sdk/lib/tinyusb/src/portable/raspberrypi/rp2040/dcd_rp2040.c.obj
                0x10005288                dcd_edpt_clear_stall
 .text.rp2040_usb_init
                0x100052a8       0x4c CMakeFiles/AHT20.dir/C_/VSARM/sdk/pico/pico-sdk/lib/tinyusb/src/portable/raspberrypi/rp2040/rp2040_usb.c.obj
                0x100052a8                rp2040_usb_init
 .text.hw_endpoint_xfer_start
                0x100052f4       0x50 CMakeFiles/AHT20.dir/C_/VSARM/sdk/pico/pico-sdk/lib/tinyusb/src/portable/raspberrypi/rp2040/rp2040_usb.c.obj
                0x100052f4                hw_endpoint_xfer_start
 .text.configuration_reset
                0x10005344       0x84 CMakeFiles/AHT20.dir/C_/VSARM/sdk/pico/pico-sdk/lib/tinyusb/src/device/usbd.c.obj
 .text.critical_section_enter_blocking
                0x100053c8       0x16 CMakeFiles/AHT20.dir/C_/VSARM/sdk/pico/pico-sdk/lib/tinyusb/src/device/usbd.c.obj
 .text.usbd_reset
                0x100053de        0xc CMakeFiles/AHT20.dir/C_/VSARM/sdk/pico/pico-sdk/lib/tinyusb/src/device/usbd.c.obj
 .text.invoke_class_control
                0x100053ea       0x1a CMakeFiles/AHT20.dir/C_/VSARM/sdk/pico/pico-sdk/lib/tinyusb/src/device/usbd.c.obj
 .text.process_set_config
                0x10005404      0x178 CMakeFiles/AHT20.dir/C_/VSARM/sdk/pico/pico-sdk/lib/tinyusb/src/device/usbd.c.obj
 .text.process_get_descriptor
                0x1000557c       0xdc CMakeFiles/AHT20.dir/C_/VSARM/sdk/pico/pico-sdk/lib/tinyusb/src/device/usbd.c.obj
 .text.tud_mounted
                0x10005658       0x10 CMakeFiles/AHT20.dir/C_/VSARM/sdk/pico/pico-sdk/lib/tinyusb/src/device/usbd.c.obj
                0x10005658                tud_mounted
 .text.tud_suspended
                0x10005668       0x10 CMakeFiles/AHT20.dir/C_/VSARM/sdk/pico/pico-sdk/lib/tinyusb/src/device/usbd.c.obj
                0x10005668                tud_suspended
 .text.tud_inited
                0x10005678       0x14 CMakeFiles/AHT20.dir/C_/VSARM/sdk/pico/pico-sdk/lib/tinyusb/src/device/usbd.c.obj
                0x10005678                tud_inited
 .text.tud_init
                0x1000568c       0xcc CMakeFiles/AHT20.dir/C_/VSARM/sdk/pico/pico-sdk/lib/tinyusb/src/device/usbd.c.obj
                0x1000568c                tud_init
 .text.usbd_defer_func
                0x10005758       0x2a CMakeFiles/AHT20.dir/C_/VSARM/sdk/pico/pico-sdk/lib/tinyusb/src/device/usbd.c.obj
                0x10005758                usbd_defer_func
 *fill*         0x10005782        0x2 
 .text.usbd_edpt_open
                0x10005784       0x34 CMakeFiles/AHT20.dir/C_/VSARM/sdk/pico/pico-sdk/lib/tinyusb/src/device/usbd.c.obj
                0x10005784                usbd_edpt_open
 .text.usbd_open_edpt_pair
                0x100057b8       0x62 CMakeFiles/AHT20.dir/C_/VSARM/sdk/pico/pico-sdk/lib/tinyusb/src/device/usbd.c.obj
                0x100057b8                usbd_open_edpt_pair
 *fill*         0x1000581a        0x2 
 .text.usbd_edpt_claim
                0x1000581c       0x28 CMakeFiles/AHT20.dir/C_/VSARM/sdk/pico/pico-sdk/lib/tinyusb/src/device/usbd.c.obj
                0x1000581c                usbd_edpt_claim
 .text.usbd_edpt_release
                0x10005844       0x28 CMakeFiles/AHT20.dir/C_/VSARM/sdk/pico/pico-sdk/lib/tinyusb/src/device/usbd.c.obj
                0x10005844                usbd_edpt_release
 .text.usbd_edpt_xfer
                0x1000586c       0x78 CMakeFiles/AHT20.dir/C_/VSARM/sdk/pico/pico-sdk/lib/tinyusb/src/device/usbd.c.obj
                0x1000586c                usbd_edpt_xfer
 .text.usbd_edpt_stall
                0x100058e4       0x48 CMakeFiles/AHT20.dir/C_/VSARM/sdk/pico/pico-sdk/lib/tinyusb/src/device/usbd.c.obj
                0x100058e4                usbd_edpt_stall
 .text.usbd_edpt_clear_stall
                0x1000592c       0x48 CMakeFiles/AHT20.dir/C_/VSARM/sdk/pico/pico-sdk/lib/tinyusb/src/device/usbd.c.obj
                0x1000592c                usbd_edpt_clear_stall
 .text.usbd_edpt_stalled
                0x10005974       0x1c CMakeFiles/AHT20.dir/C_/VSARM/sdk/pico/pico-sdk/lib/tinyusb/src/device/usbd.c.obj
                0x10005974                usbd_edpt_stalled
 .text.process_control_request
                0x10005990      0x374 CMakeFiles/AHT20.dir/C_/VSARM/sdk/pico/pico-sdk/lib/tinyusb/src/device/usbd.c.obj
 .text.tud_task_ext
                0x10005d04      0x1a8 CMakeFiles/AHT20.dir/C_/VSARM/sdk/pico/pico-sdk/lib/tinyusb/src/device/usbd.c.obj
                0x10005d04                tud_task_ext
 .text._status_stage_xact
                0x10005eac       0x1a CMakeFiles/AHT20.dir/C_/VSARM/sdk/pico/pico-sdk/lib/tinyusb/src/device/usbd_control.c.obj
 *fill*         0x10005ec6        0x2 
 .text._data_stage_xact
                0x10005ec8       0x58 CMakeFiles/AHT20.dir/C_/VSARM/sdk/pico/pico-sdk/lib/tinyusb/src/device/usbd_control.c.obj
 .text.tud_control_status
                0x10005f20       0x28 CMakeFiles/AHT20.dir/C_/VSARM/sdk/pico/pico-sdk/lib/tinyusb/src/device/usbd_control.c.obj
                0x10005f20                tud_control_status
 .text.tud_control_xfer
                0x10005f48       0x68 CMakeFiles/AHT20.dir/C_/VSARM/sdk/pico/pico-sdk/lib/tinyusb/src/device/usbd_control.c.obj
                0x10005f48                tud_control_xfer
 .text.usbd_control_reset
                0x10005fb0       0x14 CMakeFiles/AHT20.dir/C_/VSARM/sdk/pico/pico-sdk/lib/tinyusb/src/device/usbd_control.c.obj
                0x10005fb0                usbd_control_reset
 .text.usbd_control_set_complete_callback
                0x10005fc4        0xc CMakeFiles/AHT20.dir/C_/VSARM/sdk/pico/pico-sdk/lib/tinyusb/src/device/usbd_control.c.obj
                0x10005fc4                usbd_control_set_complete_callback
 .text.usbd_control_set_request
                0x10005fd0       0x1c CMakeFiles/AHT20.dir/C_/VSARM/sdk/pico/pico-sdk/lib/tinyusb/src/device/usbd_control.c.obj
                0x10005fd0                usbd_control_set_request
 .text.usbd_control_xfer_cb
                0x10005fec       0xbc CMakeFiles/AHT20.dir/C_/VSARM/sdk/pico/pico-sdk/lib/tinyusb/src/device/usbd_control.c.obj
                0x10005fec                usbd_control_xfer_cb
 .text._prep_out_transaction
                0x100060a8       0x4a CMakeFiles/AHT20.dir/C_/VSARM/sdk/pico/pico-sdk/lib/tinyusb/src/class/cdc/cdc_device.c.obj
 *fill*         0x100060f2        0x2 
 .text.tud_cdc_n_connected
                0x100060f4       0x38 CMakeFiles/AHT20.dir/C_/VSARM/sdk/pico/pico-sdk/lib/tinyusb/src/class/cdc/cdc_device.c.obj
                0x100060f4                tud_cdc_n_connected
 .text.tud_cdc_n_available
                0x1000612c       0x18 CMakeFiles/AHT20.dir/C_/VSARM/sdk/pico/pico-sdk/lib/tinyusb/src/class/cdc/cdc_device.c.obj
                0x1000612c                tud_cdc_n_available
 .text.tud_cdc_n_read
                0x10006144       0x28 CMakeFiles/AHT20.dir/C_/VSARM/sdk/pico/pico-sdk/lib/tinyusb/src/class/cdc/cdc_device.c.obj
                0x10006144                tud_cdc_n_read
 .text.tud_cdc_n_write_flush
                0x1000616c       0xb8 CMakeFiles/AHT20.dir/C_/VSARM/sdk/pico/pico-sdk/lib/tinyusb/src/class/cdc/cdc_device.c.obj
                0x1000616c                tud_cdc_n_write_flush
 .text.tud_cdc_n_write
                0x10006224       0x38 CMakeFiles/AHT20.dir/C_/VSARM/sdk/pico/pico-sdk/lib/tinyusb/src/class/cdc/cdc_device.c.obj
                0x10006224                tud_cdc_n_write
 .text.tud_cdc_n_write_available
                0x1000625c       0x1c CMakeFiles/AHT20.dir/C_/VSARM/sdk/pico/pico-sdk/lib/tinyusb/src/class/cdc/cdc_device.c.obj
                0x1000625c                tud_cdc_n_write_available
 .text.cdcd_init
                0x10006278       0xbc CMakeFiles/AHT20.dir/C_/VSARM/sdk/pico/pico-sdk/lib/tinyusb/src/class/cdc/cdc_device.c.obj
                0x10006278                cdcd_init
 .text.cdcd_reset
                0x10006334       0x44 CMakeFiles/AHT20.dir/C_/VSARM/sdk/pico/pico-sdk/lib/tinyusb/src/class/cdc/cdc_device.c.obj
                0x10006334                cdcd_reset
 .text.cdcd_open
                0x10006378       0xc4 CMakeFiles/AHT20.dir/C_/VSARM/sdk/pico/pico-sdk/lib/tinyusb/src/class/cdc/cdc_device.c.obj
                0x10006378                cdcd_open
 .text.cdcd_control_xfer_cb
                0x1000643c      0x134 CMakeFiles/AHT20.dir/C_/VSARM/sdk/pico/pico-sdk/lib/tinyusb/src/class/cdc/cdc_device.c.obj
                0x1000643c                cdcd_control_xfer_cb
 .text.cdcd_xfer_cb
                0x10006570      0x130 CMakeFiles/AHT20.dir/C_/VSARM/sdk/pico/pico-sdk/lib/tinyusb/src/class/cdc/cdc_device.c.obj
                0x10006570                cdcd_xfer_cb
 .text.tusb_init
                0x100066a0        0xa CMakeFiles/AHT20.dir/C_/VSARM/sdk/pico/pico-sdk/lib/tinyusb/src/tusb.c.obj
                0x100066a0                tusb_init
 .text.tusb_inited
                0x100066aa        0xe CMakeFiles/AHT20.dir/C_/VSARM/sdk/pico/pico-sdk/lib/tinyusb/src/tusb.c.obj
                0x100066aa                tusb_inited
 .text.tu_edpt_claim
                0x100066b8       0x50 CMakeFiles/AHT20.dir/C_/VSARM/sdk/pico/pico-sdk/lib/tinyusb/src/tusb.c.obj
                0x100066b8                tu_edpt_claim
 .text.tu_edpt_release
                0x10006708       0x38 CMakeFiles/AHT20.dir/C_/VSARM/sdk/pico/pico-sdk/lib/tinyusb/src/tusb.c.obj
                0x10006708                tu_edpt_release
 .text.tu_edpt_validate
                0x10006740       0x78 CMakeFiles/AHT20.dir/C_/VSARM/sdk/pico/pico-sdk/lib/tinyusb/src/tusb.c.obj
                0x10006740                tu_edpt_validate
 .text.tu_edpt_bind_driver
                0x100067b8       0x26 CMakeFiles/AHT20.dir/C_/VSARM/sdk/pico/pico-sdk/lib/tinyusb/src/tusb.c.obj
                0x100067b8                tu_edpt_bind_driver
 .text.advance_index
                0x100067de       0x1a CMakeFiles/AHT20.dir/C_/VSARM/sdk/pico/pico-sdk/lib/tinyusb/src/common/tusb_fifo.c.obj
 .text._tu_fifo_peek
                0x100067f8       0x56 CMakeFiles/AHT20.dir/C_/VSARM/sdk/pico/pico-sdk/lib/tinyusb/src/common/tusb_fifo.c.obj
 .text._ff_pull_const_addr
                0x1000684e       0x4c CMakeFiles/AHT20.dir/C_/VSARM/sdk/pico/pico-sdk/lib/tinyusb/src/common/tusb_fifo.c.obj
 .text._ff_pull_n
                0x1000689a      0x110 CMakeFiles/AHT20.dir/C_/VSARM/sdk/pico/pico-sdk/lib/tinyusb/src/common/tusb_fifo.c.obj
 .text._tu_fifo_peek_n
                0x100069aa       0x6a CMakeFiles/AHT20.dir/C_/VSARM/sdk/pico/pico-sdk/lib/tinyusb/src/common/tusb_fifo.c.obj
 .text._tu_fifo_read_n
                0x10006a14       0x4e CMakeFiles/AHT20.dir/C_/VSARM/sdk/pico/pico-sdk/lib/tinyusb/src/common/tusb_fifo.c.obj
 .text._ff_push_const_addr
                0x10006a62       0x40 CMakeFiles/AHT20.dir/C_/VSARM/sdk/pico/pico-sdk/lib/tinyusb/src/common/tusb_fifo.c.obj
 .text._ff_push_n
                0x10006aa2      0x10c CMakeFiles/AHT20.dir/C_/VSARM/sdk/pico/pico-sdk/lib/tinyusb/src/common/tusb_fifo.c.obj
 .text._tu_fifo_write_n
                0x10006bae       0xf0 CMakeFiles/AHT20.dir/C_/VSARM/sdk/pico/pico-sdk/lib/tinyusb/src/common/tusb_fifo.c.obj
 .text.tu_fifo_config
                0x10006c9e       0x7c CMakeFiles/AHT20.dir/C_/VSARM/sdk/pico/pico-sdk/lib/tinyusb/src/common/tusb_fifo.c.obj
                0x10006c9e                tu_fifo_config
 .text.tu_fifo_count
                0x10006d1a       0x2a CMakeFiles/AHT20.dir/C_/VSARM/sdk/pico/pico-sdk/lib/tinyusb/src/common/tusb_fifo.c.obj
                0x10006d1a                tu_fifo_count
 .text.tu_fifo_empty
                0x10006d44        0xe CMakeFiles/AHT20.dir/C_/VSARM/sdk/pico/pico-sdk/lib/tinyusb/src/common/tusb_fifo.c.obj
                0x10006d44                tu_fifo_empty
 .text.tu_fifo_full
                0x10006d52       0x28 CMakeFiles/AHT20.dir/C_/VSARM/sdk/pico/pico-sdk/lib/tinyusb/src/common/tusb_fifo.c.obj
                0x10006d52                tu_fifo_full
 .text.tu_fifo_remaining
                0x10006d7a       0x2c CMakeFiles/AHT20.dir/C_/VSARM/sdk/pico/pico-sdk/lib/tinyusb/src/common/tusb_fifo.c.obj
                0x10006d7a                tu_fifo_remaining
 .text.tu_fifo_read
                0x10006da6       0x42 CMakeFiles/AHT20.dir/C_/VSARM/sdk/pico/pico-sdk/lib/tinyusb/src/common/tusb_fifo.c.obj
                0x10006da6                tu_fifo_read
 .text.tu_fifo_read_n
                0x10006de8        0xa CMakeFiles/AHT20.dir/C_/VSARM/sdk/pico/pico-sdk/lib/tinyusb/src/common/tusb_fifo.c.obj
                0x10006de8                tu_fifo_read_n
 .text.tu_fifo_write
                0x10006df2       0x64 CMakeFiles/AHT20.dir/C_/VSARM/sdk/pico/pico-sdk/lib/tinyusb/src/common/tusb_fifo.c.obj
                0x10006df2                tu_fifo_write
 .text.tu_fifo_write_n
                0x10006e56        0xa CMakeFiles/AHT20.dir/C_/VSARM/sdk/pico/pico-sdk/lib/tinyusb/src/common/tusb_fifo.c.obj
                0x10006e56                tu_fifo_write_n
 .text.tu_fifo_clear
                0x10006e60       0x3e CMakeFiles/AHT20.dir/C_/VSARM/sdk/pico/pico-sdk/lib/tinyusb/src/common/tusb_fifo.c.obj
                0x10006e60                tu_fifo_clear
 .text.tu_fifo_set_overwritable
                0x10006e9e       0x46 CMakeFiles/AHT20.dir/C_/VSARM/sdk/pico/pico-sdk/lib/tinyusb/src/common/tusb_fifo.c.obj
                0x10006e9e                tu_fifo_set_overwritable
 .text.i2c_write_blocking_internal
                0x10006ee4      0x146 CMakeFiles/AHT20.dir/C_/VSARM/sdk/pico/pico-sdk/src/rp2_common/hardware_i2c/i2c.c.obj
 .text.i2c_read_blocking_internal
                0x1000702a       0xe6 CMakeFiles/AHT20.dir/C_/VSARM/sdk/pico/pico-sdk/src/rp2_common/hardware_i2c/i2c.c.obj
 .text.i2c_set_baudrate
                0x10007110       0xf0 CMakeFiles/AHT20.dir/C_/VSARM/sdk/pico/pico-sdk/src/rp2_common/hardware_i2c/i2c.c.obj
                0x10007110                i2c_set_baudrate
 .text.i2c_init
                0x10007200       0x58 CMakeFiles/AHT20.dir/C_/VSARM/sdk/pico/pico-sdk/src/rp2_common/hardware_i2c/i2c.c.obj
                0x10007200                i2c_init
 .text.i2c_write_blocking
                0x10007258       0x18 CMakeFiles/AHT20.dir/C_/VSARM/sdk/pico/pico-sdk/src/rp2_common/hardware_i2c/i2c.c.obj
                0x10007258                i2c_write_blocking
 .text.i2c_read_blocking
                0x10007270       0x18 CMakeFiles/AHT20.dir/C_/VSARM/sdk/pico/pico-sdk/src/rp2_common/hardware_i2c/i2c.c.obj
                0x10007270                i2c_read_blocking
 .text.strlen   0x10007288       0x5c c:/vsarm/armcc/125863~1.3re/bin/../lib/gcc/arm-none-eabi/12.3.1/thumb/v6-m/nofp\libg.a(libc_a-strlen-stub.o)
                0x10007288                strlen
 *(.fini)
 .fini          0x100072e4        0x4 c:/vsarm/armcc/125863~1.3re/bin/../lib/gcc/arm-none-eabi/12.3.1/thumb/v6-m/nofp/crti.o
                0x100072e4                _fini
 .fini.__stub   0x100072e8       0xe0 linker stubs
 *crtbegin.o(.ctors)
 *crtbegin?.o(.ctors)
 *(EXCLUDE_FILE(*crtend.o *crtend?.o) .ctors)
 *(SORT_BY_NAME(.ctors.*))
 *(.ctors)
 *crtbegin.o(.dtors)
 *crtbegin?.o(.dtors)
 *(EXCLUDE_FILE(*crtend.o *crtend?.o) .dtors)
 *(SORT_BY_NAME(.dtors.*))
 *(.dtors)
 *(.eh_frame*)
 .eh_frame      0x100073c8        0x0 c:/vsarm/armcc/125863~1.3re/bin/../lib/gcc/arm-none-eabi/12.3.1/thumb/v6-m/nofp/crtbegin.o
                0x100073c8                        . = ALIGN (0x4)

.glue_7         0x100073c8        0x0
 .glue_7        0x100073c8        0x0 linker stubs

.glue_7t        0x100073c8        0x0
 .glue_7t       0x100073c8        0x0 linker stubs

.vfp11_veneer   0x100073c8        0x0
 .vfp11_veneer  0x100073c8        0x0 linker stubs

.v4_bx          0x100073c8        0x0
 .v4_bx         0x100073c8        0x0 linker stubs

.iplt           0x100073c8        0x0
 .iplt          0x100073c8        0x0 c:/vsarm/armcc/125863~1.3re/bin/../lib/gcc/arm-none-eabi/12.3.1/thumb/v6-m/nofp/crtbegin.o

.rodata         0x100073c8     0x15d4
 *(EXCLUDE_FILE(*libm.a: *libc.a:*lib_a-mem*.o *libgcc.a:) .rodata*)
 .rodata.main.str1.4
                0x100073c8       0x35 CMakeFiles/AHT20.dir/main.cpp.obj
 *fill*         0x100073fd        0x3 
 .rodata._ZN5AHT20C2Eii.str1.4
                0x10007400        0x7 CMakeFiles/AHT20.dir/AHT20/AHT20.cpp.obj
 *fill*         0x10007407        0x1 
 .rodata._ZN5AHT2018triggerMeasurementEv.str1.4
                0x10007408       0x23 CMakeFiles/AHT20.dir/AHT20/AHT20.cpp.obj
 *fill*         0x1000742b        0x1 
 .rodata.spin_lock_claim_unused.str1.4
                0x1000742c       0x1b CMakeFiles/AHT20.dir/C_/VSARM/sdk/pico/pico-sdk/src/rp2_common/hardware_sync/sync.c.obj
 *fill*         0x10007447        0x1 
 .rodata.resolve_branch.str1.4
                0x10007448       0x55 CMakeFiles/AHT20.dir/C_/VSARM/sdk/pico/pico-sdk/src/rp2_common/hardware_irq/irq.c.obj
 *fill*         0x1000749d        0x3 
 .rodata.make_branch.str1.4
                0x100074a0       0x30 CMakeFiles/AHT20.dir/C_/VSARM/sdk/pico/pico-sdk/src/rp2_common/hardware_irq/irq.c.obj
 .rodata.insert_branch_and_link.str1.4
                0x100074d0       0x10 CMakeFiles/AHT20.dir/C_/VSARM/sdk/pico/pico-sdk/src/rp2_common/hardware_irq/irq.c.obj
 .rodata.irq_set_exclusive_handler.str1.4
                0x100074e0       0x36 CMakeFiles/AHT20.dir/C_/VSARM/sdk/pico/pico-sdk/src/rp2_common/hardware_irq/irq.c.obj
 *fill*         0x10007516        0x2 
 .rodata.irq_add_shared_handler.str1.4
                0x10007518       0xc2 CMakeFiles/AHT20.dir/C_/VSARM/sdk/pico/pico-sdk/src/rp2_common/hardware_irq/irq.c.obj
 *fill*         0x100075da        0x2 
 .rodata.irq_remove_handler.str1.4
                0x100075dc       0x3a CMakeFiles/AHT20.dir/C_/VSARM/sdk/pico/pico-sdk/src/rp2_common/hardware_irq/irq.c.obj
 *fill*         0x10007616        0x2 
 .rodata.irq_add_tail_to_free_list.str1.4
                0x10007618       0x3a CMakeFiles/AHT20.dir/C_/VSARM/sdk/pico/pico-sdk/src/rp2_common/hardware_irq/irq.c.obj
 *fill*         0x10007652        0x2 
 .rodata.user_irq_claim_unused.str1.4
                0x10007654       0x1b CMakeFiles/AHT20.dir/C_/VSARM/sdk/pico/pico-sdk/src/rp2_common/hardware_irq/irq.c.obj
 *fill*         0x1000766f        0x1 
 .rodata.__func__.0
                0x10007670       0x1a CMakeFiles/AHT20.dir/C_/VSARM/sdk/pico/pico-sdk/src/rp2_common/hardware_irq/irq.c.obj
 *fill*         0x1000768a        0x2 
 .rodata.__func__.1
                0x1000768c       0x17 CMakeFiles/AHT20.dir/C_/VSARM/sdk/pico/pico-sdk/src/rp2_common/hardware_irq/irq.c.obj
 *fill*         0x100076a3        0x1 
 .rodata.__func__.2
                0x100076a4       0x13 CMakeFiles/AHT20.dir/C_/VSARM/sdk/pico/pico-sdk/src/rp2_common/hardware_irq/irq.c.obj
 *fill*         0x100076b7        0x1 
 .rodata.__func__.3
                0x100076b8        0xc CMakeFiles/AHT20.dir/C_/VSARM/sdk/pico/pico-sdk/src/rp2_common/hardware_irq/irq.c.obj
 .rodata.__func__.4
                0x100076c4        0xf CMakeFiles/AHT20.dir/C_/VSARM/sdk/pico/pico-sdk/src/rp2_common/hardware_irq/irq.c.obj
 *fill*         0x100076d3        0x1 
 .rodata.__func__.5
                0x100076d4       0x17 CMakeFiles/AHT20.dir/C_/VSARM/sdk/pico/pico-sdk/src/rp2_common/hardware_irq/irq.c.obj
 *fill*         0x100076eb        0x1 
 .rodata.__func__.6
                0x100076ec       0x1a CMakeFiles/AHT20.dir/C_/VSARM/sdk/pico/pico-sdk/src/rp2_common/hardware_irq/irq.c.obj
 *fill*         0x10007706        0x2 
 .rodata.update_us_since_boot.str1.4
                0x10007708       0x61 CMakeFiles/AHT20.dir/C_/VSARM/sdk/pico/pico-sdk/src/common/pico_sync/mutex.c.obj
 *fill*         0x10007769        0x3 
 .rodata.str1.4
                0x1000776c       0x89 CMakeFiles/AHT20.dir/C_/VSARM/sdk/pico/pico-sdk/src/common/pico_sync/mutex.c.obj
 *fill*         0x100077f5        0x3 
 .rodata.__func__.1
                0x100077f8        0xb CMakeFiles/AHT20.dir/C_/VSARM/sdk/pico/pico-sdk/src/common/pico_sync/mutex.c.obj
 *fill*         0x10007803        0x1 
 .rodata.__func__.3
                0x10007804       0x18 CMakeFiles/AHT20.dir/C_/VSARM/sdk/pico/pico-sdk/src/common/pico_sync/mutex.c.obj
 .rodata.__func__.4
                0x1000781c       0x15 CMakeFiles/AHT20.dir/C_/VSARM/sdk/pico/pico-sdk/src/common/pico_sync/mutex.c.obj
 *fill*         0x10007831        0x3 
 .rodata.get_entry.str1.4
                0x10007834       0x5b CMakeFiles/AHT20.dir/C_/VSARM/sdk/pico/pico-sdk/src/common/pico_time/time.c.obj
 .rodata.update_us_since_boot.str1.4
                0x1000788f       0x61 CMakeFiles/AHT20.dir/C_/VSARM/sdk/pico/pico-sdk/src/common/pico_time/time.c.obj
 *fill*         0x1000788f        0x1 
 .rodata.ph_get_node.str1.4
                0x10007890       0x66 CMakeFiles/AHT20.dir/C_/VSARM/sdk/pico/pico-sdk/src/common/pico_time/time.c.obj
 *fill*         0x100078f6        0x2 
 .rodata.ph_add_child_node.str1.4
                0x100078f8       0x2e CMakeFiles/AHT20.dir/C_/VSARM/sdk/pico/pico-sdk/src/common/pico_time/time.c.obj
 *fill*         0x10007926        0x2 
 .rodata.ph_insert_node.str1.4
                0x10007928        0x3 CMakeFiles/AHT20.dir/C_/VSARM/sdk/pico/pico-sdk/src/common/pico_time/time.c.obj
 *fill*         0x1000792b        0x1 
 .rodata.ph_free_node.str1.4
                0x1000792c       0x38 CMakeFiles/AHT20.dir/C_/VSARM/sdk/pico/pico-sdk/src/common/pico_time/time.c.obj
 .rodata.add_alarm_under_lock.str1.4
                0x10007964       0x28 CMakeFiles/AHT20.dir/C_/VSARM/sdk/pico/pico-sdk/src/common/pico_time/time.c.obj
 .rodata.alarm_pool_alarm_callback.str1.4
                0x1000798c       0x60 CMakeFiles/AHT20.dir/C_/VSARM/sdk/pico/pico-sdk/src/common/pico_time/time.c.obj
 .rodata.alarm_pool_get_default.str1.4
                0x100079ec       0x21 CMakeFiles/AHT20.dir/C_/VSARM/sdk/pico/pico-sdk/src/common/pico_time/time.c.obj
 *fill*         0x10007a0d        0x3 
 .rodata.alarm_pool_cancel_alarm.str1.4
                0x10007a10       0x27 CMakeFiles/AHT20.dir/C_/VSARM/sdk/pico/pico-sdk/src/common/pico_time/time.c.obj
 *fill*         0x10007a37        0x1 
 .rodata.sleep_until.str1.4
                0x10007a38       0x4d CMakeFiles/AHT20.dir/C_/VSARM/sdk/pico/pico-sdk/src/common/pico_time/time.c.obj
 *fill*         0x10007a85        0x3 
 .rodata.__func__.1
                0x10007a88       0x18 CMakeFiles/AHT20.dir/C_/VSARM/sdk/pico/pico-sdk/src/common/pico_time/time.c.obj
 .rodata.__func__.3
                0x10007aa0       0x17 CMakeFiles/AHT20.dir/C_/VSARM/sdk/pico/pico-sdk/src/common/pico_time/time.c.obj
 *fill*         0x10007ab7        0x1 
 .rodata.__func__.4
                0x10007ab8       0x12 CMakeFiles/AHT20.dir/C_/VSARM/sdk/pico/pico-sdk/src/common/pico_time/time.c.obj
 *fill*         0x10007aca        0x2 
 .rodata.__func__.5
                0x10007acc        0xd CMakeFiles/AHT20.dir/C_/VSARM/sdk/pico/pico-sdk/src/common/pico_time/time.c.obj
 *fill*         0x10007ad9        0x3 
 .rodata.__func__.6
                0x10007adc       0x12 CMakeFiles/AHT20.dir/C_/VSARM/sdk/pico/pico-sdk/src/common/pico_time/time.c.obj
 *fill*         0x10007aee        0x2 
 .rodata.__func__.7
                0x10007af0        0xf CMakeFiles/AHT20.dir/C_/VSARM/sdk/pico/pico-sdk/src/common/pico_time/time.c.obj
 *fill*         0x10007aff        0x1 
 .rodata.__func__.8
                0x10007b00        0xc CMakeFiles/AHT20.dir/C_/VSARM/sdk/pico/pico-sdk/src/common/pico_time/time.c.obj
 .rodata.__func__.9
                0x10007b0c       0x15 CMakeFiles/AHT20.dir/C_/VSARM/sdk/pico/pico-sdk/src/common/pico_time/time.c.obj
 *fill*         0x10007b21        0x3 
 .rodata.__func__.10
                0x10007b24       0x15 CMakeFiles/AHT20.dir/C_/VSARM/sdk/pico/pico-sdk/src/common/pico_time/time.c.obj
 *fill*         0x10007b39        0x3 
 .rodata.__func__.11
                0x10007b3c       0x1a CMakeFiles/AHT20.dir/C_/VSARM/sdk/pico/pico-sdk/src/common/pico_time/time.c.obj
 *fill*         0x10007b56        0x2 
 .rodata.__func__.12
                0x10007b58        0xa CMakeFiles/AHT20.dir/C_/VSARM/sdk/pico/pico-sdk/src/common/pico_time/time.c.obj
 *fill*         0x10007b62        0x2 
 .rodata.hardware_alarm_claim.str1.4
                0x10007b64       0x22 CMakeFiles/AHT20.dir/C_/VSARM/sdk/pico/pico-sdk/src/rp2_common/hardware_timer/timer.c.obj
 *fill*         0x10007b86        0x2 
 .rodata.hardware_alarm_set_target.str1.4
                0x10007b88       0x65 CMakeFiles/AHT20.dir/C_/VSARM/sdk/pico/pico-sdk/src/rp2_common/hardware_timer/timer.c.obj
 *fill*         0x10007bed        0x3 
 .rodata.__func__.0
                0x10007bf0       0x1a CMakeFiles/AHT20.dir/C_/VSARM/sdk/pico/pico-sdk/src/rp2_common/hardware_timer/timer.c.obj
 .rodata.ph_get_node.str1.4
                0x10007c0a       0x66 CMakeFiles/AHT20.dir/C_/VSARM/sdk/pico/pico-sdk/src/common/pico_util/pheap.c.obj
 .rodata.ph_add_child_node.str1.4
                0x10007c0a       0x2e CMakeFiles/AHT20.dir/C_/VSARM/sdk/pico/pico-sdk/src/common/pico_util/pheap.c.obj
 *fill*         0x10007c0a        0x2 
 .rodata.ph_remove_any_head.str1.4
                0x10007c0c       0x8c CMakeFiles/AHT20.dir/C_/VSARM/sdk/pico/pico-sdk/src/common/pico_util/pheap.c.obj
                                 0xa0 (size before relaxing)
 .rodata.ph_remove_and_free_node.str1.4
                0x10007c98       0x1e CMakeFiles/AHT20.dir/C_/VSARM/sdk/pico/pico-sdk/src/common/pico_util/pheap.c.obj
                                 0x26 (size before relaxing)
 *fill*         0x10007cb6        0x2 
 .rodata.__func__.0
                0x10007cb8       0x18 CMakeFiles/AHT20.dir/C_/VSARM/sdk/pico/pico-sdk/src/common/pico_util/pheap.c.obj
 .rodata.__func__.1
                0x10007cd0       0x13 CMakeFiles/AHT20.dir/C_/VSARM/sdk/pico/pico-sdk/src/common/pico_util/pheap.c.obj
 *fill*         0x10007ce3        0x1 
 .rodata.__func__.2
                0x10007ce4       0x12 CMakeFiles/AHT20.dir/C_/VSARM/sdk/pico/pico-sdk/src/common/pico_util/pheap.c.obj
 *fill*         0x10007cf6        0x2 
 .rodata.__func__.3
                0x10007cf8        0xc CMakeFiles/AHT20.dir/C_/VSARM/sdk/pico/pico-sdk/src/common/pico_util/pheap.c.obj
 .rodata.clock_configure.str1.4
                0x10007d04       0x57 CMakeFiles/AHT20.dir/C_/VSARM/sdk/pico/pico-sdk/src/rp2_common/hardware_clocks/clocks.c.obj
 *fill*         0x10007d5b        0x1 
 .rodata.__func__.1
                0x10007d5c       0x10 CMakeFiles/AHT20.dir/C_/VSARM/sdk/pico/pico-sdk/src/rp2_common/hardware_clocks/clocks.c.obj
 .rodata.pll_init.str1.4
                0x10007d6c      0x124 CMakeFiles/AHT20.dir/C_/VSARM/sdk/pico/pico-sdk/src/rp2_common/hardware_pll/pll.c.obj
 .rodata.__func__.0
                0x10007e90        0x9 CMakeFiles/AHT20.dir/C_/VSARM/sdk/pico/pico-sdk/src/rp2_common/hardware_pll/pll.c.obj
 *fill*         0x10007e99        0x3 
 .rodata.__assert_func.str1.4
                0x10007e9c       0x3f CMakeFiles/AHT20.dir/C_/VSARM/sdk/pico/pico-sdk/src/rp2_common/pico_runtime/runtime.c.obj
                                 0x43 (size before relaxing)
 *fill*         0x10007edb        0x1 
 .rodata.runtime_init.str1.4
                0x10007edc       0x61 CMakeFiles/AHT20.dir/C_/VSARM/sdk/pico/pico-sdk/src/rp2_common/pico_runtime/runtime.c.obj
 *fill*         0x10007f3d        0x3 
 .rodata.panic.str1.4
                0x10007f40       0x10 CMakeFiles/AHT20.dir/C_/VSARM/sdk/pico/pico-sdk/src/rp2_common/pico_runtime/runtime.c.obj
                                 0x12 (size before relaxing)
 .rodata.__func__.2
                0x10007f50        0xd CMakeFiles/AHT20.dir/C_/VSARM/sdk/pico/pico-sdk/src/rp2_common/pico_runtime/runtime.c.obj
 *fill*         0x10007f5d        0x3 
 .rodata._ftoa.str1.4
                0x10007f60       0x15 CMakeFiles/AHT20.dir/C_/VSARM/sdk/pico/pico-sdk/src/rp2_common/pico_printf/printf.c.obj
 *fill*         0x10007f75        0x3 
 .rodata._vsnprintf
                0x10007f78      0x19c CMakeFiles/AHT20.dir/C_/VSARM/sdk/pico/pico-sdk/src/rp2_common/pico_printf/printf.c.obj
 *fill*         0x10008114        0x4 
 .rodata.pow10.0
                0x10008118       0x50 CMakeFiles/AHT20.dir/C_/VSARM/sdk/pico/pico-sdk/src/rp2_common/pico_printf/printf.c.obj
 .rodata.__aeabi_double_init.str1.4
                0x10008168       0x9c CMakeFiles/AHT20.dir/C_/VSARM/sdk/pico/pico-sdk/src/rp2_common/pico_double/double_init_rom.c.obj
 .rodata.__func__.0
                0x10008204       0x14 CMakeFiles/AHT20.dir/C_/VSARM/sdk/pico/pico-sdk/src/rp2_common/pico_double/double_init_rom.c.obj
 .rodata.__aeabi_float_init.str1.4
                0x10008218       0x7a CMakeFiles/AHT20.dir/C_/VSARM/sdk/pico/pico-sdk/src/rp2_common/pico_float/float_init_rom.c.obj
                                 0x7e (size before relaxing)
 *fill*         0x10008292        0x2 
 .rodata.__func__.0
                0x10008294       0x13 CMakeFiles/AHT20.dir/C_/VSARM/sdk/pico/pico-sdk/src/rp2_common/pico_float/float_init_rom.c.obj
 *fill*         0x100082a7        0x1 
 .rodata.str1.4
                0x100082a8       0x3c CMakeFiles/AHT20.dir/C_/VSARM/sdk/pico/pico-sdk/src/rp2_common/pico_standard_link/binary_info.c.obj
 .rodata.__bi_81
                0x100082e4        0xc CMakeFiles/AHT20.dir/C_/VSARM/sdk/pico/pico-sdk/src/rp2_common/pico_standard_link/binary_info.c.obj
 .rodata.__bi_75
                0x100082f0        0xc CMakeFiles/AHT20.dir/C_/VSARM/sdk/pico/pico-sdk/src/rp2_common/pico_standard_link/binary_info.c.obj
 .rodata.__bi_44
                0x100082fc        0xc CMakeFiles/AHT20.dir/C_/VSARM/sdk/pico/pico-sdk/src/rp2_common/pico_standard_link/binary_info.c.obj
 .rodata.update_us_since_boot.str1.4
                0x10008308       0x61 CMakeFiles/AHT20.dir/C_/VSARM/sdk/pico/pico-sdk/src/rp2_common/pico_stdio/stdio.c.obj
 .rodata.crlf_str.2
                0x10008308        0x2 CMakeFiles/AHT20.dir/C_/VSARM/sdk/pico/pico-sdk/src/rp2_common/pico_stdio/stdio.c.obj
 *fill*         0x1000830a        0x2 
 .rodata.__func__.3
                0x1000830c       0x15 CMakeFiles/AHT20.dir/C_/VSARM/sdk/pico/pico-sdk/src/rp2_common/pico_stdio/stdio.c.obj
 *fill*         0x10008321        0x3 
 .rodata._resetd_driver
                0x10008324       0x18 CMakeFiles/AHT20.dir/C_/VSARM/sdk/pico/pico-sdk/src/rp2_common/pico_stdio_usb/reset_interface.c.obj
 .rodata.update_us_since_boot.str1.4
                0x1000833c       0x61 CMakeFiles/AHT20.dir/C_/VSARM/sdk/pico/pico-sdk/src/rp2_common/pico_stdio_usb/stdio_usb.c.obj
 .rodata.stdio_usb_init.str1.4
                0x1000833c       0x45 CMakeFiles/AHT20.dir/C_/VSARM/sdk/pico/pico-sdk/src/rp2_common/pico_stdio_usb/stdio_usb.c.obj
                                 0x4d (size before relaxing)
 *fill*         0x10008381        0x3 
 .rodata.str1.4
                0x10008384       0x13 CMakeFiles/AHT20.dir/C_/VSARM/sdk/pico/pico-sdk/src/rp2_common/pico_stdio_usb/stdio_usb.c.obj
 *fill*         0x10008397        0x1 
 .rodata.__bi_182.0
                0x10008398        0xc CMakeFiles/AHT20.dir/C_/VSARM/sdk/pico/pico-sdk/src/rp2_common/pico_stdio_usb/stdio_usb.c.obj
 .rodata.__func__.1
                0x100083a4        0xf CMakeFiles/AHT20.dir/C_/VSARM/sdk/pico/pico-sdk/src/rp2_common/pico_stdio_usb/stdio_usb.c.obj
 *fill*         0x100083b3        0x1 
 .rodata.__func__.3
                0x100083b4       0x15 CMakeFiles/AHT20.dir/C_/VSARM/sdk/pico/pico-sdk/src/rp2_common/pico_stdio_usb/stdio_usb.c.obj
 *fill*         0x100083c9        0x3 
 .rodata.str1.4
                0x100083cc       0x2a CMakeFiles/AHT20.dir/C_/VSARM/sdk/pico/pico-sdk/src/rp2_common/pico_stdio_usb/stdio_usb_descriptors.c.obj
 *fill*         0x100083f6        0x2 
 .rodata.usbd_desc_str
                0x100083f8       0x18 CMakeFiles/AHT20.dir/C_/VSARM/sdk/pico/pico-sdk/src/rp2_common/pico_stdio_usb/stdio_usb_descriptors.c.obj
 .rodata.usbd_desc_cfg
                0x10008410       0x54 CMakeFiles/AHT20.dir/C_/VSARM/sdk/pico/pico-sdk/src/rp2_common/pico_stdio_usb/stdio_usb_descriptors.c.obj
 .rodata.usbd_desc_device
                0x10008464       0x12 CMakeFiles/AHT20.dir/C_/VSARM/sdk/pico/pico-sdk/src/rp2_common/pico_stdio_usb/stdio_usb_descriptors.c.obj
 *fill*         0x10008476        0x2 
 .rodata.pico_get_unique_board_id_string.str1.4
                0x10008478       0x4d CMakeFiles/AHT20.dir/C_/VSARM/sdk/pico/pico-sdk/src/rp2_common/pico_unique_id/unique_id.c.obj
 *fill*         0x100084c5        0x3 
 .rodata.__func__.0
                0x100084c8       0x20 CMakeFiles/AHT20.dir/C_/VSARM/sdk/pico/pico-sdk/src/rp2_common/pico_unique_id/unique_id.c.obj
 .rodata.str1.4
                0x100084e8      0x15a CMakeFiles/AHT20.dir/C_/VSARM/sdk/pico/pico-sdk/src/rp2_common/hardware_flash/flash.c.obj
 *fill*         0x10008642        0x2 
 .rodata.__func__.0
                0x10008644        0xd CMakeFiles/AHT20.dir/C_/VSARM/sdk/pico/pico-sdk/src/rp2_common/hardware_flash/flash.c.obj
 *fill*         0x10008651        0x3 
 .rodata._hw_endpoint_alloc.str1.4
                0x10008654       0xb5 CMakeFiles/AHT20.dir/C_/VSARM/sdk/pico/pico-sdk/lib/tinyusb/src/portable/raspberrypi/rp2040/dcd_rp2040.c.obj
 *fill*         0x10008709        0x3 
 .rodata.str1.4
                0x1000870c       0x14 CMakeFiles/AHT20.dir/C_/VSARM/sdk/pico/pico-sdk/lib/tinyusb/src/portable/raspberrypi/rp2040/dcd_rp2040.c.obj
 .rodata.dcd_int_enable.str1.4
                0x10008720        0xc CMakeFiles/AHT20.dir/C_/VSARM/sdk/pico/pico-sdk/lib/tinyusb/src/portable/raspberrypi/rp2040/dcd_rp2040.c.obj
 .rodata.__func__.0
                0x1000872c        0xe CMakeFiles/AHT20.dir/C_/VSARM/sdk/pico/pico-sdk/lib/tinyusb/src/portable/raspberrypi/rp2040/dcd_rp2040.c.obj
 *fill*         0x1000873a        0x2 
 .rodata.__func__.1
                0x1000873c        0xe CMakeFiles/AHT20.dir/C_/VSARM/sdk/pico/pico-sdk/lib/tinyusb/src/portable/raspberrypi/rp2040/dcd_rp2040.c.obj
 *fill*         0x1000874a        0x2 
 .rodata.__func__.3
                0x1000874c       0x10 CMakeFiles/AHT20.dir/C_/VSARM/sdk/pico/pico-sdk/lib/tinyusb/src/portable/raspberrypi/rp2040/dcd_rp2040.c.obj
 .rodata.__func__.5
                0x1000875c        0xf CMakeFiles/AHT20.dir/C_/VSARM/sdk/pico/pico-sdk/lib/tinyusb/src/portable/raspberrypi/rp2040/dcd_rp2040.c.obj
 *fill*         0x1000876b        0x1 
 .rodata.__func__.6
                0x1000876c       0x13 CMakeFiles/AHT20.dir/C_/VSARM/sdk/pico/pico-sdk/lib/tinyusb/src/portable/raspberrypi/rp2040/dcd_rp2040.c.obj
 *fill*         0x1000877f        0x1 
 .rodata.__func__.7
                0x10008780        0x9 CMakeFiles/AHT20.dir/C_/VSARM/sdk/pico/pico-sdk/lib/tinyusb/src/portable/raspberrypi/rp2040/dcd_rp2040.c.obj
 *fill*         0x10008789        0x3 
 .rodata.str1.4
                0x1000878c       0xe7 CMakeFiles/AHT20.dir/C_/VSARM/sdk/pico/pico-sdk/lib/tinyusb/src/portable/raspberrypi/rp2040/rp2040_usb.c.obj
 *fill*         0x10008873        0x1 
 .rodata.__func__.0
                0x10008874        0xf CMakeFiles/AHT20.dir/C_/VSARM/sdk/pico/pico-sdk/lib/tinyusb/src/portable/raspberrypi/rp2040/rp2040_usb.c.obj
 *fill*         0x10008883        0x1 
 .rodata.process_get_descriptor
                0x10008884       0x40 CMakeFiles/AHT20.dir/C_/VSARM/sdk/pico/pico-sdk/lib/tinyusb/src/device/usbd.c.obj
 .rodata.process_control_request
                0x100088c4       0x28 CMakeFiles/AHT20.dir/C_/VSARM/sdk/pico/pico-sdk/lib/tinyusb/src/device/usbd.c.obj
 .rodata.tud_task_ext
                0x100088ec       0x24 CMakeFiles/AHT20.dir/C_/VSARM/sdk/pico/pico-sdk/lib/tinyusb/src/device/usbd.c.obj
 .rodata._usbd_driver
                0x10008910       0x18 CMakeFiles/AHT20.dir/C_/VSARM/sdk/pico/pico-sdk/lib/tinyusb/src/device/usbd.c.obj
 .rodata.i2c_set_baudrate.str1.4
                0x10008928       0x5d CMakeFiles/AHT20.dir/C_/VSARM/sdk/pico/pico-sdk/src/rp2_common/hardware_i2c/i2c.c.obj
 *fill*         0x10008985        0x3 
 .rodata.__func__.0
                0x10008988       0x11 CMakeFiles/AHT20.dir/C_/VSARM/sdk/pico/pico-sdk/src/rp2_common/hardware_i2c/i2c.c.obj
                0x1000899c                        . = ALIGN (0x4)
 *fill*         0x10008999        0x3 
 *(SORT_BY_ALIGNMENT(SORT_BY_NAME(.flashdata*)))
                0x1000899c                        . = ALIGN (0x4)

.ARM.extab
 *(.ARM.extab* .gnu.linkonce.armextab.*)
                0x1000899c                        __exidx_start = .

.ARM.exidx
 *(.ARM.exidx* .gnu.linkonce.armexidx.*)
                0x1000899c                        __exidx_end = .
                0x1000899c                        . = ALIGN (0x4)
                0x1000899c                        __binary_info_start = .

.binary_info    0x1000899c       0x20
 *(.binary_info.keep.*)
 .binary_info.keep.__bi_ptr81
                0x1000899c        0x4 CMakeFiles/AHT20.dir/C_/VSARM/sdk/pico/pico-sdk/src/rp2_common/pico_standard_link/binary_info.c.obj
 .binary_info.keep.__bi_ptr75
                0x100089a0        0x4 CMakeFiles/AHT20.dir/C_/VSARM/sdk/pico/pico-sdk/src/rp2_common/pico_standard_link/binary_info.c.obj
 .binary_info.keep.__bi_ptr50
                0x100089a4        0x4 CMakeFiles/AHT20.dir/C_/VSARM/sdk/pico/pico-sdk/src/rp2_common/pico_standard_link/binary_info.c.obj
 .binary_info.keep.__bi_ptr44
                0x100089a8        0x4 CMakeFiles/AHT20.dir/C_/VSARM/sdk/pico/pico-sdk/src/rp2_common/pico_standard_link/binary_info.c.obj
 .binary_info.keep.__bi_ptr38
                0x100089ac        0x4 CMakeFiles/AHT20.dir/C_/VSARM/sdk/pico/pico-sdk/src/rp2_common/pico_standard_link/binary_info.c.obj
 .binary_info.keep.__bi_ptr30
                0x100089b0        0x4 CMakeFiles/AHT20.dir/C_/VSARM/sdk/pico/pico-sdk/src/rp2_common/pico_standard_link/binary_info.c.obj
 .binary_info.keep.__bi_ptr22
                0x100089b4        0x4 CMakeFiles/AHT20.dir/C_/VSARM/sdk/pico/pico-sdk/src/rp2_common/pico_standard_link/binary_info.c.obj
 *(.binary_info.*)
 .binary_info.__bi_ptr182
                0x100089b8        0x4 CMakeFiles/AHT20.dir/C_/VSARM/sdk/pico/pico-sdk/src/rp2_common/pico_stdio_usb/stdio_usb.c.obj
                0x100089bc                        __binary_info_end = .

.rel.dyn        0x100089bc        0x0
 .rel.iplt      0x100089bc        0x0 c:/vsarm/armcc/125863~1.3re/bin/../lib/gcc/arm-none-eabi/12.3.1/thumb/v6-m/nofp/crtbegin.o
                0x100089bc                        . = ALIGN (0x4)

.ram_vector_table
                0x20000000       0xc0
 *(.ram_vector_table)
 .ram_vector_table
                0x20000000       0xc0 CMakeFiles/AHT20.dir/C_/VSARM/sdk/pico/pico-sdk/src/rp2_common/pico_runtime/runtime.c.obj
                0x20000000                ram_vector_table

.data           0x200000c0      0xb38 load address 0x100089bc
                0x200000c0                        __data_start__ = .
 *(vtable)
 *(.time_critical*)
 .time_critical.mutex_try_enter
                0x200000c0       0x46 CMakeFiles/AHT20.dir/C_/VSARM/sdk/pico/pico-sdk/src/common/pico_sync/mutex.c.obj
                0x200000c0                mutex_try_enter
 *fill*         0x20000106        0x2 
 .time_critical.mutex_enter_block_until
                0x20000108       0x8c CMakeFiles/AHT20.dir/C_/VSARM/sdk/pico/pico-sdk/src/common/pico_sync/mutex.c.obj
                0x20000108                mutex_enter_block_until
 .time_critical.mutex_try_enter_block_until
                0x20000194       0x34 CMakeFiles/AHT20.dir/C_/VSARM/sdk/pico/pico-sdk/src/common/pico_sync/mutex.c.obj
                0x20000194                mutex_try_enter_block_until
 .time_critical.mutex_enter_timeout_ms
                0x200001c8       0x1a CMakeFiles/AHT20.dir/C_/VSARM/sdk/pico/pico-sdk/src/common/pico_sync/mutex.c.obj
                0x200001c8                mutex_enter_timeout_ms
 *fill*         0x200001e2        0x2 
 .time_critical.mutex_exit
                0x200001e4       0x4c CMakeFiles/AHT20.dir/C_/VSARM/sdk/pico/pico-sdk/src/common/pico_sync/mutex.c.obj
                0x200001e4                mutex_exit
 .time_critical.flash_init_boot2_copyout
                0x20000230       0x30 CMakeFiles/AHT20.dir/C_/VSARM/sdk/pico/pico-sdk/src/rp2_common/hardware_flash/flash.c.obj
 .time_critical.flash_enable_xip_via_boot2
                0x20000260        0xc CMakeFiles/AHT20.dir/C_/VSARM/sdk/pico/pico-sdk/src/rp2_common/hardware_flash/flash.c.obj
 .time_critical.flash_cs_force
                0x2000026c       0x28 CMakeFiles/AHT20.dir/C_/VSARM/sdk/pico/pico-sdk/src/rp2_common/hardware_flash/flash.c.obj
 .time_critical.flash_do_cmd
                0x20000294       0xd8 CMakeFiles/AHT20.dir/C_/VSARM/sdk/pico/pico-sdk/src/rp2_common/hardware_flash/flash.c.obj
                0x20000294                flash_do_cmd
 .time_critical.reset_non_control_endpoints
                0x2000036c       0x40 CMakeFiles/AHT20.dir/C_/VSARM/sdk/pico/pico-sdk/lib/tinyusb/src/portable/raspberrypi/rp2040/dcd_rp2040.c.obj
 .time_critical.hw_handle_buff_status
                0x200003ac       0xa4 CMakeFiles/AHT20.dir/C_/VSARM/sdk/pico/pico-sdk/lib/tinyusb/src/portable/raspberrypi/rp2040/dcd_rp2040.c.obj
 .time_critical.dcd_rp2040_irq
                0x20000450      0x1b8 CMakeFiles/AHT20.dir/C_/VSARM/sdk/pico/pico-sdk/lib/tinyusb/src/portable/raspberrypi/rp2040/dcd_rp2040.c.obj
 .time_critical.e15_is_bulkin_ep
                0x20000608       0x2c CMakeFiles/AHT20.dir/C_/VSARM/sdk/pico/pico-sdk/lib/tinyusb/src/portable/raspberrypi/rp2040/rp2040_usb.c.obj
 .time_critical.e15_is_critical_frame_period
                0x20000634       0x30 CMakeFiles/AHT20.dir/C_/VSARM/sdk/pico/pico-sdk/lib/tinyusb/src/portable/raspberrypi/rp2040/rp2040_usb.c.obj
 .time_critical.prepare_ep_buffer
                0x20000664       0x6c CMakeFiles/AHT20.dir/C_/VSARM/sdk/pico/pico-sdk/lib/tinyusb/src/portable/raspberrypi/rp2040/rp2040_usb.c.obj
 .time_critical.sync_ep_buffer
                0x200006d0       0x7c CMakeFiles/AHT20.dir/C_/VSARM/sdk/pico/pico-sdk/lib/tinyusb/src/portable/raspberrypi/rp2040/rp2040_usb.c.obj
 .time_critical._hw_endpoint_xfer_sync
                0x2000074c       0x28 CMakeFiles/AHT20.dir/C_/VSARM/sdk/pico/pico-sdk/lib/tinyusb/src/portable/raspberrypi/rp2040/rp2040_usb.c.obj
 .time_critical.hw_endpoint_reset_transfer
                0x20000774        0xc CMakeFiles/AHT20.dir/C_/VSARM/sdk/pico/pico-sdk/lib/tinyusb/src/portable/raspberrypi/rp2040/rp2040_usb.c.obj
                0x20000774                hw_endpoint_reset_transfer
 .time_critical._hw_endpoint_buffer_control_update32
                0x20000780       0x58 CMakeFiles/AHT20.dir/C_/VSARM/sdk/pico/pico-sdk/lib/tinyusb/src/portable/raspberrypi/rp2040/rp2040_usb.c.obj
                0x20000780                _hw_endpoint_buffer_control_update32
 .time_critical.hw_endpoint_start_next_buffer
                0x200007d8       0x7c CMakeFiles/AHT20.dir/C_/VSARM/sdk/pico/pico-sdk/lib/tinyusb/src/portable/raspberrypi/rp2040/rp2040_usb.c.obj
                0x200007d8                hw_endpoint_start_next_buffer
 .time_critical.hw_endpoint_xfer_continue
                0x20000854       0x50 CMakeFiles/AHT20.dir/C_/VSARM/sdk/pico/pico-sdk/lib/tinyusb/src/portable/raspberrypi/rp2040/rp2040_usb.c.obj
                0x20000854                hw_endpoint_xfer_continue
 .time_critical.tinyusb
                0x200008a4      0x1ac CMakeFiles/AHT20.dir/C_/VSARM/sdk/pico/pico-sdk/lib/tinyusb/src/device/usbd.c.obj
                0x200008a4                dcd_event_handler
 *(.text*)
 .text          0x20000a50        0x4 c:/vsarm/armcc/125863~1.3re/bin/../lib/gcc/arm-none-eabi/12.3.1/thumb/v6-m/nofp\libgcc.a(_dvmd_tls.o)
                0x20000a50                __aeabi_idiv0
                0x20000a50                __aeabi_ldiv0
 *fill*         0x20000a54        0x4 
 .text.__stub   0x20000a58       0xa0 linker stubs
                0x20000af8                        . = ALIGN (0x4)
 *(.rodata*)
                0x20000af8                        . = ALIGN (0x4)
 *(.data*)
 .data.striped_spin_lock_num
                0x20000af8        0x1 CMakeFiles/AHT20.dir/C_/VSARM/sdk/pico/pico-sdk/src/rp2_common/hardware_sync/sync.c.obj
 *fill*         0x20000af9        0x3 
 .data          0x20000afc       0x48 CMakeFiles/AHT20.dir/C_/VSARM/sdk/pico/pico-sdk/src/rp2_common/hardware_irq/irq_handler_chain.S.obj
                0x20000afc                irq_handler_chain_slots
                0x20000b2c                irq_handler_chain_first_slot
                0x20000b36                irq_handler_chain_remove_tail
 .data.default_alarm_pool
                0x20000b44       0x18 CMakeFiles/AHT20.dir/C_/VSARM/sdk/pico/pico-sdk/src/common/pico_time/time.c.obj
 .data.default_alarm_pool_heap
                0x20000b5c       0x10 CMakeFiles/AHT20.dir/C_/VSARM/sdk/pico/pico-sdk/src/common/pico_time/time.c.obj
 *fill*         0x20000b6c        0x4 
 .data.aeabi_bits_funcs
                0x20000b70       0x10 CMakeFiles/AHT20.dir/C_/VSARM/sdk/pico/pico-sdk/src/rp2_common/pico_bit_ops/bit_ops_aeabi.S.obj
                0x20000b70                aeabi_bits_funcs
                0x20000b80                aeabi_bits_funcs_end
 .data.aeabi_mem_funcs
                0x20000b80       0x10 CMakeFiles/AHT20.dir/C_/VSARM/sdk/pico/pico-sdk/src/rp2_common/pico_mem_ops/mem_ops_aeabi.S.obj
                0x20000b80                aeabi_mem_funcs
                0x20000b90                aeabi_mem_funcs_end
 .data.stdio_usb
                0x20000b90       0x18 CMakeFiles/AHT20.dir/C_/VSARM/sdk/pico/pico-sdk/src/rp2_common/pico_stdio_usb/stdio_usb.c.obj
                0x20000b90                stdio_usb
 .data.ep_dir_string
                0x20000ba8        0x8 CMakeFiles/AHT20.dir/C_/VSARM/sdk/pico/pico-sdk/lib/tinyusb/src/portable/raspberrypi/rp2040/rp2040_usb.c.obj
                0x20000ba8                ep_dir_string
 .data._usbd_qdef